Archive member included to satisfy reference by file (symbol)

c:/program files/microchip/xc32/v2.41/bin/bin/../../lib/gcc/pic32c/6.2.1/../../../../pic32c/lib/v7e-m/fpv4-sp/hard\libpic32c.a(data_init.o)
                              build/sam_e54_xpro/production/_ext/68098787/startup_xc32.o (__pic32c_data_initialization)
c:/program files/microchip/xc32/v2.41/bin/bin/../../lib/gcc/pic32c/6.2.1/../../../../pic32c/lib/v7e-m/fpv4-sp/hard\libc_nano.a(lib_a-init.o)
                              build/sam_e54_xpro/production/_ext/68098787/startup_xc32.o (__libc_init_array)
c:/program files/microchip/xc32/v2.41/bin/bin/../../lib/gcc/pic32c/6.2.1/../../../../pic32c/lib/v7e-m/fpv4-sp/hard\libc_nano.a(lib_a-memcpy-stub.o)
                              build/sam_e54_xpro/production/_ext/1986180951/plib_nvmctrl.o (memcpy)

Microchip PIC32 Memory-Usage Report

ROM Program-Memory Usage
section                    address  length [bytes]      (dec)  Description
-------                 ----------  -------------------------  -----------
.vectors                         0          0x264         612   
.text                        0x264           0x20          32  App's exec code 
.text.CLOCK_Initialize       0x284           0xd0         208   
.text.Reset_Handler          0x354           0x90         144   
.text.__pic32c_data_ini      0x3e4           0x80         128   
.text.main                   0x464           0x48          72   
.text.__libc_init_array      0x4ac           0x48          72   
.text.TC0_TimerInitiali      0x4f4           0x44          68   
.text                        0x538           0x40          64  App's exec code 
.text.NVIC_Initialize        0x578           0x34          52   
.text.TC0_TimerInterrup      0x5ac           0x2c          44   
.dinit                       0x5d8           0x20          32   
.text.SYS_Initialize         0x5f8           0x1c          28   
.text.TC0_TimerStart         0x614           0x18          24   
.text.NVMCTRL_Initializ      0x62c           0x10          16   
.text.PORT_Initialize        0x63c           0x10          16   
.text.TC0_TimerCallback      0x64c            0xc          12   
.text.EVSYS_Initialize       0x658            0x2           2   
.text.Dummy_Handler          0x65a            0x2           2   
.text.NonMaskableInt_Ha      0x65c            0x2           2   
.text.HardFault_Handler      0x65e            0x2           2   
.text.DebugMonitor_Hand      0x660            0x2           2   
.text.MemoryManagement_      0x662            0x2           2   
.text.BusFault_Handler       0x664            0x2           2   
.text.UsageFault_Handle      0x666            0x2           2   
.text.Dummy_App_Func         0x668            0x2           2   
.text.TC0_Callback_Inte      0x66a            0x2           2   
      Total ROM used  :       0x66c        1644  0.2% of 0x100000
        --------------------------------------------------------------------------
         Total Program Memory used  :       0x66c        1644  0.2% of 0x100000
        --------------------------------------------------------------------------


RAM Data-Memory Usage
section                    address  length [bytes]      (dec)  Description
-------                 ----------  -------------------------  -----------
.bss                    0x20000000           0x1c          28  Uninitialized data 
.bss.TC0_CallbackObject 0x2000001c            0x8           8   
         Total RAM used  :        0x24          36  0.0% of 0x40000
        --------------------------------------------------------------------------
            Total Data Memory used  :        0x24          36  0.0% of 0x40000
        --------------------------------------------------------------------------


Dynamic Data-Memory Reservation
section                    address  length [bytes]      (dec)  Description
-------                 ----------  -------------------------  -----------
heap                    0x20000028          0x200         512  Reserved for heap 
stack                   0x20000240        0x3fdb0      261552  Reserved for stack 

        --------------------------------------------------------------------------

Discarded input sections

 .text          0x00000000        0x0 c:/program files/microchip/xc32/v2.41/bin/bin/../../lib/gcc/pic32c/6.2.1/v7e-m/fpv4-sp/hard/crti.o
 .data          0x00000000        0x0 c:/program files/microchip/xc32/v2.41/bin/bin/../../lib/gcc/pic32c/6.2.1/v7e-m/fpv4-sp/hard/crti.o
 .bss           0x00000000        0x0 c:/program files/microchip/xc32/v2.41/bin/bin/../../lib/gcc/pic32c/6.2.1/v7e-m/fpv4-sp/hard/crti.o
 .data          0x00000000        0x4 c:/program files/microchip/xc32/v2.41/bin/bin/../../lib/gcc/pic32c/6.2.1/v7e-m/fpv4-sp/hard/crtbegin.o
 .text          0x00000000        0x0 build/sam_e54_xpro/production/_ext/2056749927/plib_clock.o
 .data          0x00000000        0x0 build/sam_e54_xpro/production/_ext/2056749927/plib_clock.o
 .bss           0x00000000        0x0 build/sam_e54_xpro/production/_ext/2056749927/plib_clock.o
 .text          0x00000000        0x0 build/sam_e54_xpro/production/_ext/349294639/plib_cmcc.o
 .data          0x00000000        0x0 build/sam_e54_xpro/production/_ext/349294639/plib_cmcc.o
 .bss           0x00000000        0x0 build/sam_e54_xpro/production/_ext/349294639/plib_cmcc.o
 .text.CMCC_Disable
                0x00000000       0x18 build/sam_e54_xpro/production/_ext/349294639/plib_cmcc.o
 .text.CMCC_EnableICache
                0x00000000       0x28 build/sam_e54_xpro/production/_ext/349294639/plib_cmcc.o
 .text.CMCC_DisableICache
                0x00000000       0x28 build/sam_e54_xpro/production/_ext/349294639/plib_cmcc.o
 .text.CMCC_EnableDCache
                0x00000000       0x28 build/sam_e54_xpro/production/_ext/349294639/plib_cmcc.o
 .text.CMCC_DisableDCache
                0x00000000       0x28 build/sam_e54_xpro/production/_ext/349294639/plib_cmcc.o
 .text.CMCC_InvalidateAll
                0x00000000       0x20 build/sam_e54_xpro/production/_ext/349294639/plib_cmcc.o
 .debug_info    0x00000000      0x5a6 build/sam_e54_xpro/production/_ext/349294639/plib_cmcc.o
 .debug_abbrev  0x00000000       0x93 build/sam_e54_xpro/production/_ext/349294639/plib_cmcc.o
 .debug_aranges
                0x00000000       0x48 build/sam_e54_xpro/production/_ext/349294639/plib_cmcc.o
 .debug_ranges  0x00000000       0x38 build/sam_e54_xpro/production/_ext/349294639/plib_cmcc.o
 .debug_line    0x00000000      0x1c8 build/sam_e54_xpro/production/_ext/349294639/plib_cmcc.o
 .debug_str     0x00000000        0x0 build/sam_e54_xpro/production/_ext/349294639/plib_cmcc.o
 .comment       0x00000000       0x3d build/sam_e54_xpro/production/_ext/349294639/plib_cmcc.o
 .debug_frame   0x00000000       0x70 build/sam_e54_xpro/production/_ext/349294639/plib_cmcc.o
 .ARM.attributes
                0x00000000       0x39 build/sam_e54_xpro/production/_ext/349294639/plib_cmcc.o
 .text          0x00000000        0x0 build/sam_e54_xpro/production/_ext/2058899413/plib_evsys.o
 .data          0x00000000        0x0 build/sam_e54_xpro/production/_ext/2058899413/plib_evsys.o
 .bss           0x00000000        0x0 build/sam_e54_xpro/production/_ext/2058899413/plib_evsys.o
 .text          0x00000000        0x0 build/sam_e54_xpro/production/_ext/348958103/plib_nvic.o
 .data          0x00000000        0x0 build/sam_e54_xpro/production/_ext/348958103/plib_nvic.o
 .bss           0x00000000        0x0 build/sam_e54_xpro/production/_ext/348958103/plib_nvic.o
 .text.NVIC_INT_Enable
                0x00000000        0x8 build/sam_e54_xpro/production/_ext/348958103/plib_nvic.o
 .text.NVIC_INT_Disable
                0x00000000       0x12 build/sam_e54_xpro/production/_ext/348958103/plib_nvic.o
 .text.NVIC_INT_Restore
                0x00000000       0x12 build/sam_e54_xpro/production/_ext/348958103/plib_nvic.o
 .text          0x00000000        0x0 build/sam_e54_xpro/production/_ext/1986180951/plib_nvmctrl.o
 .data          0x00000000        0x0 build/sam_e54_xpro/production/_ext/1986180951/plib_nvmctrl.o
 .bss           0x00000000        0x0 build/sam_e54_xpro/production/_ext/1986180951/plib_nvmctrl.o
 .text.NVMCTRL_Read
                0x00000000       0x10 build/sam_e54_xpro/production/_ext/1986180951/plib_nvmctrl.o
 .text.NVMCTRL_SetWriteMode
                0x00000000       0x14 build/sam_e54_xpro/production/_ext/1986180951/plib_nvmctrl.o
 .text.NVMCTRL_QuadWordWrite
                0x00000000       0x4c build/sam_e54_xpro/production/_ext/1986180951/plib_nvmctrl.o
 .text.NVMCTRL_DoubleWordWrite
                0x00000000       0x40 build/sam_e54_xpro/production/_ext/1986180951/plib_nvmctrl.o
 .text.NVMCTRL_PageWrite
                0x00000000       0x38 build/sam_e54_xpro/production/_ext/1986180951/plib_nvmctrl.o
 .text.NVMCTRL_BlockErase
                0x00000000       0x1c build/sam_e54_xpro/production/_ext/1986180951/plib_nvmctrl.o
 .text.NVMCTRL_ErrorGet
                0x00000000       0x24 build/sam_e54_xpro/production/_ext/1986180951/plib_nvmctrl.o
 .text.NVMCTRL_StatusGet
                0x00000000        0xc build/sam_e54_xpro/production/_ext/1986180951/plib_nvmctrl.o
 .text.NVMCTRL_IsBusy
                0x00000000       0x10 build/sam_e54_xpro/production/_ext/1986180951/plib_nvmctrl.o
 .text.NVMCTRL_RegionLock
                0x00000000       0x10 build/sam_e54_xpro/production/_ext/1986180951/plib_nvmctrl.o
 .text.NVMCTRL_RegionUnlock
                0x00000000       0x10 build/sam_e54_xpro/production/_ext/1986180951/plib_nvmctrl.o
 .text.NVMCTRL_RegionLockStatusGet
                0x00000000        0xc build/sam_e54_xpro/production/_ext/1986180951/plib_nvmctrl.o
 .text.NVMCTRL_SmartEEPROM_IsBusy
                0x00000000       0x10 build/sam_e54_xpro/production/_ext/1986180951/plib_nvmctrl.o
 .text.NVMCTRL_SmartEEPROMStatusGet
                0x00000000        0xc build/sam_e54_xpro/production/_ext/1986180951/plib_nvmctrl.o
 .text.NVMCTRL_SmartEEPROM_IsActiveSectorFull
                0x00000000       0x10 build/sam_e54_xpro/production/_ext/1986180951/plib_nvmctrl.o
 .text.NVMCTRL_BankSwap
                0x00000000       0x10 build/sam_e54_xpro/production/_ext/1986180951/plib_nvmctrl.o
 .text.NVMCTRL_SmartEEPROMSectorReallocate
                0x00000000       0x10 build/sam_e54_xpro/production/_ext/1986180951/plib_nvmctrl.o
 .text.NVMCTRL_SmartEEPROMFlushPageBuffer
                0x00000000       0x18 build/sam_e54_xpro/production/_ext/1986180951/plib_nvmctrl.o
 .bss.nvm_error
                0x00000000        0x2 build/sam_e54_xpro/production/_ext/1986180951/plib_nvmctrl.o
 .text          0x00000000        0x0 build/sam_e54_xpro/production/_ext/348904952/plib_port.o
 .data          0x00000000        0x0 build/sam_e54_xpro/production/_ext/348904952/plib_port.o
 .bss           0x00000000        0x0 build/sam_e54_xpro/production/_ext/348904952/plib_port.o
 .text.PORT_GroupRead
                0x00000000        0x4 build/sam_e54_xpro/production/_ext/348904952/plib_port.o
 .text.PORT_GroupWrite
                0x00000000        0xc build/sam_e54_xpro/production/_ext/348904952/plib_port.o
 .text.PORT_GroupLatchRead
                0x00000000        0x4 build/sam_e54_xpro/production/_ext/348904952/plib_port.o
 .text.PORT_GroupSet
                0x00000000        0x4 build/sam_e54_xpro/production/_ext/348904952/plib_port.o
 .text.PORT_GroupClear
                0x00000000        0x4 build/sam_e54_xpro/production/_ext/348904952/plib_port.o
 .text.PORT_GroupToggle
                0x00000000        0x4 build/sam_e54_xpro/production/_ext/348904952/plib_port.o
 .text.PORT_GroupInputEnable
                0x00000000        0x4 build/sam_e54_xpro/production/_ext/348904952/plib_port.o
 .text.PORT_GroupOutputEnable
                0x00000000        0x4 build/sam_e54_xpro/production/_ext/348904952/plib_port.o
 .text.PORT_PinPeripheralFunctionConfig
                0x00000000       0x4a build/sam_e54_xpro/production/_ext/348904952/plib_port.o
 .text.PORT_PinGPIOConfig
                0x00000000       0x20 build/sam_e54_xpro/production/_ext/348904952/plib_port.o
 .text          0x00000000        0x0 build/sam_e54_xpro/production/_ext/1183993270/plib_tc0.o
 .data          0x00000000        0x0 build/sam_e54_xpro/production/_ext/1183993270/plib_tc0.o
 .bss           0x00000000        0x0 build/sam_e54_xpro/production/_ext/1183993270/plib_tc0.o
 .text.TC0_TimerStop
                0x00000000       0x18 build/sam_e54_xpro/production/_ext/1183993270/plib_tc0.o
 .text.TC0_TimerFrequencyGet
                0x00000000        0x6 build/sam_e54_xpro/production/_ext/1183993270/plib_tc0.o
 .text.TC0_TimerCommandSet
                0x00000000       0x18 build/sam_e54_xpro/production/_ext/1183993270/plib_tc0.o
 .text.TC0_Timer16bitCounterGet
                0x00000000       0x28 build/sam_e54_xpro/production/_ext/1183993270/plib_tc0.o
 .text.TC0_Timer16bitCounterSet
                0x00000000       0x14 build/sam_e54_xpro/production/_ext/1183993270/plib_tc0.o
 .text.TC0_Timer16bitPeriodSet
                0x00000000       0x14 build/sam_e54_xpro/production/_ext/1183993270/plib_tc0.o
 .text.TC0_Timer16bitPeriodGet
                0x00000000        0xc build/sam_e54_xpro/production/_ext/1183993270/plib_tc0.o
 .text          0x00000000        0x0 build/sam_e54_xpro/production/_ext/498645085/xc32_monitor.o
 .data          0x00000000        0x0 build/sam_e54_xpro/production/_ext/498645085/xc32_monitor.o
 .bss           0x00000000        0x0 build/sam_e54_xpro/production/_ext/498645085/xc32_monitor.o
 .text._mon_getc
                0x00000000        0x4 build/sam_e54_xpro/production/_ext/498645085/xc32_monitor.o
 .text._mon_putc
                0x00000000        0x2 build/sam_e54_xpro/production/_ext/498645085/xc32_monitor.o
 .debug_info    0x00000000      0x2b9 build/sam_e54_xpro/production/_ext/498645085/xc32_monitor.o
 .debug_abbrev  0x00000000       0x75 build/sam_e54_xpro/production/_ext/498645085/xc32_monitor.o
 .debug_loc     0x00000000       0x21 build/sam_e54_xpro/production/_ext/498645085/xc32_monitor.o
 .debug_aranges
                0x00000000       0x28 build/sam_e54_xpro/production/_ext/498645085/xc32_monitor.o
 .debug_ranges  0x00000000       0x18 build/sam_e54_xpro/production/_ext/498645085/xc32_monitor.o
 .debug_line    0x00000000       0x6f build/sam_e54_xpro/production/_ext/498645085/xc32_monitor.o
 .debug_str     0x00000000        0x0 build/sam_e54_xpro/production/_ext/498645085/xc32_monitor.o
 .comment       0x00000000       0x3d build/sam_e54_xpro/production/_ext/498645085/xc32_monitor.o
 .debug_frame   0x00000000       0x30 build/sam_e54_xpro/production/_ext/498645085/xc32_monitor.o
 .ARM.attributes
                0x00000000       0x39 build/sam_e54_xpro/production/_ext/498645085/xc32_monitor.o
 .text          0x00000000        0x0 build/sam_e54_xpro/production/_ext/68098787/initialization.o
 .data          0x00000000        0x0 build/sam_e54_xpro/production/_ext/68098787/initialization.o
 .bss           0x00000000        0x0 build/sam_e54_xpro/production/_ext/68098787/initialization.o
 .text          0x00000000        0x0 build/sam_e54_xpro/production/_ext/68098787/interrupts.o
 .data          0x00000000        0x0 build/sam_e54_xpro/production/_ext/68098787/interrupts.o
 .bss           0x00000000        0x0 build/sam_e54_xpro/production/_ext/68098787/interrupts.o
 .text          0x00000000        0x0 build/sam_e54_xpro/production/_ext/68098787/exceptions.o
 .data          0x00000000        0x0 build/sam_e54_xpro/production/_ext/68098787/exceptions.o
 .bss           0x00000000        0x0 build/sam_e54_xpro/production/_ext/68098787/exceptions.o
 .text          0x00000000        0x0 build/sam_e54_xpro/production/_ext/68098787/startup_xc32.o
 .data          0x00000000        0x0 build/sam_e54_xpro/production/_ext/68098787/startup_xc32.o
 .bss           0x00000000        0x0 build/sam_e54_xpro/production/_ext/68098787/startup_xc32.o
 .text          0x00000000        0x0 build/sam_e54_xpro/production/_ext/68098787/libc_syscalls.o
 .data          0x00000000        0x0 build/sam_e54_xpro/production/_ext/68098787/libc_syscalls.o
 .bss           0x00000000        0x0 build/sam_e54_xpro/production/_ext/68098787/libc_syscalls.o
 .text._exit    0x00000000        0x2 build/sam_e54_xpro/production/_ext/68098787/libc_syscalls.o
 .debug_info    0x00000000      0xed2 build/sam_e54_xpro/production/_ext/68098787/libc_syscalls.o
 .debug_abbrev  0x00000000      0x1a8 build/sam_e54_xpro/production/_ext/68098787/libc_syscalls.o
 .debug_aranges
                0x00000000       0x20 build/sam_e54_xpro/production/_ext/68098787/libc_syscalls.o
 .debug_ranges  0x00000000       0x10 build/sam_e54_xpro/production/_ext/68098787/libc_syscalls.o
 .debug_line    0x00000000      0x1d4 build/sam_e54_xpro/production/_ext/68098787/libc_syscalls.o
 .debug_str     0x00000000        0xe build/sam_e54_xpro/production/_ext/68098787/libc_syscalls.o
 .comment       0x00000000       0x3d build/sam_e54_xpro/production/_ext/68098787/libc_syscalls.o
 .debug_frame   0x00000000       0x20 build/sam_e54_xpro/production/_ext/68098787/libc_syscalls.o
 .ARM.attributes
                0x00000000       0x39 build/sam_e54_xpro/production/_ext/68098787/libc_syscalls.o
 .text          0x00000000        0x0 build/sam_e54_xpro/production/_ext/1360937237/main.o
 .data          0x00000000        0x0 build/sam_e54_xpro/production/_ext/1360937237/main.o
 .bss           0x00000000        0x0 build/sam_e54_xpro/production/_ext/1360937237/main.o
 .text          0x00000000        0x0 c:/program files/microchip/xc32/v2.41/bin/bin/../../lib/gcc/pic32c/6.2.1/../../../../pic32c/lib/v7e-m/fpv4-sp/hard\libpic32c.a(data_init.o)
 .data          0x00000000        0x0 c:/program files/microchip/xc32/v2.41/bin/bin/../../lib/gcc/pic32c/6.2.1/../../../../pic32c/lib/v7e-m/fpv4-sp/hard\libpic32c.a(data_init.o)
 .bss           0x00000000        0x0 c:/program files/microchip/xc32/v2.41/bin/bin/../../lib/gcc/pic32c/6.2.1/../../../../pic32c/lib/v7e-m/fpv4-sp/hard\libpic32c.a(data_init.o)
 .text          0x00000000        0x0 c:/program files/microchip/xc32/v2.41/bin/bin/../../lib/gcc/pic32c/6.2.1/../../../../pic32c/lib/v7e-m/fpv4-sp/hard\libc_nano.a(lib_a-init.o)
 .data          0x00000000        0x0 c:/program files/microchip/xc32/v2.41/bin/bin/../../lib/gcc/pic32c/6.2.1/../../../../pic32c/lib/v7e-m/fpv4-sp/hard\libc_nano.a(lib_a-init.o)
 .bss           0x00000000        0x0 c:/program files/microchip/xc32/v2.41/bin/bin/../../lib/gcc/pic32c/6.2.1/../../../../pic32c/lib/v7e-m/fpv4-sp/hard\libc_nano.a(lib_a-init.o)
 .text          0x00000000        0x0 c:/program files/microchip/xc32/v2.41/bin/bin/../../lib/gcc/pic32c/6.2.1/../../../../pic32c/lib/v7e-m/fpv4-sp/hard\libc_nano.a(lib_a-memcpy-stub.o)
 .data          0x00000000        0x0 c:/program files/microchip/xc32/v2.41/bin/bin/../../lib/gcc/pic32c/6.2.1/../../../../pic32c/lib/v7e-m/fpv4-sp/hard\libc_nano.a(lib_a-memcpy-stub.o)
 .bss           0x00000000        0x0 c:/program files/microchip/xc32/v2.41/bin/bin/../../lib/gcc/pic32c/6.2.1/../../../../pic32c/lib/v7e-m/fpv4-sp/hard\libc_nano.a(lib_a-memcpy-stub.o)
 .text.memcpy   0x00000000       0x16 c:/program files/microchip/xc32/v2.41/bin/bin/../../lib/gcc/pic32c/6.2.1/../../../../pic32c/lib/v7e-m/fpv4-sp/hard\libc_nano.a(lib_a-memcpy-stub.o)
 .debug_info    0x00000000      0xe68 c:/program files/microchip/xc32/v2.41/bin/bin/../../lib/gcc/pic32c/6.2.1/../../../../pic32c/lib/v7e-m/fpv4-sp/hard\libc_nano.a(lib_a-memcpy-stub.o)
 .debug_abbrev  0x00000000      0x17c c:/program files/microchip/xc32/v2.41/bin/bin/../../lib/gcc/pic32c/6.2.1/../../../../pic32c/lib/v7e-m/fpv4-sp/hard\libc_nano.a(lib_a-memcpy-stub.o)
 .debug_loc     0x00000000       0xb2 c:/program files/microchip/xc32/v2.41/bin/bin/../../lib/gcc/pic32c/6.2.1/../../../../pic32c/lib/v7e-m/fpv4-sp/hard\libc_nano.a(lib_a-memcpy-stub.o)
 .debug_aranges
                0x00000000       0x20 c:/program files/microchip/xc32/v2.41/bin/bin/../../lib/gcc/pic32c/6.2.1/../../../../pic32c/lib/v7e-m/fpv4-sp/hard\libc_nano.a(lib_a-memcpy-stub.o)
 .debug_ranges  0x00000000       0x10 c:/program files/microchip/xc32/v2.41/bin/bin/../../lib/gcc/pic32c/6.2.1/../../../../pic32c/lib/v7e-m/fpv4-sp/hard\libc_nano.a(lib_a-memcpy-stub.o)
 .debug_line    0x00000000      0x218 c:/program files/microchip/xc32/v2.41/bin/bin/../../lib/gcc/pic32c/6.2.1/../../../../pic32c/lib/v7e-m/fpv4-sp/hard\libc_nano.a(lib_a-memcpy-stub.o)
 .debug_str     0x00000000        0x9 c:/program files/microchip/xc32/v2.41/bin/bin/../../lib/gcc/pic32c/6.2.1/../../../../pic32c/lib/v7e-m/fpv4-sp/hard\libc_nano.a(lib_a-memcpy-stub.o)
 .comment       0x00000000       0x3d c:/program files/microchip/xc32/v2.41/bin/bin/../../lib/gcc/pic32c/6.2.1/../../../../pic32c/lib/v7e-m/fpv4-sp/hard\libc_nano.a(lib_a-memcpy-stub.o)
 .debug_frame   0x00000000       0x28 c:/program files/microchip/xc32/v2.41/bin/bin/../../lib/gcc/pic32c/6.2.1/../../../../pic32c/lib/v7e-m/fpv4-sp/hard\libc_nano.a(lib_a-memcpy-stub.o)
 .ARM.attributes
                0x00000000       0x34 c:/program files/microchip/xc32/v2.41/bin/bin/../../lib/gcc/pic32c/6.2.1/../../../../pic32c/lib/v7e-m/fpv4-sp/hard\libc_nano.a(lib_a-memcpy-stub.o)
 .text          0x00000000        0x0 c:/program files/microchip/xc32/v2.41/bin/bin/../../lib/gcc/pic32c/6.2.1/v7e-m/fpv4-sp/hard/crtend.o
 .data          0x00000000        0x0 c:/program files/microchip/xc32/v2.41/bin/bin/../../lib/gcc/pic32c/6.2.1/v7e-m/fpv4-sp/hard/crtend.o
 .bss           0x00000000        0x0 c:/program files/microchip/xc32/v2.41/bin/bin/../../lib/gcc/pic32c/6.2.1/v7e-m/fpv4-sp/hard/crtend.o
 .eh_frame      0x00000000        0x4 c:/program files/microchip/xc32/v2.41/bin/bin/../../lib/gcc/pic32c/6.2.1/v7e-m/fpv4-sp/hard/crtend.o
 .comment       0x00000000       0x3d c:/program files/microchip/xc32/v2.41/bin/bin/../../lib/gcc/pic32c/6.2.1/v7e-m/fpv4-sp/hard/crtend.o
 .ARM.attributes
                0x00000000       0x34 c:/program files/microchip/xc32/v2.41/bin/bin/../../lib/gcc/pic32c/6.2.1/v7e-m/fpv4-sp/hard/crtend.o
 .text          0x00000000        0x0 c:/program files/microchip/xc32/v2.41/bin/bin/../../lib/gcc/pic32c/6.2.1/v7e-m/fpv4-sp/hard/crtn.o
 .data          0x00000000        0x0 c:/program files/microchip/xc32/v2.41/bin/bin/../../lib/gcc/pic32c/6.2.1/v7e-m/fpv4-sp/hard/crtn.o
 .bss           0x00000000        0x0 c:/program files/microchip/xc32/v2.41/bin/bin/../../lib/gcc/pic32c/6.2.1/v7e-m/fpv4-sp/hard/crtn.o

Memory Configuration

Name             Origin             Length             Attributes
rom              0x00000000         0x00100000         xrl
ram              0x20000000         0x00040000         xw !r
config_00804000  0x00804000         0x00000004
config_00804008  0x00804008         0x00000004
config_00804004  0x00804004         0x00000004
*default*        0x00000000         0xffffffff

Linker script and memory map

LOAD c:/program files/microchip/xc32/v2.41/bin/bin/../../lib/gcc/pic32c/6.2.1/v7e-m/fpv4-sp/hard/crti.o
LOAD c:/program files/microchip/xc32/v2.41/bin/bin/../../lib/gcc/pic32c/6.2.1/v7e-m/fpv4-sp/hard/crtbegin.o
LOAD build/sam_e54_xpro/production/_ext/2056749927/plib_clock.o
LOAD build/sam_e54_xpro/production/_ext/349294639/plib_cmcc.o
LOAD build/sam_e54_xpro/production/_ext/2058899413/plib_evsys.o
LOAD build/sam_e54_xpro/production/_ext/348958103/plib_nvic.o
LOAD build/sam_e54_xpro/production/_ext/1986180951/plib_nvmctrl.o
LOAD build/sam_e54_xpro/production/_ext/348904952/plib_port.o
LOAD build/sam_e54_xpro/production/_ext/1183993270/plib_tc0.o
LOAD build/sam_e54_xpro/production/_ext/498645085/xc32_monitor.o
LOAD build/sam_e54_xpro/production/_ext/68098787/initialization.o
LOAD build/sam_e54_xpro/production/_ext/68098787/interrupts.o
LOAD build/sam_e54_xpro/production/_ext/68098787/exceptions.o
LOAD build/sam_e54_xpro/production/_ext/68098787/startup_xc32.o
LOAD build/sam_e54_xpro/production/_ext/68098787/libc_syscalls.o
LOAD build/sam_e54_xpro/production/_ext/1360937237/main.o
                0x00000001                __MPLAB_BUILD = 0x1
                0x00100000                __rom_end = (ORIGIN (rom) + LENGTH (rom))
                0x20040000                __ram_end = (ORIGIN (ram) + LENGTH (ram))

.config_00804000
                0x00804000        0x4
 *(.config_00804000)
 .config_00804000
                0x00804000        0x4 build/sam_e54_xpro/production/_ext/68098787/initialization.o

.config_00804008
                0x00804008        0x4
 *(.config_00804008)
 .config_00804008
                0x00804008        0x4 build/sam_e54_xpro/production/_ext/68098787/initialization.o

.config_00804004
                0x00804004        0x4
 *(.config_00804004)
 .config_00804004
                0x00804004        0x4 build/sam_e54_xpro/production/_ext/68098787/initialization.o

.vectors        0x00000000      0x264
                0x00000000                . = ALIGN (0x4)
                0x00000000                _sfixed = .
 *(.vectors .vectors.* .vectors_default .vectors_default.*)
 .vectors       0x00000000      0x264 build/sam_e54_xpro/production/_ext/68098787/interrupts.o
                0x00000000                exception_table
 *(.isr_vector)
 *(.reset*)
 *(.after_vectors)

.text           0x00000264       0x20
                0x00000264                . = ALIGN (0x4)
 *(.glue_7t)
 .glue_7t       0x00000264        0x0 linker stubs
 *(.glue_7)
 .glue_7        0x00000264        0x0 linker stubs
 *(.gnu.linkonce.r.*)
 *(.ARM.extab* .gnu.linkonce.armextab.*)
                0x00000264                . = ALIGN (0x4)
 *(.init)
 .init          0x00000264        0x4 c:/program files/microchip/xc32/v2.41/bin/bin/../../lib/gcc/pic32c/6.2.1/v7e-m/fpv4-sp/hard/crti.o
                0x00000264                _init
 .init          0x00000268        0x8 c:/program files/microchip/xc32/v2.41/bin/bin/../../lib/gcc/pic32c/6.2.1/v7e-m/fpv4-sp/hard/crtn.o
                0x00000270                . = ALIGN (0x4)
                0x00000270                __preinit_array_start = .
 *(.preinit_array)
                0x00000270                __preinit_array_end = .
                0x00000270                . = ALIGN (0x4)
                0x00000270                __init_array_start = .
 *(SORT(.init_array.*))
 *(.init_array)
 .init_array    0x00000270        0x4 c:/program files/microchip/xc32/v2.41/bin/bin/../../lib/gcc/pic32c/6.2.1/v7e-m/fpv4-sp/hard/crtbegin.o
                0x00000274                __init_array_end = .
                0x00000274                . = ALIGN (0x4)
 *crtbegin.o(.ctors)
 *(EXCLUDE_FILE(*crtend.o) .ctors)
 *(SORT(.ctors.*))
 *crtend.o(.ctors)
                0x00000274                . = ALIGN (0x4)
 *(.fini)
 .fini          0x00000274        0x4 c:/program files/microchip/xc32/v2.41/bin/bin/../../lib/gcc/pic32c/6.2.1/v7e-m/fpv4-sp/hard/crti.o
                0x00000274                _fini
 .fini          0x00000278        0x8 c:/program files/microchip/xc32/v2.41/bin/bin/../../lib/gcc/pic32c/6.2.1/v7e-m/fpv4-sp/hard/crtn.o
                0x00000280                . = ALIGN (0x4)
                0x00000280                __fini_array_start = .
 *(.fini_array)
 .fini_array    0x00000280        0x4 c:/program files/microchip/xc32/v2.41/bin/bin/../../lib/gcc/pic32c/6.2.1/v7e-m/fpv4-sp/hard/crtbegin.o
 *(SORT(.fini_array.*))
                0x00000284                __fini_array_end = .
 *crtbegin.o(.dtors)
 *(EXCLUDE_FILE(*crtend.o) .dtors)
 *(SORT(.dtors.*))
 *crtend.o(.dtors)
                0x00000284                . = ALIGN (0x4)
                0x00000284                _efixed = .
                [!provide]                PROVIDE (__exidx_start, .)

.ARM.exidx
 *(.ARM.exidx* .gnu.linkonce.armexidx.*)
                [!provide]                PROVIDE (__exidx_end, .)
                0x00000284                . = ALIGN (0x4)
                0x00000284                _etext = .

.bss            0x20000000        0x0
                0x20000000                . = ALIGN (0x4)
                0x20000000                __bss_start__ = .
                0x20000000                _sbss = .
                0x20000000                _szero = .
 *(COMMON)
                0x20000000                . = ALIGN (0x4)
                0x20000000                __bss_end__ = .
                0x20000000                _ebss = .
                0x20000000                _ezero = .
                0x20000000                . = ALIGN (0x4)
                0x20000000                _end = .
                0x2003ffff                _ram_end_ = ((ORIGIN (ram) + LENGTH (ram)) - 0x1)
                0x00000200                _min_heap_size = 0x200
START GROUP
LOAD c:/program files/microchip/xc32/v2.41/bin/bin/../../lib/gcc/pic32c/6.2.1/../../../../pic32c/lib/v7e-m/fpv4-sp/hard\libpic32c.a
LOAD c:/program files/microchip/xc32/v2.41/bin/bin/../../lib/gcc/pic32c/6.2.1/v7e-m/fpv4-sp/hard\libgcc.a
LOAD c:/program files/microchip/xc32/v2.41/bin/bin/../../lib/gcc/pic32c/6.2.1/../../../../pic32c/lib/v7e-m/fpv4-sp/hard\libm_nano.a
LOAD c:/program files/microchip/xc32/v2.41/bin/bin/../../lib/gcc/pic32c/6.2.1/../../../../pic32c/lib/v7e-m/fpv4-sp/hard\libc_nano.a
END GROUP
LOAD c:/program files/microchip/xc32/v2.41/bin/bin/../../lib/gcc/pic32c/6.2.1/v7e-m/fpv4-sp/hard/crtend.o
LOAD c:/program files/microchip/xc32/v2.41/bin/bin/../../lib/gcc/pic32c/6.2.1/v7e-m/fpv4-sp/hard/crtn.o
OUTPUT(dist/sam_e54_xpro/production/sam_e54_xpro.X.production.elf elf32-littlearm)
LOAD stack
LOAD data_init

.ARM.attributes
                0x00000000       0x32
 .ARM.attributes
                0x00000000       0x22 c:/program files/microchip/xc32/v2.41/bin/bin/../../lib/gcc/pic32c/6.2.1/v7e-m/fpv4-sp/hard/crti.o
 .ARM.attributes
                0x00000022       0x34 c:/program files/microchip/xc32/v2.41/bin/bin/../../lib/gcc/pic32c/6.2.1/v7e-m/fpv4-sp/hard/crtbegin.o
 .ARM.attributes
                0x00000056       0x39 build/sam_e54_xpro/production/_ext/2056749927/plib_clock.o
 .ARM.attributes
                0x0000008f       0x39 build/sam_e54_xpro/production/_ext/2058899413/plib_evsys.o
 .ARM.attributes
                0x000000c8       0x39 build/sam_e54_xpro/production/_ext/348958103/plib_nvic.o
 .ARM.attributes
                0x00000101       0x39 build/sam_e54_xpro/production/_ext/1986180951/plib_nvmctrl.o
 .ARM.attributes
                0x0000013a       0x39 build/sam_e54_xpro/production/_ext/348904952/plib_port.o
 .ARM.attributes
                0x00000173       0x39 build/sam_e54_xpro/production/_ext/1183993270/plib_tc0.o
 .ARM.attributes
                0x000001ac       0x39 build/sam_e54_xpro/production/_ext/68098787/initialization.o
 .ARM.attributes
                0x000001e5       0x39 build/sam_e54_xpro/production/_ext/68098787/interrupts.o
 .ARM.attributes
                0x0000021e       0x39 build/sam_e54_xpro/production/_ext/68098787/exceptions.o
 .ARM.attributes
                0x00000257       0x39 build/sam_e54_xpro/production/_ext/68098787/startup_xc32.o
 .ARM.attributes
                0x00000290       0x39 build/sam_e54_xpro/production/_ext/1360937237/main.o
 .ARM.attributes
                0x000002c9       0x34 c:/program files/microchip/xc32/v2.41/bin/bin/../../lib/gcc/pic32c/6.2.1/../../../../pic32c/lib/v7e-m/fpv4-sp/hard\libpic32c.a(data_init.o)
 .ARM.attributes
                0x000002fd       0x34 c:/program files/microchip/xc32/v2.41/bin/bin/../../lib/gcc/pic32c/6.2.1/../../../../pic32c/lib/v7e-m/fpv4-sp/hard\libc_nano.a(lib_a-init.o)
 .ARM.attributes
                0x00000331       0x22 c:/program files/microchip/xc32/v2.41/bin/bin/../../lib/gcc/pic32c/6.2.1/v7e-m/fpv4-sp/hard/crtn.o

.comment        0x00000000       0x3c
 .comment       0x00000000       0x3c c:/program files/microchip/xc32/v2.41/bin/bin/../../lib/gcc/pic32c/6.2.1/v7e-m/fpv4-sp/hard/crtbegin.o
                                 0x3d (size before relaxing)
 .comment       0x0000003c       0x3d build/sam_e54_xpro/production/_ext/2056749927/plib_clock.o
 .comment       0x0000003c       0x3d build/sam_e54_xpro/production/_ext/2058899413/plib_evsys.o
 .comment       0x0000003c       0x3d build/sam_e54_xpro/production/_ext/348958103/plib_nvic.o
 .comment       0x0000003c       0x3d build/sam_e54_xpro/production/_ext/1986180951/plib_nvmctrl.o
 .comment       0x0000003c       0x3d build/sam_e54_xpro/production/_ext/348904952/plib_port.o
 .comment       0x0000003c       0x3d build/sam_e54_xpro/production/_ext/1183993270/plib_tc0.o
 .comment       0x0000003c       0x3d build/sam_e54_xpro/production/_ext/68098787/initialization.o
 .comment       0x0000003c       0x3d build/sam_e54_xpro/production/_ext/68098787/interrupts.o
 .comment       0x0000003c       0x3d build/sam_e54_xpro/production/_ext/68098787/exceptions.o
 .comment       0x0000003c       0x3d build/sam_e54_xpro/production/_ext/68098787/startup_xc32.o
 .comment       0x0000003c       0x3d build/sam_e54_xpro/production/_ext/1360937237/main.o
 .comment       0x0000003c       0x3d c:/program files/microchip/xc32/v2.41/bin/bin/../../lib/gcc/pic32c/6.2.1/../../../../pic32c/lib/v7e-m/fpv4-sp/hard\libpic32c.a(data_init.o)
 .comment       0x0000003c       0x3d c:/program files/microchip/xc32/v2.41/bin/bin/../../lib/gcc/pic32c/6.2.1/../../../../pic32c/lib/v7e-m/fpv4-sp/hard\libc_nano.a(lib_a-init.o)

.debug_info     0x00000000     0x97dc
 .debug_info    0x00000000      0xb88 build/sam_e54_xpro/production/_ext/2056749927/plib_clock.o
 .debug_info    0x00000b88      0x377 build/sam_e54_xpro/production/_ext/2058899413/plib_evsys.o
 .debug_info    0x00000eff     0x13a5 build/sam_e54_xpro/production/_ext/348958103/plib_nvic.o
 .debug_info    0x000022a4     0x174e build/sam_e54_xpro/production/_ext/1986180951/plib_nvmctrl.o
 .debug_info    0x000039f2     0x10df build/sam_e54_xpro/production/_ext/348904952/plib_port.o
 .debug_info    0x00004ad1      0xc78 build/sam_e54_xpro/production/_ext/1183993270/plib_tc0.o
 .debug_info    0x00005749      0x405 build/sam_e54_xpro/production/_ext/68098787/initialization.o
 .debug_info    0x00005b4e     0x169e build/sam_e54_xpro/production/_ext/68098787/interrupts.o
 .debug_info    0x000071ec      0x42b build/sam_e54_xpro/production/_ext/68098787/exceptions.o
 .debug_info    0x00007617      0x900 build/sam_e54_xpro/production/_ext/68098787/startup_xc32.o
 .debug_info    0x00007f17     0x1204 build/sam_e54_xpro/production/_ext/1360937237/main.o
 .debug_info    0x0000911b      0x2a2 c:/program files/microchip/xc32/v2.41/bin/bin/../../lib/gcc/pic32c/6.2.1/../../../../pic32c/lib/v7e-m/fpv4-sp/hard\libpic32c.a(data_init.o)
 .debug_info    0x000093bd      0x41f c:/program files/microchip/xc32/v2.41/bin/bin/../../lib/gcc/pic32c/6.2.1/../../../../pic32c/lib/v7e-m/fpv4-sp/hard\libc_nano.a(lib_a-init.o)

.debug_abbrev   0x00000000      0xfef
 .debug_abbrev  0x00000000      0x114 build/sam_e54_xpro/production/_ext/2056749927/plib_clock.o
 .debug_abbrev  0x00000114       0x5e build/sam_e54_xpro/production/_ext/2058899413/plib_evsys.o
 .debug_abbrev  0x00000172      0x1da build/sam_e54_xpro/production/_ext/348958103/plib_nvic.o
 .debug_abbrev  0x0000034c      0x2ba build/sam_e54_xpro/production/_ext/1986180951/plib_nvmctrl.o
 .debug_abbrev  0x00000606      0x1bf build/sam_e54_xpro/production/_ext/348904952/plib_port.o
 .debug_abbrev  0x000007c5      0x1c7 build/sam_e54_xpro/production/_ext/1183993270/plib_tc0.o
 .debug_abbrev  0x0000098c       0xa5 build/sam_e54_xpro/production/_ext/68098787/initialization.o
 .debug_abbrev  0x00000a31       0xb2 build/sam_e54_xpro/production/_ext/68098787/interrupts.o
 .debug_abbrev  0x00000ae3       0x61 build/sam_e54_xpro/production/_ext/68098787/exceptions.o
 .debug_abbrev  0x00000b44      0x1cd build/sam_e54_xpro/production/_ext/68098787/startup_xc32.o
 .debug_abbrev  0x00000d11      0x211 build/sam_e54_xpro/production/_ext/1360937237/main.o
 .debug_abbrev  0x00000f22       0x2a c:/program files/microchip/xc32/v2.41/bin/bin/../../lib/gcc/pic32c/6.2.1/../../../../pic32c/lib/v7e-m/fpv4-sp/hard\libpic32c.a(data_init.o)
 .debug_abbrev  0x00000f4c       0xa3 c:/program files/microchip/xc32/v2.41/bin/bin/../../lib/gcc/pic32c/6.2.1/../../../../pic32c/lib/v7e-m/fpv4-sp/hard\libc_nano.a(lib_a-init.o)

.debug_aranges  0x00000000      0x320
 .debug_aranges
                0x00000000       0x20 build/sam_e54_xpro/production/_ext/2056749927/plib_clock.o
 .debug_aranges
                0x00000020       0x20 build/sam_e54_xpro/production/_ext/2058899413/plib_evsys.o
 .debug_aranges
                0x00000040       0x38 build/sam_e54_xpro/production/_ext/348958103/plib_nvic.o
 .debug_aranges
                0x00000078       0xb0 build/sam_e54_xpro/production/_ext/1986180951/plib_nvmctrl.o
 .debug_aranges
                0x00000128       0x70 build/sam_e54_xpro/production/_ext/348904952/plib_port.o
 .debug_aranges
                0x00000198       0x70 build/sam_e54_xpro/production/_ext/1183993270/plib_tc0.o
 .debug_aranges
                0x00000208       0x20 build/sam_e54_xpro/production/_ext/68098787/initialization.o
 .debug_aranges
                0x00000228       0x20 build/sam_e54_xpro/production/_ext/68098787/interrupts.o
 .debug_aranges
                0x00000248       0x48 build/sam_e54_xpro/production/_ext/68098787/exceptions.o
 .debug_aranges
                0x00000290       0x28 build/sam_e54_xpro/production/_ext/68098787/startup_xc32.o
 .debug_aranges
                0x000002b8       0x28 build/sam_e54_xpro/production/_ext/1360937237/main.o
 .debug_aranges
                0x000002e0       0x20 c:/program files/microchip/xc32/v2.41/bin/bin/../../lib/gcc/pic32c/6.2.1/../../../../pic32c/lib/v7e-m/fpv4-sp/hard\libpic32c.a(data_init.o)
 .debug_aranges
                0x00000300       0x20 c:/program files/microchip/xc32/v2.41/bin/bin/../../lib/gcc/pic32c/6.2.1/../../../../pic32c/lib/v7e-m/fpv4-sp/hard\libc_nano.a(lib_a-init.o)

.debug_ranges   0x00000000      0x250
 .debug_ranges  0x00000000       0x10 build/sam_e54_xpro/production/_ext/2056749927/plib_clock.o
 .debug_ranges  0x00000010       0x10 build/sam_e54_xpro/production/_ext/2058899413/plib_evsys.o
 .debug_ranges  0x00000020       0x28 build/sam_e54_xpro/production/_ext/348958103/plib_nvic.o
 .debug_ranges  0x00000048       0xa0 build/sam_e54_xpro/production/_ext/1986180951/plib_nvmctrl.o
 .debug_ranges  0x000000e8       0x60 build/sam_e54_xpro/production/_ext/348904952/plib_port.o
 .debug_ranges  0x00000148       0x60 build/sam_e54_xpro/production/_ext/1183993270/plib_tc0.o
 .debug_ranges  0x000001a8       0x10 build/sam_e54_xpro/production/_ext/68098787/initialization.o
 .debug_ranges  0x000001b8       0x10 build/sam_e54_xpro/production/_ext/68098787/interrupts.o
 .debug_ranges  0x000001c8       0x38 build/sam_e54_xpro/production/_ext/68098787/exceptions.o
 .debug_ranges  0x00000200       0x18 build/sam_e54_xpro/production/_ext/68098787/startup_xc32.o
 .debug_ranges  0x00000218       0x18 build/sam_e54_xpro/production/_ext/1360937237/main.o
 .debug_ranges  0x00000230       0x10 c:/program files/microchip/xc32/v2.41/bin/bin/../../lib/gcc/pic32c/6.2.1/../../../../pic32c/lib/v7e-m/fpv4-sp/hard\libpic32c.a(data_init.o)
 .debug_ranges  0x00000240       0x10 c:/program files/microchip/xc32/v2.41/bin/bin/../../lib/gcc/pic32c/6.2.1/../../../../pic32c/lib/v7e-m/fpv4-sp/hard\libc_nano.a(lib_a-init.o)

.debug_line     0x00000000     0x183f
 .debug_line    0x00000000      0x1b2 build/sam_e54_xpro/production/_ext/2056749927/plib_clock.o
 .debug_line    0x000001b2      0x133 build/sam_e54_xpro/production/_ext/2058899413/plib_evsys.o
 .debug_line    0x000002e5      0x1ea build/sam_e54_xpro/production/_ext/348958103/plib_nvic.o
 .debug_line    0x000004cf      0x351 build/sam_e54_xpro/production/_ext/1986180951/plib_nvmctrl.o
 .debug_line    0x00000820      0x22a build/sam_e54_xpro/production/_ext/348904952/plib_port.o
 .debug_line    0x00000a4a      0x24d build/sam_e54_xpro/production/_ext/1183993270/plib_tc0.o
 .debug_line    0x00000c97      0x290 build/sam_e54_xpro/production/_ext/68098787/initialization.o
 .debug_line    0x00000f27      0x137 build/sam_e54_xpro/production/_ext/68098787/interrupts.o
 .debug_line    0x0000105e      0x172 build/sam_e54_xpro/production/_ext/68098787/exceptions.o
 .debug_line    0x000011d0      0x1fd build/sam_e54_xpro/production/_ext/68098787/startup_xc32.o
 .debug_line    0x000013cd      0x27d build/sam_e54_xpro/production/_ext/1360937237/main.o
 .debug_line    0x0000164a       0xd8 c:/program files/microchip/xc32/v2.41/bin/bin/../../lib/gcc/pic32c/6.2.1/../../../../pic32c/lib/v7e-m/fpv4-sp/hard\libpic32c.a(data_init.o)
 .debug_line    0x00001722      0x11d c:/program files/microchip/xc32/v2.41/bin/bin/../../lib/gcc/pic32c/6.2.1/../../../../pic32c/lib/v7e-m/fpv4-sp/hard\libc_nano.a(lib_a-init.o)

.debug_str      0x00000000      0x1f5
 .debug_str     0x00000000       0x1e build/sam_e54_xpro/production/_ext/2056749927/plib_clock.o
 .debug_str     0x0000001e        0x0 build/sam_e54_xpro/production/_ext/2058899413/plib_evsys.o
 .debug_str     0x0000001e        0xa build/sam_e54_xpro/production/_ext/348958103/plib_nvic.o
 .debug_str     0x00000028       0x29 build/sam_e54_xpro/production/_ext/1986180951/plib_nvmctrl.o
 .debug_str     0x00000051        0xb build/sam_e54_xpro/production/_ext/348904952/plib_port.o
 .debug_str     0x0000005c       0xbb build/sam_e54_xpro/production/_ext/1183993270/plib_tc0.o
 .debug_str     0x00000117       0x69 build/sam_e54_xpro/production/_ext/68098787/initialization.o
 .debug_str     0x00000180        0x0 build/sam_e54_xpro/production/_ext/68098787/interrupts.o
 .debug_str     0x00000180        0x0 build/sam_e54_xpro/production/_ext/68098787/exceptions.o
 .debug_str     0x00000180       0x2f build/sam_e54_xpro/production/_ext/68098787/startup_xc32.o
 .debug_str     0x000001af       0x46 build/sam_e54_xpro/production/_ext/1360937237/main.o
 .debug_str     0x000001f5        0x0 c:/program files/microchip/xc32/v2.41/bin/bin/../../lib/gcc/pic32c/6.2.1/../../../../pic32c/lib/v7e-m/fpv4-sp/hard\libpic32c.a(data_init.o)
 .debug_str     0x000001f5        0x0 c:/program files/microchip/xc32/v2.41/bin/bin/../../lib/gcc/pic32c/6.2.1/../../../../pic32c/lib/v7e-m/fpv4-sp/hard\libc_nano.a(lib_a-init.o)

.debug_frame    0x00000000      0x504
 .debug_frame   0x00000000       0x20 build/sam_e54_xpro/production/_ext/2056749927/plib_clock.o
 .debug_frame   0x00000020       0x20 build/sam_e54_xpro/production/_ext/2058899413/plib_evsys.o
 .debug_frame   0x00000040       0x50 build/sam_e54_xpro/production/_ext/348958103/plib_nvic.o
 .debug_frame   0x00000090      0x160 build/sam_e54_xpro/production/_ext/1986180951/plib_nvmctrl.o
 .debug_frame   0x000001f0       0xcc build/sam_e54_xpro/production/_ext/348904952/plib_port.o
 .debug_frame   0x000002bc       0xc8 build/sam_e54_xpro/production/_ext/1183993270/plib_tc0.o
 .debug_frame   0x00000384       0x28 build/sam_e54_xpro/production/_ext/68098787/initialization.o
 .debug_frame   0x000003ac       0x20 build/sam_e54_xpro/production/_ext/68098787/interrupts.o
 .debug_frame   0x000003cc       0x70 build/sam_e54_xpro/production/_ext/68098787/exceptions.o
 .debug_frame   0x0000043c       0x38 build/sam_e54_xpro/production/_ext/68098787/startup_xc32.o
 .debug_frame   0x00000474       0x38 build/sam_e54_xpro/production/_ext/1360937237/main.o
 .debug_frame   0x000004ac       0x2c c:/program files/microchip/xc32/v2.41/bin/bin/../../lib/gcc/pic32c/6.2.1/../../../../pic32c/lib/v7e-m/fpv4-sp/hard\libpic32c.a(data_init.o)
 .debug_frame   0x000004d8       0x2c c:/program files/microchip/xc32/v2.41/bin/bin/../../lib/gcc/pic32c/6.2.1/../../../../pic32c/lib/v7e-m/fpv4-sp/hard\libc_nano.a(lib_a-init.o)

.debug_loc      0x00000000      0x794
 .debug_loc     0x00000000       0x92 build/sam_e54_xpro/production/_ext/348958103/plib_nvic.o
 .debug_loc     0x00000092      0x42c build/sam_e54_xpro/production/_ext/1986180951/plib_nvmctrl.o
 .debug_loc     0x000004be      0x174 build/sam_e54_xpro/production/_ext/348904952/plib_port.o
 .debug_loc     0x00000632       0x59 build/sam_e54_xpro/production/_ext/1183993270/plib_tc0.o
 .debug_loc     0x0000068b       0x41 build/sam_e54_xpro/production/_ext/68098787/initialization.o
 .debug_loc     0x000006cc       0x34 build/sam_e54_xpro/production/_ext/68098787/startup_xc32.o
 .debug_loc     0x00000700       0x20 build/sam_e54_xpro/production/_ext/1360937237/main.o
 .debug_loc     0x00000720       0x74 c:/program files/microchip/xc32/v2.41/bin/bin/../../lib/gcc/pic32c/6.2.1/../../../../pic32c/lib/v7e-m/fpv4-sp/hard\libc_nano.a(lib_a-init.o)

.stack          0x20000240      0x100
 .stack         0x20000240      0x100 stack

.bss%1          0x20000000       0x1c
 .bss           0x20000000       0x1c c:/program files/microchip/xc32/v2.41/bin/bin/../../lib/gcc/pic32c/6.2.1/v7e-m/fpv4-sp/hard/crtbegin.o

.bss.TC0_CallbackObject%2
                0x2000001c        0x8
 .bss.TC0_CallbackObject
                0x2000001c        0x8 build/sam_e54_xpro/production/_ext/1183993270/plib_tc0.o

.eh_frame%z1    0x00000000        0x0
 .eh_frame      0x00000000        0x0 c:/program files/microchip/xc32/v2.41/bin/bin/../../lib/gcc/pic32c/6.2.1/v7e-m/fpv4-sp/hard/crtbegin.o

.text.CLOCK_Initialize%3
                0x00000284       0xd0
 .text.CLOCK_Initialize
                0x00000284       0xd0 build/sam_e54_xpro/production/_ext/2056749927/plib_clock.o
                0x00000284                CLOCK_Initialize

.text.Reset_Handler%4
                0x00000354       0x90
 .text.Reset_Handler
                0x00000354       0x90 build/sam_e54_xpro/production/_ext/68098787/startup_xc32.o
                0x00000354                Reset_Handler

.text.__pic32c_data_initialization%5
                0x000003e4       0x80
 .text.__pic32c_data_initialization
                0x000003e4       0x80 c:/program files/microchip/xc32/v2.41/bin/bin/../../lib/gcc/pic32c/6.2.1/../../../../pic32c/lib/v7e-m/fpv4-sp/hard\libpic32c.a(data_init.o)
                0x000003e4                __pic32c_data_initialization

.text.main%6    0x00000464       0x48
 .text.main     0x00000464       0x48 build/sam_e54_xpro/production/_ext/1360937237/main.o
                0x00000464                main

.text.__libc_init_array%7
                0x000004ac       0x48
 .text.__libc_init_array
                0x000004ac       0x48 c:/program files/microchip/xc32/v2.41/bin/bin/../../lib/gcc/pic32c/6.2.1/../../../../pic32c/lib/v7e-m/fpv4-sp/hard\libc_nano.a(lib_a-init.o)
                0x000004ac                __libc_init_array

.text.TC0_TimerInitialize%8
                0x000004f4       0x44
 .text.TC0_TimerInitialize
                0x000004f4       0x44 build/sam_e54_xpro/production/_ext/1183993270/plib_tc0.o
                0x000004f4                TC0_TimerInitialize

.text%9         0x00000538       0x40
 .text          0x00000538       0x40 c:/program files/microchip/xc32/v2.41/bin/bin/../../lib/gcc/pic32c/6.2.1/v7e-m/fpv4-sp/hard/crtbegin.o

.text.NVIC_Initialize%10
                0x00000578       0x34
 .text.NVIC_Initialize
                0x00000578       0x34 build/sam_e54_xpro/production/_ext/348958103/plib_nvic.o
                0x00000578                NVIC_Initialize

.text.TC0_TimerInterruptHandler%11
                0x000005ac       0x2c
 .text.TC0_TimerInterruptHandler
                0x000005ac       0x2c build/sam_e54_xpro/production/_ext/1183993270/plib_tc0.o
                0x000005ac                TC0_TimerInterruptHandler

.dinit%12       0x000005d8       0x20
 .dinit         0x000005d8       0x20 data_init

.text.SYS_Initialize%13
                0x000005f8       0x1c
 .text.SYS_Initialize
                0x000005f8       0x1c build/sam_e54_xpro/production/_ext/68098787/initialization.o
                0x000005f8                SYS_Initialize

.text.TC0_TimerStart%14
                0x00000614       0x18
 .text.TC0_TimerStart
                0x00000614       0x18 build/sam_e54_xpro/production/_ext/1183993270/plib_tc0.o
                0x00000614                TC0_TimerStart

.text.NVMCTRL_Initialize%15
                0x0000062c       0x10
 .text.NVMCTRL_Initialize
                0x0000062c       0x10 build/sam_e54_xpro/production/_ext/1986180951/plib_nvmctrl.o
                0x0000062c                NVMCTRL_Initialize

.text.PORT_Initialize%16
                0x0000063c       0x10
 .text.PORT_Initialize
                0x0000063c       0x10 build/sam_e54_xpro/production/_ext/348904952/plib_port.o
                0x0000063c                PORT_Initialize

.text.TC0_TimerCallbackRegister%17
                0x0000064c        0xc
 .text.TC0_TimerCallbackRegister
                0x0000064c        0xc build/sam_e54_xpro/production/_ext/1183993270/plib_tc0.o
                0x0000064c                TC0_TimerCallbackRegister

.text.EVSYS_Initialize%18
                0x00000658        0x2
 .text.EVSYS_Initialize
                0x00000658        0x2 build/sam_e54_xpro/production/_ext/2058899413/plib_evsys.o
                0x00000658                EVSYS_Initialize

.text.Dummy_Handler%19
                0x0000065a        0x2
 .text.Dummy_Handler
                0x0000065a        0x2 build/sam_e54_xpro/production/_ext/68098787/interrupts.o
                0x0000065a                EIC_EXTINT_9_Handler
                0x0000065a                TCC0_MC5_Handler
                0x0000065a                SVCall_Handler
                0x0000065a                SERCOM0_2_Handler
                0x0000065a                USB_SOF_HSOF_Handler
                0x0000065a                TCC4_OTHER_Handler
                0x0000065a                TCC2_MC2_Handler
                0x0000065a                EVSYS_0_Handler
                0x0000065a                TRNG_Handler
                0x0000065a                TC2_Handler
                0x0000065a                USB_TRCPT0_Handler
                0x0000065a                DAC_OTHER_Handler
                0x0000065a                AC_Handler
                0x0000065a                DAC_EMPTY_0_Handler
                0x0000065a                DMAC_OTHER_Handler
                0x0000065a                EIC_EXTINT_5_Handler
                0x0000065a                SERCOM3_1_Handler
                0x0000065a                SysTick_Handler
                0x0000065a                SERCOM4_OTHER_Handler
                0x0000065a                SERCOM3_2_Handler
                0x0000065a                EIC_EXTINT_6_Handler
                0x0000065a                PendSV_Handler
                0x0000065a                TC7_Handler
                0x0000065a                TCC4_MC0_Handler
                0x0000065a                EVSYS_3_Handler
                0x0000065a                QSPI_Handler
                0x0000065a                TCC2_MC0_Handler
                0x0000065a                PDEC_OTHER_Handler
                0x0000065a                TCC3_MC0_Handler
                0x0000065a                PDEC_MC1_Handler
                0x0000065a                TCC2_MC1_Handler
                0x0000065a                OSCCTRL_XOSC1_Handler
                0x0000065a                PDEC_MC0_Handler
                0x0000065a                EIC_EXTINT_4_Handler
                0x0000065a                EIC_EXTINT_7_Handler
                0x0000065a                SERCOM0_OTHER_Handler
                0x0000065a                EVSYS_OTHER_Handler
                0x0000065a                SERCOM0_0_Handler
                0x0000065a                RTC_Handler
                0x0000065a                SERCOM4_0_Handler
                0x0000065a                TCC1_MC0_Handler
                0x0000065a                SERCOM1_OTHER_Handler
                0x0000065a                TCC2_OTHER_Handler
                0x0000065a                EIC_EXTINT_11_Handler
                0x0000065a                SUPC_BODDET_Handler
                0x0000065a                EIC_EXTINT_14_Handler
                0x0000065a                OSC32KCTRL_Handler
                0x0000065a                SERCOM6_2_Handler
                0x0000065a                EVSYS_1_Handler
                0x0000065a                TC6_Handler
                0x0000065a                TCC4_MC1_Handler
                0x0000065a                DMAC_0_Handler
                0x0000065a                SUPC_OTHER_Handler
                0x0000065a                WDT_Handler
                0x0000065a                CAN0_Handler
                0x0000065a                EIC_EXTINT_15_Handler
                0x0000065a                SERCOM6_0_Handler
                0x0000065a                EIC_EXTINT_1_Handler
                0x0000065a                TCC3_MC1_Handler
                0x0000065a                SERCOM5_0_Handler
                0x0000065a                TC4_Handler
                0x0000065a                TC1_Handler
                0x0000065a                TCC1_MC1_Handler
                0x0000065a                EIC_EXTINT_0_Handler
                0x0000065a                TCC1_OTHER_Handler
                0x0000065a                PAC_Handler
                0x0000065a                SERCOM4_1_Handler
                0x0000065a                TC3_Handler
                0x0000065a                Dummy_Handler
                0x0000065a                DAC_RESRDY_0_Handler
                0x0000065a                SERCOM5_1_Handler
                0x0000065a                DMAC_2_Handler
                0x0000065a                TCC0_MC4_Handler
                0x0000065a                USB_TRCPT1_Handler
                0x0000065a                SERCOM0_1_Handler
                0x0000065a                TCC0_MC3_Handler
                0x0000065a                EIC_EXTINT_12_Handler
                0x0000065a                OSCCTRL_DPLL0_Handler
                0x0000065a                SERCOM6_OTHER_Handler
                0x0000065a                SERCOM7_1_Handler
                0x0000065a                SERCOM5_OTHER_Handler
                0x0000065a                PM_Handler
                0x0000065a                OSCCTRL_DFLL_Handler
                0x0000065a                SERCOM7_0_Handler
                0x0000065a                DAC_RESRDY_1_Handler
                0x0000065a                DMAC_1_Handler
                0x0000065a                USB_OTHER_Handler
                0x0000065a                GMAC_Handler
                0x0000065a                SDHC1_Handler
                0x0000065a                SERCOM7_2_Handler
                0x0000065a                CAN1_Handler
                0x0000065a                TCC0_OTHER_Handler
                0x0000065a                EIC_EXTINT_10_Handler
                0x0000065a                TCC1_MC3_Handler
                0x0000065a                OSCCTRL_XOSC0_Handler
                0x0000065a                SERCOM6_1_Handler
                0x0000065a                TCC0_MC0_Handler
                0x0000065a                EIC_EXTINT_2_Handler
                0x0000065a                SDHC0_Handler
                0x0000065a                SERCOM1_1_Handler
                0x0000065a                I2S_Handler
                0x0000065a                PCC_Handler
                0x0000065a                TCC3_OTHER_Handler
                0x0000065a                EIC_EXTINT_13_Handler
                0x0000065a                SERCOM1_0_Handler
                0x0000065a                PUKCC_Handler
                0x0000065a                SERCOM2_1_Handler
                0x0000065a                SERCOM1_2_Handler
                0x0000065a                SERCOM3_0_Handler
                0x0000065a                SERCOM4_2_Handler
                0x0000065a                TCC1_MC2_Handler
                0x0000065a                ADC1_RESRDY_Handler
                0x0000065a                NVMCTRL_1_Handler
                0x0000065a                SERCOM5_2_Handler
                0x0000065a                SERCOM2_2_Handler
                0x0000065a                DAC_EMPTY_1_Handler
                0x0000065a                ADC1_OTHER_Handler
                0x0000065a                OSCCTRL_DPLL1_Handler
                0x0000065a                EIC_EXTINT_3_Handler
                0x0000065a                SERCOM3_OTHER_Handler
                0x0000065a                EIC_EXTINT_8_Handler
                0x0000065a                NVMCTRL_0_Handler
                0x0000065a                ADC0_RESRDY_Handler
                0x0000065a                ADC0_OTHER_Handler
                0x0000065a                MCLK_Handler
                0x0000065a                SERCOM7_OTHER_Handler
                0x0000065a                EVSYS_2_Handler
                0x0000065a                SERCOM2_OTHER_Handler
                0x0000065a                FREQM_Handler
                0x0000065a                TCC0_MC1_Handler
                0x0000065a                DMAC_3_Handler
                0x0000065a                RAMECC_Handler
                0x0000065a                TC5_Handler
                0x0000065a                SERCOM2_0_Handler
                0x0000065a                AES_Handler
                0x0000065a                ICM_Handler
                0x0000065a                TCC0_MC2_Handler

.text.NonMaskableInt_Handler%20
                0x0000065c        0x2
 .text.NonMaskableInt_Handler
                0x0000065c        0x2 build/sam_e54_xpro/production/_ext/68098787/exceptions.o
                0x0000065c                NonMaskableInt_Handler

.text.HardFault_Handler%21
                0x0000065e        0x2
 .text.HardFault_Handler
                0x0000065e        0x2 build/sam_e54_xpro/production/_ext/68098787/exceptions.o
                0x0000065e                HardFault_Handler

.text.DebugMonitor_Handler%22
                0x00000660        0x2
 .text.DebugMonitor_Handler
                0x00000660        0x2 build/sam_e54_xpro/production/_ext/68098787/exceptions.o
                0x00000660                DebugMonitor_Handler

.text.MemoryManagement_Handler%23
                0x00000662        0x2
 .text.MemoryManagement_Handler
                0x00000662        0x2 build/sam_e54_xpro/production/_ext/68098787/exceptions.o
                0x00000662                MemoryManagement_Handler

.text.BusFault_Handler%24
                0x00000664        0x2
 .text.BusFault_Handler
                0x00000664        0x2 build/sam_e54_xpro/production/_ext/68098787/exceptions.o
                0x00000664                BusFault_Handler

.text.UsageFault_Handler%25
                0x00000666        0x2
 .text.UsageFault_Handler
                0x00000666        0x2 build/sam_e54_xpro/production/_ext/68098787/exceptions.o
                0x00000666                UsageFault_Handler

.text.Dummy_App_Func%26
                0x00000668        0x2
 .text.Dummy_App_Func
                0x00000668        0x2 build/sam_e54_xpro/production/_ext/68098787/startup_xc32.o
                0x00000668                _on_reset
                0x00000668                _on_bootstrap
                0x00000668                __xc32_on_reset
                0x00000668                Dummy_App_Func
                0x00000668                __xc32_on_bootstrap

.text.TC0_Callback_InterruptHandler%27
                0x0000066a        0x2
 .text.TC0_Callback_InterruptHandler
                0x0000066a        0x2 build/sam_e54_xpro/production/_ext/1360937237/main.o
                0x0000066a                TC0_Callback_InterruptHandler
