Archive member included to satisfy reference by file (symbol)

c:/program files (x86)/gnu tools arm embedded/8 2019-q3-update/bin/../lib/gcc/arm-none-eabi/8.3.1/../../../../arm-none-eabi/lib/thumb/v7e-m/nofp\libg.a(lib_a-exit.o)
                              c:/program files (x86)/gnu tools arm embedded/8 2019-q3-update/bin/../lib/gcc/arm-none-eabi/8.3.1/../../../../arm-none-eabi/lib/thumb/v7e-m/nofp/crt0.o (exit)
c:/program files (x86)/gnu tools arm embedded/8 2019-q3-update/bin/../lib/gcc/arm-none-eabi/8.3.1/../../../../arm-none-eabi/lib/thumb/v7e-m/nofp\libg.a(lib_a-impure.o)
                              c:/program files (x86)/gnu tools arm embedded/8 2019-q3-update/bin/../lib/gcc/arm-none-eabi/8.3.1/../../../../arm-none-eabi/lib/thumb/v7e-m/nofp\libg.a(lib_a-exit.o) (_global_impure_ptr)
c:/program files (x86)/gnu tools arm embedded/8 2019-q3-update/bin/../lib/gcc/arm-none-eabi/8.3.1/../../../../arm-none-eabi/lib/thumb/v7e-m/nofp\libg.a(lib_a-init.o)
                              c:/program files (x86)/gnu tools arm embedded/8 2019-q3-update/bin/../lib/gcc/arm-none-eabi/8.3.1/../../../../arm-none-eabi/lib/thumb/v7e-m/nofp/crt0.o (__libc_init_array)
c:/program files (x86)/gnu tools arm embedded/8 2019-q3-update/bin/../lib/gcc/arm-none-eabi/8.3.1/../../../../arm-none-eabi/lib/thumb/v7e-m/nofp\libg.a(lib_a-memset.o)
                              c:/program files (x86)/gnu tools arm embedded/8 2019-q3-update/bin/../lib/gcc/arm-none-eabi/8.3.1/../../../../arm-none-eabi/lib/thumb/v7e-m/nofp/crt0.o (memset)
c:/program files (x86)/gnu tools arm embedded/8 2019-q3-update/bin/../lib/gcc/arm-none-eabi/8.3.1/../../../../arm-none-eabi/lib/thumb/v7e-m/nofp\libg.a(lib_a-printf.o)
                              build/Default/debug/hal/utils/src/utils_syscalls.o (printf)
c:/program files (x86)/gnu tools arm embedded/8 2019-q3-update/bin/../lib/gcc/arm-none-eabi/8.3.1/../../../../arm-none-eabi/lib/thumb/v7e-m/nofp\libg.a(lib_a-vfprintf.o)
                              c:/program files (x86)/gnu tools arm embedded/8 2019-q3-update/bin/../lib/gcc/arm-none-eabi/8.3.1/../../../../arm-none-eabi/lib/thumb/v7e-m/nofp\libg.a(lib_a-printf.o) (_vfprintf_r)
c:/program files (x86)/gnu tools arm embedded/8 2019-q3-update/bin/../lib/gcc/arm-none-eabi/8.3.1/../../../../arm-none-eabi/lib/thumb/v7e-m/nofp\libg.a(lib_a-wsetup.o)
                              c:/program files (x86)/gnu tools arm embedded/8 2019-q3-update/bin/../lib/gcc/arm-none-eabi/8.3.1/../../../../arm-none-eabi/lib/thumb/v7e-m/nofp\libg.a(lib_a-vfprintf.o) (__swsetup_r)
c:/program files (x86)/gnu tools arm embedded/8 2019-q3-update/bin/../lib/gcc/arm-none-eabi/8.3.1/../../../../arm-none-eabi/lib/thumb/v7e-m/nofp\libg.a(lib_a-__call_atexit.o)
                              c:/program files (x86)/gnu tools arm embedded/8 2019-q3-update/bin/../lib/gcc/arm-none-eabi/8.3.1/../../../../arm-none-eabi/lib/thumb/v7e-m/nofp\libg.a(lib_a-exit.o) (__call_exitprocs)
c:/program files (x86)/gnu tools arm embedded/8 2019-q3-update/bin/../lib/gcc/arm-none-eabi/8.3.1/../../../../arm-none-eabi/lib/thumb/v7e-m/nofp\libg.a(lib_a-atexit.o)
                              c:/program files (x86)/gnu tools arm embedded/8 2019-q3-update/bin/../lib/gcc/arm-none-eabi/8.3.1/../../../../arm-none-eabi/lib/thumb/v7e-m/nofp\libg.a(lib_a-__call_atexit.o) (atexit)
c:/program files (x86)/gnu tools arm embedded/8 2019-q3-update/bin/../lib/gcc/arm-none-eabi/8.3.1/../../../../arm-none-eabi/lib/thumb/v7e-m/nofp\libg.a(lib_a-dtoa.o)
                              c:/program files (x86)/gnu tools arm embedded/8 2019-q3-update/bin/../lib/gcc/arm-none-eabi/8.3.1/../../../../arm-none-eabi/lib/thumb/v7e-m/nofp\libg.a(lib_a-vfprintf.o) (_dtoa_r)
c:/program files (x86)/gnu tools arm embedded/8 2019-q3-update/bin/../lib/gcc/arm-none-eabi/8.3.1/../../../../arm-none-eabi/lib/thumb/v7e-m/nofp\libg.a(lib_a-fflush.o)
                              c:/program files (x86)/gnu tools arm embedded/8 2019-q3-update/bin/../lib/gcc/arm-none-eabi/8.3.1/../../../../arm-none-eabi/lib/thumb/v7e-m/nofp\libg.a(lib_a-vfprintf.o) (_fflush_r)
c:/program files (x86)/gnu tools arm embedded/8 2019-q3-update/bin/../lib/gcc/arm-none-eabi/8.3.1/../../../../arm-none-eabi/lib/thumb/v7e-m/nofp\libg.a(lib_a-findfp.o)
                              c:/program files (x86)/gnu tools arm embedded/8 2019-q3-update/bin/../lib/gcc/arm-none-eabi/8.3.1/../../../../arm-none-eabi/lib/thumb/v7e-m/nofp\libg.a(lib_a-vfprintf.o) (__sinit)
c:/program files (x86)/gnu tools arm embedded/8 2019-q3-update/bin/../lib/gcc/arm-none-eabi/8.3.1/../../../../arm-none-eabi/lib/thumb/v7e-m/nofp\libg.a(lib_a-fini.o)
                              c:/program files (x86)/gnu tools arm embedded/8 2019-q3-update/bin/../lib/gcc/arm-none-eabi/8.3.1/../../../../arm-none-eabi/lib/thumb/v7e-m/nofp\libg.a(lib_a-__call_atexit.o) (__libc_fini_array)
[...]
Memory Configuration

Name             Origin             Length             Attributes
rom              0x00000000         0x00100000         xr
ram              0x20000000         0x00040000         xrw
bkupram          0x47000000         0x00002000         xrw
qspi             0x04000000         0x01000000         xrw
*default*        0x00000000         0xffffffff

Linker script and memory map

LOAD c:/program files (x86)/gnu tools arm embedded/8 2019-q3-update/bin/../lib/gcc/arm-none-eabi/8.3.1/thumb/v7e-m/nofp/crti.o
LOAD c:/program files (x86)/gnu tools arm embedded/8 2019-q3-update/bin/../lib/gcc/arm-none-eabi/8.3.1/thumb/v7e-m/nofp/crtbegin.o
LOAD c:/program files (x86)/gnu tools arm embedded/8 2019-q3-update/bin/../lib/gcc/arm-none-eabi/8.3.1/../../../../arm-none-eabi/lib/thumb/v7e-m/nofp/crt0.o
LOAD build/Default/debug/examples/driver_examples.o
LOAD build/Default/debug/gcc/gcc/startup_same54.o
LOAD build/Default/debug/gcc/system_same54.o
LOAD build/Default/debug/hal/src/hal_atomic.o
LOAD build/Default/debug/hal/src/hal_cache.o
LOAD build/Default/debug/hal/src/hal_delay.o
LOAD build/Default/debug/hal/src/hal_gpio.o
LOAD build/Default/debug/hal/src/hal_init.o
LOAD build/Default/debug/hal/src/hal_io.o
LOAD build/Default/debug/hal/src/hal_sleep.o
LOAD build/Default/debug/hal/utils/src/utils_assert.o
LOAD build/Default/debug/hal/utils/src/utils_event.o
LOAD build/Default/debug/hal/utils/src/utils_list.o
LOAD build/Default/debug/hal/utils/src/utils_syscalls.o
LOAD build/Default/debug/hpl/cmcc/hpl_cmcc.o
LOAD build/Default/debug/hpl/core/hpl_core_m4.o
LOAD build/Default/debug/hpl/core/hpl_init.o
LOAD build/Default/debug/hpl/dmac/hpl_dmac.o
LOAD build/Default/debug/hpl/gclk/hpl_gclk.o
LOAD build/Default/debug/hpl/mclk/hpl_mclk.o
LOAD build/Default/debug/hpl/osc32kctrl/hpl_osc32kctrl.o
LOAD build/Default/debug/hpl/oscctrl/hpl_oscctrl.o
LOAD build/Default/debug/hpl/pm/hpl_pm.o
LOAD build/Default/debug/hpl/ramecc/hpl_ramecc.o
LOAD build/Default/debug/led_switcher_main.o
LOAD build/Default/debug/driver_init.o
LOAD build/Default/debug/atmel_start.o
                0x00000001                __MPLAB_BUILD = 0x1
                0x00000001                __ICD2RAM = 0x1
                0x00000001                __MPLAB_DEBUG = 0x1
                0x00000001                __DEBUG = 0x1
START GROUP
LOAD c:/program files (x86)/gnu tools arm embedded/8 2019-q3-update/bin/../lib/gcc/arm-none-eabi/8.3.1/thumb/v7e-m/nofp\libgcc.a
LOAD c:/program files (x86)/gnu tools arm embedded/8 2019-q3-update/bin/../lib/gcc/arm-none-eabi/8.3.1/../../../../arm-none-eabi/lib/thumb/v7e-m/nofp\libg.a
LOAD c:/program files (x86)/gnu tools arm embedded/8 2019-q3-update/bin/../lib/gcc/arm-none-eabi/8.3.1/../../../../arm-none-eabi/lib/thumb/v7e-m/nofp\libc.a
END GROUP
START GROUP
LOAD c:/program files (x86)/gnu tools arm embedded/8 2019-q3-update/bin/../lib/gcc/arm-none-eabi/8.3.1/thumb/v7e-m/nofp\libgcc.a
LOAD c:/program files (x86)/gnu tools arm embedded/8 2019-q3-update/bin/../lib/gcc/arm-none-eabi/8.3.1/../../../../arm-none-eabi/lib/thumb/v7e-m/nofp\libc.a
LOAD c:/program files (x86)/gnu tools arm embedded/8 2019-q3-update/bin/../lib/gcc/arm-none-eabi/8.3.1/../../../../arm-none-eabi/lib/thumb/v7e-m/nofp\libnosys.a
END GROUP
LOAD c:/program files (x86)/gnu tools arm embedded/8 2019-q3-update/bin/../lib/gcc/arm-none-eabi/8.3.1/thumb/v7e-m/nofp/crtend.o
LOAD c:/program files (x86)/gnu tools arm embedded/8 2019-q3-update/bin/../lib/gcc/arm-none-eabi/8.3.1/thumb/v7e-m/nofp/crtn.o
                0x00010000                STACK_SIZE = DEFINED (STACK_SIZE)?STACK_SIZE:DEFINED (__stack_size__)?__stack_size__:0x10000

.text           0x00000000      0x69c
                0x00000000                . = ALIGN (0x4)
                0x00000000                _sfixed = .
 *(.vectors .vectors.*)
 .vectors       0x00000000      0x264 build/Default/debug/gcc/gcc/startup_same54.o
                0x00000000                exception_table
 *(.text .text.* .gnu.linkonce.t.*)
 .text          0x00000264       0x40 c:/program files (x86)/gnu tools arm embedded/8 2019-q3-update/bin/../lib/gcc/arm-none-eabi/8.3.1/thumb/v7e-m/nofp/crtbegin.o
 .text.Dummy_Handler
                0x000002a4        0x2 build/Default/debug/gcc/gcc/startup_same54.o
                0x000002a4                EIC_5_Handler
                0x000002a4                SVCall_Handler
                0x000002a4                SERCOM0_2_Handler
                0x000002a4                EIC_13_Handler
                0x000002a4                EVSYS_0_Handler
                0x000002a4                TCC1_3_Handler
                0x000002a4                DAC_3_Handler
                0x000002a4                TRNG_Handler
                0x000002a4                HardFault_Handler
                0x000002a4                TC2_Handler
                0x000002a4                PDEC_2_Handler
                0x000002a4                EIC_4_Handler
                0x000002a4                AC_Handler
                0x000002a4                SERCOM3_1_Handler
                0x000002a4                SysTick_Handler
                0x000002a4                TCC2_3_Handler
                0x000002a4                SERCOM3_2_Handler
                0x000002a4                PendSV_Handler
                0x000002a4                TC7_Handler
                0x000002a4                ADC1_1_Handler
                0x000002a4                EVSYS_3_Handler
                0x000002a4                PDEC_0_Handler
                0x000002a4                QSPI_Handler
                0x000002a4                NonMaskableInt_Handler
                0x000002a4                TCC0_0_Handler
                0x000002a4                EIC_3_Handler
                0x000002a4                MemManagement_Handler
                0x000002a4                DAC_2_Handler
                0x000002a4                SERCOM0_0_Handler
                0x000002a4                RTC_Handler
                0x000002a4                UsageFault_Handler
                0x000002a4                SERCOM4_0_Handler
                0x000002a4                EIC_10_Handler
                0x000002a4                SERCOM0_3_Handler
                0x000002a4                EIC_11_Handler
                0x000002a4                EIC_9_Handler
                0x000002a4                OSC32KCTRL_Handler
                0x000002a4                TCC2_1_Handler
                0x000002a4                SUPC_1_Handler
                0x000002a4                TCC0_5_Handler
                0x000002a4                TCC0_6_Handler
                0x000002a4                SERCOM6_2_Handler
                0x000002a4                EVSYS_1_Handler
                0x000002a4                TCC1_4_Handler
                0x000002a4                TC6_Handler
                0x000002a4                DMAC_0_Handler
                0x000002a4                WDT_Handler
                0x000002a4                CAN0_Handler
                0x000002a4                EIC_8_Handler
                0x000002a4                EIC_15_Handler
                0x000002a4                SERCOM6_0_Handler
                0x000002a4                SERCOM5_0_Handler
                0x000002a4                TC4_Handler
                0x000002a4                TC1_Handler
                0x000002a4                OSCCTRL_4_Handler
                0x000002a4                SERCOM4_3_Handler
                0x000002a4                EIC_12_Handler
                0x000002a4                DMAC_4_Handler
                0x000002a4                TCC4_2_Handler
                0x000002a4                PAC_Handler
                0x000002a4                TCC1_0_Handler
                0x000002a4                USB_0_Handler
                0x000002a4                OSCCTRL_0_Handler
                0x000002a4                EIC_0_Handler
                0x000002a4                OSCCTRL_3_Handler
                0x000002a4                SERCOM4_1_Handler
                0x000002a4                TC3_Handler
                0x000002a4                Dummy_Handler
                0x000002a4                TCC3_0_Handler
                0x000002a4                TCC2_2_Handler
                0x000002a4                SERCOM5_1_Handler
                0x000002a4                TCC1_1_Handler
                0x000002a4                DMAC_2_Handler
                0x000002a4                ADC0_0_Handler
                0x000002a4                SERCOM0_1_Handler
                0x000002a4                OSCCTRL_2_Handler
                0x000002a4                ADC1_0_Handler
                0x000002a4                TCC1_2_Handler
                0x000002a4                SERCOM7_1_Handler
                0x000002a4                USB_1_Handler
                0x000002a4                PM_Handler
                0x000002a4                SERCOM6_3_Handler
                0x000002a4                SERCOM2_3_Handler
                0x000002a4                DAC_4_Handler
                0x000002a4                TCC3_2_Handler
                0x000002a4                SERCOM7_0_Handler
                0x000002a4                TCC0_2_Handler
                0x000002a4                DMAC_1_Handler
                0x000002a4                TCC4_0_Handler
                0x000002a4                SERCOM7_3_Handler
                0x000002a4                GMAC_Handler
                0x000002a4                SDHC1_Handler
                0x000002a4                USB_3_Handler
                0x000002a4                SERCOM7_2_Handler
                0x000002a4                CAN1_Handler
                0x000002a4                TCC2_0_Handler
                0x000002a4                PDEC_1_Handler
                0x000002a4                TCC4_1_Handler
                0x000002a4                SERCOM5_3_Handler
                0x000002a4                USB_2_Handler
                0x000002a4                SERCOM6_1_Handler
                0x000002a4                SDHC0_Handler
                0x000002a4                SERCOM1_1_Handler
                0x000002a4                I2S_Handler
                0x000002a4                EIC_2_Handler
                0x000002a4                PCC_Handler
                0x000002a4                DAC_0_Handler
                0x000002a4                TCC0_1_Handler
                0x000002a4                SERCOM1_3_Handler
                0x000002a4                EIC_6_Handler
                0x000002a4                OSCCTRL_1_Handler
                0x000002a4                SERCOM1_0_Handler
                0x000002a4                PUKCC_Handler
                0x000002a4                SERCOM2_1_Handler
                0x000002a4                SERCOM1_2_Handler
                0x000002a4                SERCOM3_0_Handler
                0x000002a4                EIC_1_Handler
                0x000002a4                SERCOM4_2_Handler
                0x000002a4                EVSYS_4_Handler
                0x000002a4                EIC_7_Handler
                0x000002a4                NVMCTRL_1_Handler
                0x000002a4                SERCOM5_2_Handler
                0x000002a4                SERCOM3_3_Handler
                0x000002a4                ADC0_1_Handler
                0x000002a4                SERCOM2_2_Handler
                0x000002a4                TCC3_1_Handler
                0x000002a4                EIC_14_Handler
                0x000002a4                DAC_1_Handler
                0x000002a4                NVMCTRL_0_Handler
                0x000002a4                MCLK_Handler
                0x000002a4                EVSYS_2_Handler
                0x000002a4                SUPC_0_Handler
                0x000002a4                BusFault_Handler
                0x000002a4                FREQM_Handler
                0x000002a4                TC0_Handler
                0x000002a4                TCC0_3_Handler
                0x000002a4                DMAC_3_Handler
                0x000002a4                DebugMonitor_Handler
                0x000002a4                TCC0_4_Handler
                0x000002a4                TC5_Handler
                0x000002a4                SERCOM2_0_Handler
                0x000002a4                AES_Handler
                0x000002a4                ICM_Handler
 *fill*         0x000002a6        0x2 
 .text.Reset_Handler
                0x000002a8       0x64 build/Default/debug/gcc/gcc/startup_same54.o
                0x000002a8                Reset_Handler
 .text.atomic_enter_critical
                0x0000030c        0xe build/Default/debug/hal/src/hal_atomic.o
                0x0000030c                atomic_enter_critical
 .text.atomic_leave_critical
                0x0000031a        0xc build/Default/debug/hal/src/hal_atomic.o
                0x0000031a                atomic_leave_critical
 *fill*         0x00000326        0x2 
 .text.delay_ms
                0x00000328       0x24 build/Default/debug/hal/src/hal_delay.o
                0x00000328                delay_ms
 .text._get_cycles_for_ms
                0x0000034c       0x12 build/Default/debug/hpl/core/hpl_core_m4.o
                0x0000034c                _get_cycles_for_ms
 *fill*         0x0000035e        0x2 
 .text._delay_cycles
                0x00000360        0x8 build/Default/debug/hpl/core/hpl_core_m4.o
                0x00000360                _delay_cycles
 .text._init_chip
                0x00000368       0x40 build/Default/debug/hpl/core/hpl_init.o
                0x00000368                _init_chip
 .text._gclk_init_generators_by_fref
                0x000003a8       0x20 build/Default/debug/hpl/gclk/hpl_gclk.o
                0x000003a8                _gclk_init_generators_by_fref
 .text._mclk_init
                0x000003c8        0xc build/Default/debug/hpl/mclk/hpl_mclk.o
                0x000003c8                _mclk_init
 .text._osc32kctrl_init_sources
                0x000003d4       0x14 build/Default/debug/hpl/osc32kctrl/hpl_osc32kctrl.o
                0x000003d4                _osc32kctrl_init_sources
 .text._oscctrl_init_sources
                0x000003e8       0x18 build/Default/debug/hpl/oscctrl/hpl_oscctrl.o
                0x000003e8                _oscctrl_init_sources
 .text._oscctrl_init_referenced_generators
                0x00000400        0x2 build/Default/debug/hpl/oscctrl/hpl_oscctrl.o
                0x00000400                _oscctrl_init_referenced_generators
 *fill*         0x00000402        0x2 
 .text.RAMECC_Handler
                0x00000404       0x38 build/Default/debug/hpl/ramecc/hpl_ramecc.o
                0x00000404                RAMECC_Handler
 .text._gpio_get_level.constprop.3
                0x0000043c       0x34 build/Default/debug/led_switcher_main.o
 .text.startup.main
                0x00000470       0x58 build/Default/debug/led_switcher_main.o
                0x00000470                main
 .text.system_init
                0x000004c8       0x78 build/Default/debug/driver_init.o
                0x000004c8                system_init
 .text.atmel_start_init
                0x00000540        0x8 build/Default/debug/atmel_start.o
                0x00000540                atmel_start_init
 .text.__libc_init_array
                0x00000548       0x48 c:/program files (x86)/gnu tools arm embedded/8 2019-q3-update/bin/../lib/gcc/arm-none-eabi/8.3.1/../../../../arm-none-eabi/lib/thumb/v7e-m/nofp\libg.a(lib_a-init.o)
                0x00000548                __libc_init_array
 .text.startup.register_fini
                0x00000590       0x14 c:/program files (x86)/gnu tools arm embedded/8 2019-q3-update/bin/../lib/gcc/arm-none-eabi/8.3.1/../../../../arm-none-eabi/lib/thumb/v7e-m/nofp\libg.a(lib_a-__call_atexit.o)
 .text.atexit   0x000005a4        0xc c:/program files (x86)/gnu tools arm embedded/8 2019-q3-update/bin/../lib/gcc/arm-none-eabi/8.3.1/../../../../arm-none-eabi/lib/thumb/v7e-m/nofp\libg.a(lib_a-atexit.o)
                0x000005a4                atexit
 .text.__libc_fini_array
                0x000005b0       0x34 c:/program files (x86)/gnu tools arm embedded/8 2019-q3-update/bin/../lib/gcc/arm-none-eabi/8.3.1/../../../../arm-none-eabi/lib/thumb/v7e-m/nofp\libg.a(lib_a-fini.o)
                0x000005b0                __libc_fini_array
 .text.__retarget_lock_acquire_recursive
                0x000005e4        0x4 c:/program files (x86)/gnu tools arm embedded/8 2019-q3-update/bin/../lib/gcc/arm-none-eabi/8.3.1/../../../../arm-none-eabi/lib/thumb/v7e-m/nofp\libg.a(lib_a-lock.o)
                0x000005e4                __retarget_lock_acquire_recursive
 .text.__retarget_lock_release_recursive
                0x000005e8        0x4 c:/program files (x86)/gnu tools arm embedded/8 2019-q3-update/bin/../lib/gcc/arm-none-eabi/8.3.1/../../../../arm-none-eabi/lib/thumb/v7e-m/nofp\libg.a(lib_a-lock.o)
                0x000005e8                __retarget_lock_release_recursive
 .text.__register_exitproc
                0x000005ec       0x88 c:/program files (x86)/gnu tools arm embedded/8 2019-q3-update/bin/../lib/gcc/arm-none-eabi/8.3.1/../../../../arm-none-eabi/lib/thumb/v7e-m/nofp\libg.a(lib_a-__atexit.o)
                0x000005ec                __register_exitproc
 *(.glue_7t)
 .glue_7t       0x00000674        0x0 linker stubs
 *(.glue_7)
 .glue_7        0x00000674        0x0 linker stubs
 *(.rodata .rodata* .gnu.linkonce.r.*)
 .rodata._global_impure_ptr
                0x00000674        0x4 c:/program files (x86)/gnu tools arm embedded/8 2019-q3-update/bin/../lib/gcc/arm-none-eabi/8.3.1/../../../../arm-none-eabi/lib/thumb/v7e-m/nofp\libg.a(lib_a-impure.o)
                0x00000674                _global_impure_ptr
 *(.ARM.extab* .gnu.linkonce.armextab.*)
                0x00000678                . = ALIGN (0x4)
 *(.init)
 .init          0x00000678        0x4 c:/program files (x86)/gnu tools arm embedded/8 2019-q3-update/bin/../lib/gcc/arm-none-eabi/8.3.1/thumb/v7e-m/nofp/crti.o
                0x00000678                _init
 .init          0x0000067c        0x8 c:/program files (x86)/gnu tools arm embedded/8 2019-q3-update/bin/../lib/gcc/arm-none-eabi/8.3.1/thumb/v7e-m/nofp/crtn.o
                0x00000684                . = ALIGN (0x4)
                0x00000684                __preinit_array_start = .
 *(.preinit_array)
                0x00000684                __preinit_array_end = .
                0x00000684                . = ALIGN (0x4)
                0x00000684                __init_array_start = .
 *(SORT_BY_NAME(.init_array.*))
 .init_array.00000
                0x00000684        0x4 c:/program files (x86)/gnu tools arm embedded/8 2019-q3-update/bin/../lib/gcc/arm-none-eabi/8.3.1/../../../../arm-none-eabi/lib/thumb/v7e-m/nofp\libg.a(lib_a-__call_atexit.o)
 *(.init_array)
 .init_array    0x00000688        0x4 c:/program files (x86)/gnu tools arm embedded/8 2019-q3-update/bin/../lib/gcc/arm-none-eabi/8.3.1/thumb/v7e-m/nofp/crtbegin.o
                0x0000068c                __init_array_end = .
                0x0000068c                . = ALIGN (0x4)
 *crtbegin.o(.ctors)
 *(EXCLUDE_FILE(*crtend.o) .ctors)
 *(SORT_BY_NAME(.ctors.*))
 *crtend.o(.ctors)
                0x0000068c                . = ALIGN (0x4)
 *(.fini)
 .fini          0x0000068c        0x4 c:/program files (x86)/gnu tools arm embedded/8 2019-q3-update/bin/../lib/gcc/arm-none-eabi/8.3.1/thumb/v7e-m/nofp/crti.o
                0x0000068c                _fini
 .fini          0x00000690        0x8 c:/program files (x86)/gnu tools arm embedded/8 2019-q3-update/bin/../lib/gcc/arm-none-eabi/8.3.1/thumb/v7e-m/nofp/crtn.o
                0x00000698                . = ALIGN (0x4)
                0x00000698                __fini_array_start = .
 *(.fini_array)
 .fini_array    0x00000698        0x4 c:/program files (x86)/gnu tools arm embedded/8 2019-q3-update/bin/../lib/gcc/arm-none-eabi/8.3.1/thumb/v7e-m/nofp/crtbegin.o
 *(SORT_BY_NAME(.fini_array.*))
                0x0000069c                __fini_array_end = .
 *crtbegin.o(.dtors)
 *(EXCLUDE_FILE(*crtend.o) .dtors)
 *(SORT_BY_NAME(.dtors.*))
 *crtend.o(.dtors)
                0x0000069c                . = ALIGN (0x4)
                0x0000069c                _efixed = .
                [!provide]                PROVIDE (__exidx_start = .)

.vfp11_veneer   0x0000069c        0x0
 .vfp11_veneer  0x0000069c        0x0 linker stubs

.v4_bx          0x0000069c        0x0
 .v4_bx         0x0000069c        0x0 linker stubs

.iplt           0x0000069c        0x0
 .iplt          0x0000069c        0x0 c:/program files (x86)/gnu tools arm embedded/8 2019-q3-update/bin/../lib/gcc/arm-none-eabi/8.3.1/thumb/v7e-m/nofp/crtbegin.o

.igot.plt       0x0000069c        0x0
 .igot.plt      0x0000069c        0x0 c:/program files (x86)/gnu tools arm embedded/8 2019-q3-update/bin/../lib/gcc/arm-none-eabi/8.3.1/thumb/v7e-m/nofp/crtbegin.o

.eh_frame       0x0000069c        0x0
 .eh_frame      0x0000069c        0x0 c:/program files (x86)/gnu tools arm embedded/8 2019-q3-update/bin/../lib/gcc/arm-none-eabi/8.3.1/thumb/v7e-m/nofp/crtbegin.o

.rel.dyn        0x0000069c        0x0
 .rel.iplt      0x0000069c        0x0 c:/program files (x86)/gnu tools arm embedded/8 2019-q3-update/bin/../lib/gcc/arm-none-eabi/8.3.1/thumb/v7e-m/nofp/crtbegin.o

.ARM.exidx
 *(.ARM.exidx* .gnu.linkonce.armexidx.*)
                [!provide]                PROVIDE (__exidx_end = .)
                0x0000069c                . = ALIGN (0x4)
                0x0000069c                _etext = .

.relocate       0x20000000      0x42c load address 0x0000069c
                0x20000000                . = ALIGN (0x4)
                0x20000000                _srelocate = .
 *(.ramfunc .ramfunc.*)
 *(.data .data.*)
 .data.impure_data
                0x20000000      0x428 c:/program files (x86)/gnu tools arm embedded/8 2019-q3-update/bin/../lib/gcc/arm-none-eabi/8.3.1/../../../../arm-none-eabi/lib/thumb/v7e-m/nofp\libg.a(lib_a-impure.o)
 .data.__atexit_recursive_mutex
                0x20000428        0x4 c:/program files (x86)/gnu tools arm embedded/8 2019-q3-update/bin/../lib/gcc/arm-none-eabi/8.3.1/../../../../arm-none-eabi/lib/thumb/v7e-m/nofp\libg.a(lib_a-__call_atexit.o)
                0x20000428                __atexit_recursive_mutex
                0x2000042c                . = ALIGN (0x4)
                0x2000042c                _erelocate = .

.bkupram        0x47000000        0x0
                0x47000000                . = ALIGN (0x8)
                0x47000000                _sbkupram = .
 *(.bkupram .bkupram.*)
                0x47000000                . = ALIGN (0x8)
                0x47000000                _ebkupram = .

.qspi           0x04000000        0x0
                0x04000000                . = ALIGN (0x8)
                0x04000000                _sqspi = .
 *(.qspi .qspi.*)
                0x04000000                . = ALIGN (0x8)
                0x04000000                _eqspi = .

.bss            0x2000042c       0x54 load address 0x00000ac8
                0x2000042c                . = ALIGN (0x4)
                0x2000042c                _sbss = .
                0x2000042c                _szero = .
 *(.bss .bss.*)
 .bss           0x2000042c       0x1c c:/program files (x86)/gnu tools arm embedded/8 2019-q3-update/bin/../lib/gcc/arm-none-eabi/8.3.1/thumb/v7e-m/nofp/crtbegin.o
 .bss           0x20000448        0x4 build/Default/debug/hal/src/hal_delay.o
 *(COMMON)
 COMMON         0x2000044c       0x10 build/Default/debug/hpl/ramecc/hpl_ramecc.o
                0x2000044c                device
 COMMON         0x2000045c       0x21 c:/program files (x86)/gnu tools arm embedded/8 2019-q3-update/bin/../lib/gcc/arm-none-eabi/8.3.1/../../../../arm-none-eabi/lib/thumb/v7e-m/nofp\libg.a(lib_a-lock.o)
                0x2000045c                __lock___atexit_recursive_mutex
                0x20000460                __lock___arc4random_mutex
                0x20000464                __lock___env_recursive_mutex
                0x20000468                __lock___sinit_recursive_mutex
                0x2000046c                __lock___malloc_recursive_mutex
                0x20000470                __lock___at_quick_exit_mutex
                0x20000474                __lock___dd_hash_mutex
                0x20000478                __lock___tz_mutex
                0x2000047c                __lock___sfp_recursive_mutex
                0x20000480                . = ALIGN (0x4)
 *fill*         0x2000047d        0x3 
                0x20000480                _ebss = .
                0x20000480                _ezero = .

.stack          0x20000480    0x10000 load address 0x00000b1c
                0x20000480                . = ALIGN (0x8)
                0x20000480                _sstack = .
                0x20010480                . = (. + STACK_SIZE)
 *fill*         0x20000480    0x10000 
                0x20010480                . = ALIGN (0x8)
                0x20010480                _estack = .
                0x20010480                . = ALIGN (0x4)
                0x20010480                _end = .
OUTPUT(dist/Default/debug/LED_switcher.X.debug.elf elf32-littlearm)

.ARM.attributes
                0x00000000       0x2a
 .ARM.attributes
                0x00000000       0x1e c:/program files (x86)/gnu tools arm embedded/8 2019-q3-update/bin/../lib/gcc/arm-none-eabi/8.3.1/thumb/v7e-m/nofp/crti.o
 .ARM.attributes
                0x0000001e       0x2e c:/program files (x86)/gnu tools arm embedded/8 2019-q3-update/bin/../lib/gcc/arm-none-eabi/8.3.1/thumb/v7e-m/nofp/crtbegin.o
 .ARM.attributes
                0x0000004c       0x2e build/Default/debug/gcc/gcc/startup_same54.o
 .ARM.attributes
                0x0000007a       0x2e build/Default/debug/hal/src/hal_atomic.o
 .ARM.attributes
                0x000000a8       0x2e build/Default/debug/hal/src/hal_delay.o
 .ARM.attributes
                0x000000d6       0x2e build/Default/debug/hpl/core/hpl_core_m4.o
 .ARM.attributes
                0x00000104       0x2e build/Default/debug/hpl/core/hpl_init.o
 .ARM.attributes
                0x00000132       0x2e build/Default/debug/hpl/gclk/hpl_gclk.o
 .ARM.attributes
                0x00000160       0x2e build/Default/debug/hpl/mclk/hpl_mclk.o
 .ARM.attributes
                0x0000018e       0x2e build/Default/debug/hpl/osc32kctrl/hpl_osc32kctrl.o
 .ARM.attributes
                0x000001bc       0x2e build/Default/debug/hpl/oscctrl/hpl_oscctrl.o
 .ARM.attributes
                0x000001ea       0x2e build/Default/debug/hpl/ramecc/hpl_ramecc.o
 .ARM.attributes
                0x00000218       0x2e build/Default/debug/led_switcher_main.o
 .ARM.attributes
                0x00000246       0x2e build/Default/debug/driver_init.o
 .ARM.attributes
                0x00000274       0x2e build/Default/debug/atmel_start.o
 .ARM.attributes
                0x000002a2       0x2e c:/program files (x86)/gnu tools arm embedded/8 2019-q3-update/bin/../lib/gcc/arm-none-eabi/8.3.1/../../../../arm-none-eabi/lib/thumb/v7e-m/nofp\libg.a(lib_a-impure.o)
 .ARM.attributes
                0x000002d0       0x2e c:/program files (x86)/gnu tools arm embedded/8 2019-q3-update/bin/../lib/gcc/arm-none-eabi/8.3.1/../../../../arm-none-eabi/lib/thumb/v7e-m/nofp\libg.a(lib_a-init.o)
 .ARM.attributes
                0x000002fe       0x2e c:/program files (x86)/gnu tools arm embedded/8 2019-q3-update/bin/../lib/gcc/arm-none-eabi/8.3.1/../../../../arm-none-eabi/lib/thumb/v7e-m/nofp\libg.a(lib_a-__call_atexit.o)
 .ARM.attributes
                0x0000032c       0x2e c:/program files (x86)/gnu tools arm embedded/8 2019-q3-update/bin/../lib/gcc/arm-none-eabi/8.3.1/../../../../arm-none-eabi/lib/thumb/v7e-m/nofp\libg.a(lib_a-atexit.o)
 .ARM.attributes
                0x0000035a       0x2e c:/program files (x86)/gnu tools arm embedded/8 2019-q3-update/bin/../lib/gcc/arm-none-eabi/8.3.1/../../../../arm-none-eabi/lib/thumb/v7e-m/nofp\libg.a(lib_a-fini.o)
 .ARM.attributes
                0x00000388       0x2e c:/program files (x86)/gnu tools arm embedded/8 2019-q3-update/bin/../lib/gcc/arm-none-eabi/8.3.1/../../../../arm-none-eabi/lib/thumb/v7e-m/nofp\libg.a(lib_a-lock.o)
 .ARM.attributes
                0x000003b6       0x2e c:/program files (x86)/gnu tools arm embedded/8 2019-q3-update/bin/../lib/gcc/arm-none-eabi/8.3.1/../../../../arm-none-eabi/lib/thumb/v7e-m/nofp\libg.a(lib_a-__atexit.o)
 .ARM.attributes
                0x000003e4       0x1e c:/program files (x86)/gnu tools arm embedded/8 2019-q3-update/bin/../lib/gcc/arm-none-eabi/8.3.1/thumb/v7e-m/nofp/crtn.o

.comment        0x00000000       0x76
 .comment       0x00000000       0x76 build/Default/debug/gcc/gcc/startup_same54.o
                                 0x77 (size before relaxing)
 .comment       0x00000076       0x77 build/Default/debug/hal/src/hal_atomic.o
 .comment       0x00000076       0x77 build/Default/debug/hal/src/hal_delay.o
 .comment       0x00000076       0x77 build/Default/debug/hpl/core/hpl_core_m4.o
 .comment       0x00000076       0x77 build/Default/debug/hpl/core/hpl_init.o
 .comment       0x00000076       0x77 build/Default/debug/hpl/gclk/hpl_gclk.o
 .comment       0x00000076       0x77 build/Default/debug/hpl/mclk/hpl_mclk.o
 .comment       0x00000076       0x77 build/Default/debug/hpl/osc32kctrl/hpl_osc32kctrl.o
 .comment       0x00000076       0x77 build/Default/debug/hpl/oscctrl/hpl_oscctrl.o
 .comment       0x00000076       0x77 build/Default/debug/hpl/ramecc/hpl_ramecc.o
 .comment       0x00000076       0x77 build/Default/debug/led_switcher_main.o
 .comment       0x00000076       0x77 build/Default/debug/driver_init.o
 .comment       0x00000076       0x77 build/Default/debug/atmel_start.o

.debug_info     0x00000000     0x8767
 .debug_info    0x00000000      0xe11 build/Default/debug/gcc/gcc/startup_same54.o
 .debug_info    0x00000e11      0x232 build/Default/debug/hal/src/hal_atomic.o
 .debug_info    0x00001043      0x215 build/Default/debug/hal/src/hal_delay.o
 .debug_info    0x00001258      0xd1c build/Default/debug/hpl/core/hpl_core_m4.o
 .debug_info    0x00001f74      0xc8b build/Default/debug/hpl/core/hpl_init.o
 .debug_info    0x00002bff      0x65d build/Default/debug/hpl/gclk/hpl_gclk.o
 .debug_info    0x0000325c      0xb00 build/Default/debug/hpl/mclk/hpl_mclk.o
 .debug_info    0x00003d5c      0x7ae build/Default/debug/hpl/osc32kctrl/hpl_osc32kctrl.o
 .debug_info    0x0000450a     0x1225 build/Default/debug/hpl/oscctrl/hpl_oscctrl.o
 .debug_info    0x0000572f      0xcc5 build/Default/debug/hpl/ramecc/hpl_ramecc.o
 .debug_info    0x000063f4      0xf6e build/Default/debug/led_switcher_main.o
 .debug_info    0x00007362     0x1309 build/Default/debug/driver_init.o
 .debug_info    0x0000866b       0xfc build/Default/debug/atmel_start.o

.debug_abbrev   0x00000000     0x1b5c
 .debug_abbrev  0x00000000      0x16f build/Default/debug/gcc/gcc/startup_same54.o
 .debug_abbrev  0x0000016f      0x187 build/Default/debug/hal/src/hal_atomic.o
 .debug_abbrev  0x000002f6      0x136 build/Default/debug/hal/src/hal_delay.o
 .debug_abbrev  0x0000042c      0x2de build/Default/debug/hpl/core/hpl_core_m4.o
 .debug_abbrev  0x0000070a      0x20d build/Default/debug/hpl/core/hpl_init.o
 .debug_abbrev  0x00000917      0x1ea build/Default/debug/hpl/gclk/hpl_gclk.o
 .debug_abbrev  0x00000b01      0x1ec build/Default/debug/hpl/mclk/hpl_mclk.o
 .debug_abbrev  0x00000ced      0x23c build/Default/debug/hpl/osc32kctrl/hpl_osc32kctrl.o
 .debug_abbrev  0x00000f29      0x214 build/Default/debug/hpl/oscctrl/hpl_oscctrl.o
 .debug_abbrev  0x0000113d      0x32a build/Default/debug/hpl/ramecc/hpl_ramecc.o
 .debug_abbrev  0x00001467      0x34b build/Default/debug/led_switcher_main.o
 .debug_abbrev  0x000017b2      0x304 build/Default/debug/driver_init.o
 .debug_abbrev  0x00001ab6       0xa6 build/Default/debug/atmel_start.o

.debug_loc      0x00000000      0xe24
 .debug_loc     0x00000000       0xab build/Default/debug/gcc/gcc/startup_same54.o
 .debug_loc     0x000000ab       0x2a build/Default/debug/hal/src/hal_atomic.o
 .debug_loc     0x000000d5       0xc7 build/Default/debug/hal/src/hal_delay.o
 .debug_loc     0x0000019c      0x231 build/Default/debug/hpl/core/hpl_core_m4.o
 .debug_loc     0x000003cd       0x5c build/Default/debug/hpl/core/hpl_init.o
 .debug_loc     0x00000429       0x7c build/Default/debug/hpl/gclk/hpl_gclk.o
 .debug_loc     0x000004a5       0x30 build/Default/debug/hpl/mclk/hpl_mclk.o
 .debug_loc     0x000004d5       0xcc build/Default/debug/hpl/osc32kctrl/hpl_osc32kctrl.o
 .debug_loc     0x000005a1       0x1a build/Default/debug/hpl/oscctrl/hpl_oscctrl.o
 .debug_loc     0x000005bb      0x167 build/Default/debug/hpl/ramecc/hpl_ramecc.o
 .debug_loc     0x00000722      0x259 build/Default/debug/led_switcher_main.o
 .debug_loc     0x0000097b      0x4a9 build/Default/debug/driver_init.o

.debug_aranges  0x00000000      0x258
 .debug_aranges
                0x00000000       0x28 build/Default/debug/gcc/gcc/startup_same54.o
 .debug_aranges
                0x00000028       0x30 build/Default/debug/hal/src/hal_atomic.o
 .debug_aranges
                0x00000058       0x38 build/Default/debug/hal/src/hal_delay.o
 .debug_aranges
                0x00000090       0x80 build/Default/debug/hpl/core/hpl_core_m4.o
 .debug_aranges
                0x00000110       0x20 build/Default/debug/hpl/core/hpl_init.o
 .debug_aranges
                0x00000130       0x28 build/Default/debug/hpl/gclk/hpl_gclk.o
 .debug_aranges
                0x00000158       0x20 build/Default/debug/hpl/mclk/hpl_mclk.o
 .debug_aranges
                0x00000178       0x20 build/Default/debug/hpl/osc32kctrl/hpl_osc32kctrl.o
 .debug_aranges
                0x00000198       0x28 build/Default/debug/hpl/oscctrl/hpl_oscctrl.o
 .debug_aranges
                0x000001c0       0x30 build/Default/debug/hpl/ramecc/hpl_ramecc.o
 .debug_aranges
                0x000001f0       0x28 build/Default/debug/led_switcher_main.o
 .debug_aranges
                0x00000218       0x20 build/Default/debug/driver_init.o
 .debug_aranges
                0x00000238       0x20 build/Default/debug/atmel_start.o

.debug_ranges   0x00000000      0x378
 .debug_ranges  0x00000000       0x18 build/Default/debug/gcc/gcc/startup_same54.o
 .debug_ranges  0x00000018       0x20 build/Default/debug/hal/src/hal_atomic.o
 .debug_ranges  0x00000038       0x28 build/Default/debug/hal/src/hal_delay.o
 .debug_ranges  0x00000060       0x70 build/Default/debug/hpl/core/hpl_core_m4.o
 .debug_ranges  0x000000d0       0x28 build/Default/debug/hpl/core/hpl_init.o
 .debug_ranges  0x000000f8       0x18 build/Default/debug/hpl/gclk/hpl_gclk.o
 .debug_ranges  0x00000110       0x10 build/Default/debug/hpl/mclk/hpl_mclk.o
 .debug_ranges  0x00000120       0x10 build/Default/debug/hpl/osc32kctrl/hpl_osc32kctrl.o
 .debug_ranges  0x00000130       0x18 build/Default/debug/hpl/oscctrl/hpl_oscctrl.o
 .debug_ranges  0x00000148       0x50 build/Default/debug/hpl/ramecc/hpl_ramecc.o
 .debug_ranges  0x00000198       0x98 build/Default/debug/led_switcher_main.o
 .debug_ranges  0x00000230      0x138 build/Default/debug/driver_init.o
 .debug_ranges  0x00000368       0x10 build/Default/debug/atmel_start.o

.debug_line     0x00000000     0x2144
 .debug_line    0x00000000      0x1e2 build/Default/debug/gcc/gcc/startup_same54.o
 .debug_line    0x000001e2      0x21d build/Default/debug/hal/src/hal_atomic.o
 .debug_line    0x000003ff      0x1d6 build/Default/debug/hal/src/hal_delay.o
 .debug_line    0x000005d5      0x418 build/Default/debug/hpl/core/hpl_core_m4.o
 .debug_line    0x000009ed      0x219 build/Default/debug/hpl/core/hpl_init.o
 .debug_line    0x00000c06      0x221 build/Default/debug/hpl/gclk/hpl_gclk.o
 .debug_line    0x00000e27      0x1be build/Default/debug/hpl/mclk/hpl_mclk.o
 .debug_line    0x00000fe5      0x222 build/Default/debug/hpl/osc32kctrl/hpl_osc32kctrl.o
 .debug_line    0x00001207      0x21c build/Default/debug/hpl/oscctrl/hpl_oscctrl.o
 .debug_line    0x00001423      0x39a build/Default/debug/hpl/ramecc/hpl_ramecc.o
 .debug_line    0x000017bd      0x3cc build/Default/debug/led_switcher_main.o
 .debug_line    0x00001b89      0x453 build/Default/debug/driver_init.o
 .debug_line    0x00001fdc      0x168 build/Default/debug/atmel_start.o

.debug_str      0x00000000     0x2d5f
 .debug_str     0x00000000      0xd60 build/Default/debug/gcc/gcc/startup_same54.o
                                0xdc9 (size before relaxing)
 .debug_str     0x00000d60       0xac build/Default/debug/hal/src/hal_atomic.o
                                0x269 (size before relaxing)
 .debug_str     0x00000e0c       0x8c build/Default/debug/hal/src/hal_delay.o
                                0x262 (size before relaxing)
 .debug_str     0x00000e98      0x8dd build/Default/debug/hpl/core/hpl_core_m4.o
                                0xb7e (size before relaxing)
 .debug_str     0x00001775      0x351 build/Default/debug/hpl/core/hpl_init.o
                                0x565 (size before relaxing)
 .debug_str     0x00001ac6      0x183 build/Default/debug/hpl/gclk/hpl_gclk.o
                                0x3af (size before relaxing)
 .debug_str     0x00001c49      0x307 build/Default/debug/hpl/mclk/hpl_mclk.o
                                0x520 (size before relaxing)
 .debug_str     0x00001f50      0x24f build/Default/debug/hpl/osc32kctrl/hpl_osc32kctrl.o
                                0x4a2 (size before relaxing)
 .debug_str     0x0000219f      0x3e5 build/Default/debug/hpl/oscctrl/hpl_oscctrl.o
                                0x6b4 (size before relaxing)
 .debug_str     0x00002584      0x248 build/Default/debug/hpl/ramecc/hpl_ramecc.o
                                0xc6e (size before relaxing)
 .debug_str     0x000027cc      0x3f9 build/Default/debug/led_switcher_main.o
                                0x67a (size before relaxing)
 .debug_str     0x00002bc5      0x18c build/Default/debug/driver_init.o
                                0x717 (size before relaxing)
 .debug_str     0x00002d51        0xe build/Default/debug/atmel_start.o
                                0x1ed (size before relaxing)

.debug_frame    0x00000000      0x520
 .debug_frame   0x00000000       0x38 build/Default/debug/gcc/gcc/startup_same54.o
 .debug_frame   0x00000038       0x40 build/Default/debug/hal/src/hal_atomic.o
 .debug_frame   0x00000078       0x68 build/Default/debug/hal/src/hal_delay.o
 .debug_frame   0x000000e0       0xe0 build/Default/debug/hpl/core/hpl_core_m4.o
 .debug_frame   0x000001c0       0x2c build/Default/debug/hpl/core/hpl_init.o
 .debug_frame   0x000001ec       0x30 build/Default/debug/hpl/gclk/hpl_gclk.o
 .debug_frame   0x0000021c       0x20 build/Default/debug/hpl/mclk/hpl_mclk.o
 .debug_frame   0x0000023c       0x20 build/Default/debug/hpl/osc32kctrl/hpl_osc32kctrl.o
 .debug_frame   0x0000025c       0x30 build/Default/debug/hpl/oscctrl/hpl_oscctrl.o
 .debug_frame   0x0000028c       0x4c build/Default/debug/hpl/ramecc/hpl_ramecc.o
 .debug_frame   0x000002d8       0x44 build/Default/debug/led_switcher_main.o
 .debug_frame   0x0000031c       0x28 build/Default/debug/driver_init.o
 .debug_frame   0x00000344       0x20 build/Default/debug/atmel_start.o
 .debug_frame   0x00000364       0x2c c:/program files (x86)/gnu tools arm embedded/8 2019-q3-update/bin/../lib/gcc/arm-none-eabi/8.3.1/../../../../arm-none-eabi/lib/thumb/v7e-m/nofp\libg.a(lib_a-init.o)
 .debug_frame   0x00000390       0x5c c:/program files (x86)/gnu tools arm embedded/8 2019-q3-update/bin/../lib/gcc/arm-none-eabi/8.3.1/../../../../arm-none-eabi/lib/thumb/v7e-m/nofp\libg.a(lib_a-__call_atexit.o)
 .debug_frame   0x000003ec       0x20 c:/program files (x86)/gnu tools arm embedded/8 2019-q3-update/bin/../lib/gcc/arm-none-eabi/8.3.1/../../../../arm-none-eabi/lib/thumb/v7e-m/nofp\libg.a(lib_a-atexit.o)
 .debug_frame   0x0000040c       0x34 c:/program files (x86)/gnu tools arm embedded/8 2019-q3-update/bin/../lib/gcc/arm-none-eabi/8.3.1/../../../../arm-none-eabi/lib/thumb/v7e-m/nofp\libg.a(lib_a-fini.o)
 .debug_frame   0x00000440       0xb0 c:/program files (x86)/gnu tools arm embedded/8 2019-q3-update/bin/../lib/gcc/arm-none-eabi/8.3.1/../../../../arm-none-eabi/lib/thumb/v7e-m/nofp\libg.a(lib_a-lock.o)
 .debug_frame   0x000004f0       0x30 c:/program files (x86)/gnu tools arm embedded/8 2019-q3-update/bin/../lib/gcc/arm-none-eabi/8.3.1/../../../../arm-none-eabi/lib/thumb/v7e-m/nofp\libg.a(lib_a-__atexit.o)

.stabstr        0x00000000       0x72
 .stabstr       0x00000000       0x72 c:/program files (x86)/gnu tools arm embedded/8 2019-q3-update/bin/../lib/gcc/arm-none-eabi/8.3.1/../../../../arm-none-eabi/lib/thumb/v7e-m/nofp\libnosys.a(read.o)
