Archive member included to satisfy reference by file (symbol)

c:/program files/microchip/xc32/v2.41/bin/bin/../../lib/gcc/pic32c/6.2.1/../../../../pic32c/lib/v7e-m/fpv4-sp/hard\libpic32c.a(data_init.o)
                              build/sam_e54_xpro/production/_ext/68098787/startup_xc32.o (__pic32c_data_initialization)
c:/program files/microchip/xc32/v2.41/bin/bin/../../lib/gcc/pic32c/6.2.1/v7e-m/fpv4-sp/hard\libgcc.a(_aeabi_uldivmod.o)
                              build/sam_e54_xpro/production/_ext/2060180706/plib_sercom2_usart.o (__aeabi_uldivmod)
c:/program files/microchip/xc32/v2.41/bin/bin/../../lib/gcc/pic32c/6.2.1/v7e-m/fpv4-sp/hard\libgcc.a(_udivmoddi4.o)
                              c:/program files/microchip/xc32/v2.41/bin/bin/../../lib/gcc/pic32c/6.2.1/v7e-m/fpv4-sp/hard\libgcc.a(_aeabi_uldivmod.o) (__udivmoddi4)
c:/program files/microchip/xc32/v2.41/bin/bin/../../lib/gcc/pic32c/6.2.1/v7e-m/fpv4-sp/hard\libgcc.a(_dvmd_tls.o)
                              c:/program files/microchip/xc32/v2.41/bin/bin/../../lib/gcc/pic32c/6.2.1/v7e-m/fpv4-sp/hard\libgcc.a(_aeabi_uldivmod.o) (__aeabi_ldiv0)
c:/program files/microchip/xc32/v2.41/bin/bin/../../lib/gcc/pic32c/6.2.1/../../../../pic32c/lib/v7e-m/fpv4-sp/hard\libc_nano.a(lib_a-impure.o)
                              build/sam_e54_xpro/production/_ext/68098787/initialization.o (_impure_ptr)
c:/program files/microchip/xc32/v2.41/bin/bin/../../lib/gcc/pic32c/6.2.1/../../../../pic32c/lib/v7e-m/fpv4-sp/hard\libc_nano.a(lib_a-init.o)
                              build/sam_e54_xpro/production/_ext/68098787/startup_xc32.o (__libc_init_array)
c:/program files/microchip/xc32/v2.41/bin/bin/../../lib/gcc/pic32c/6.2.1/../../../../pic32c/lib/v7e-m/fpv4-sp/hard\libc_nano.a(lib_a-memcpy-stub.o)
                              build/sam_e54_xpro/production/_ext/1986180951/plib_nvmctrl.o (memcpy)
c:/program files/microchip/xc32/v2.41/bin/bin/../../lib/gcc/pic32c/6.2.1/../../../../pic32c/lib/v7e-m/fpv4-sp/hard\libc_nano.a(lib_a-printf.o)
                              build/sam_e54_xpro/production/_ext/1360937237/main.o (printf)
c:/program files/microchip/xc32/v2.41/bin/bin/../../lib/gcc/pic32c/6.2.1/../../../../pic32c/lib/v7e-m/fpv4-sp/hard\libc_nano.a(lib_a-setbuf.o)
                              build/sam_e54_xpro/production/_ext/68098787/initialization.o (setbuf)
c:/program files/microchip/xc32/v2.41/bin/bin/../../lib/gcc/pic32c/6.2.1/../../../../pic32c/lib/v7e-m/fpv4-sp/hard\libc_nano.a(lib_a-setvbuf.o)
                              c:/program files/microchip/xc32/v2.41/bin/bin/../../lib/gcc/pic32c/6.2.1/../../../../pic32c/lib/v7e-m/fpv4-sp/hard\libc_nano.a(lib_a-setbuf.o) (setvbuf)
c:/program files/microchip/xc32/v2.41/bin/bin/../../lib/gcc/pic32c/6.2.1/../../../../pic32c/lib/v7e-m/fpv4-sp/hard\libc_nano.a(lib_a-fflush.o)
                              c:/program files/microchip/xc32/v2.41/bin/bin/../../lib/gcc/pic32c/6.2.1/../../../../pic32c/lib/v7e-m/fpv4-sp/hard\libc_nano.a(lib_a-setvbuf.o) (_fflush_r)
c:/program files/microchip/xc32/v2.41/bin/bin/../../lib/gcc/pic32c/6.2.1/../../../../pic32c/lib/v7e-m/fpv4-sp/hard\libc_nano.a(lib_a-findfp.o)
                              c:/program files/microchip/xc32/v2.41/bin/bin/../../lib/gcc/pic32c/6.2.1/../../../../pic32c/lib/v7e-m/fpv4-sp/hard\libc_nano.a(lib_a-printf.o) (__sinit)
c:/program files/microchip/xc32/v2.41/bin/bin/../../lib/gcc/pic32c/6.2.1/../../../../pic32c/lib/v7e-m/fpv4-sp/hard\libc_nano.a(lib_a-fwalk.o)
                              c:/program files/microchip/xc32/v2.41/bin/bin/../../lib/gcc/pic32c/6.2.1/../../../../pic32c/lib/v7e-m/fpv4-sp/hard\libc_nano.a(lib_a-fflush.o) (_fwalk_reent)
c:/program files/microchip/xc32/v2.41/bin/bin/../../lib/gcc/pic32c/6.2.1/../../../../pic32c/lib/v7e-m/fpv4-sp/hard\libc_nano.a(lib_a-makebuf.o)
                              c:/program files/microchip/xc32/v2.41/bin/bin/../../lib/gcc/pic32c/6.2.1/../../../../pic32c/lib/v7e-m/fpv4-sp/hard\libc_nano.a(lib_a-setvbuf.o) (__swhatbuf_r)
c:/program files/microchip/xc32/v2.41/bin/bin/../../lib/gcc/pic32c/6.2.1/../../../../pic32c/lib/v7e-m/fpv4-sp/hard\libc_nano.a(lib_a-malloc.o)
                              c:/program files/microchip/xc32/v2.41/bin/bin/../../lib/gcc/pic32c/6.2.1/../../../../pic32c/lib/v7e-m/fpv4-sp/hard\libc_nano.a(lib_a-setvbuf.o) (malloc)
c:/program files/microchip/xc32/v2.41/bin/bin/../../lib/gcc/pic32c/6.2.1/../../../../pic32c/lib/v7e-m/fpv4-sp/hard\libc_nano.a(lib_a-memset.o)
                              c:/program files/microchip/xc32/v2.41/bin/bin/../../lib/gcc/pic32c/6.2.1/../../../../pic32c/lib/v7e-m/fpv4-sp/hard\libc_nano.a(lib_a-findfp.o) (memset)
c:/program files/microchip/xc32/v2.41/bin/bin/../../lib/gcc/pic32c/6.2.1/../../../../pic32c/lib/v7e-m/fpv4-sp/hard\libc_nano.a(lib_a-nano-freer.o)
                              c:/program files/microchip/xc32/v2.41/bin/bin/../../lib/gcc/pic32c/6.2.1/../../../../pic32c/lib/v7e-m/fpv4-sp/hard\libc_nano.a(lib_a-setvbuf.o) (_free_r)
[...]
Memory Configuration

Name             Origin             Length             Attributes
rom              0x00000000         0x00100000         xrl
ram              0x20000000         0x00040000         xw !r
config_00804000  0x00804000         0x00000004
config_00804008  0x00804008         0x00000004
config_00804004  0x00804004         0x00000004
*default*        0x00000000         0xffffffff

Linker script and memory map

LOAD c:/program files/microchip/xc32/v2.41/bin/bin/../../lib/gcc/pic32c/6.2.1/v7e-m/fpv4-sp/hard/crti.o
LOAD c:/program files/microchip/xc32/v2.41/bin/bin/../../lib/gcc/pic32c/6.2.1/v7e-m/fpv4-sp/hard/crtbegin.o
LOAD build/sam_e54_xpro/production/_ext/2056749927/plib_clock.o
LOAD build/sam_e54_xpro/production/_ext/349294639/plib_cmcc.o
LOAD build/sam_e54_xpro/production/_ext/2058899413/plib_evsys.o
LOAD build/sam_e54_xpro/production/_ext/348958103/plib_nvic.o
LOAD build/sam_e54_xpro/production/_ext/1986180951/plib_nvmctrl.o
LOAD build/sam_e54_xpro/production/_ext/348904952/plib_port.o
LOAD build/sam_e54_xpro/production/_ext/1950915590/plib_rtc_clock.o
LOAD build/sam_e54_xpro/production/_ext/2060180706/plib_sercom2_usart.o
LOAD build/sam_e54_xpro/production/_ext/498645085/xc32_monitor.o
LOAD build/sam_e54_xpro/production/_ext/68098787/initialization.o
LOAD build/sam_e54_xpro/production/_ext/68098787/interrupts.o
LOAD build/sam_e54_xpro/production/_ext/68098787/exceptions.o
LOAD build/sam_e54_xpro/production/_ext/68098787/startup_xc32.o
LOAD build/sam_e54_xpro/production/_ext/68098787/libc_syscalls.o
LOAD build/sam_e54_xpro/production/_ext/1360937237/main.o
LOAD build/sam_e54_xpro/production/_ext/2060180706/plib_sercom7_usart.o
                0x00000001                __MPLAB_BUILD = 0x1
                0x00100000                __rom_end = (ORIGIN (rom) + LENGTH (rom))
                0x20040000                __ram_end = (ORIGIN (ram) + LENGTH (ram))

.config_00804000
                0x00804000        0x4
 *(.config_00804000)
 .config_00804000
                0x00804000        0x4 build/sam_e54_xpro/production/_ext/68098787/initialization.o

.config_00804008
                0x00804008        0x4
 *(.config_00804008)
 .config_00804008
                0x00804008        0x4 build/sam_e54_xpro/production/_ext/68098787/initialization.o

.config_00804004
                0x00804004        0x4
 *(.config_00804004)
 .config_00804004
                0x00804004        0x4 build/sam_e54_xpro/production/_ext/68098787/initialization.o

.vectors        0x00000000      0x264
                0x00000000                . = ALIGN (0x4)
                0x00000000                _sfixed = .
 *(.vectors .vectors.* .vectors_default .vectors_default.*)
 .vectors       0x00000000      0x264 build/sam_e54_xpro/production/_ext/68098787/interrupts.o
                0x00000000                exception_table
 *(.isr_vector)
 *(.reset*)
 *(.after_vectors)

.text           0x00000264       0x20
                0x00000264                . = ALIGN (0x4)
 *(.glue_7t)
 .glue_7t       0x00000264        0x0 linker stubs
 *(.glue_7)
 .glue_7        0x00000264        0x0 linker stubs
 *(.gnu.linkonce.r.*)
 *(.ARM.extab* .gnu.linkonce.armextab.*)
                0x00000264                . = ALIGN (0x4)
 *(.init)
 .init          0x00000264        0x4 c:/program files/microchip/xc32/v2.41/bin/bin/../../lib/gcc/pic32c/6.2.1/v7e-m/fpv4-sp/hard/crti.o
                0x00000264                _init
 .init          0x00000268        0x8 c:/program files/microchip/xc32/v2.41/bin/bin/../../lib/gcc/pic32c/6.2.1/v7e-m/fpv4-sp/hard/crtn.o
                0x00000270                . = ALIGN (0x4)
                0x00000270                __preinit_array_start = .
 *(.preinit_array)
                0x00000270                __preinit_array_end = .
                0x00000270                . = ALIGN (0x4)
                0x00000270                __init_array_start = .
 *(SORT(.init_array.*))
 *(.init_array)
 .init_array    0x00000270        0x4 c:/program files/microchip/xc32/v2.41/bin/bin/../../lib/gcc/pic32c/6.2.1/v7e-m/fpv4-sp/hard/crtbegin.o
                0x00000274                __init_array_end = .
                0x00000274                . = ALIGN (0x4)
 *crtbegin.o(.ctors)
 *(EXCLUDE_FILE(*crtend.o) .ctors)
 *(SORT(.ctors.*))
 *crtend.o(.ctors)
                0x00000274                . = ALIGN (0x4)
 *(.fini)
 .fini          0x00000274        0x4 c:/program files/microchip/xc32/v2.41/bin/bin/../../lib/gcc/pic32c/6.2.1/v7e-m/fpv4-sp/hard/crti.o
                0x00000274                _fini
 .fini          0x00000278        0x8 c:/program files/microchip/xc32/v2.41/bin/bin/../../lib/gcc/pic32c/6.2.1/v7e-m/fpv4-sp/hard/crtn.o
                0x00000280                . = ALIGN (0x4)
                0x00000280                __fini_array_start = .
 *(.fini_array)
 .fini_array    0x00000280        0x4 c:/program files/microchip/xc32/v2.41/bin/bin/../../lib/gcc/pic32c/6.2.1/v7e-m/fpv4-sp/hard/crtbegin.o
 *(SORT(.fini_array.*))
                0x00000284                __fini_array_end = .
 *crtbegin.o(.dtors)
 *(EXCLUDE_FILE(*crtend.o) .dtors)
 *(SORT(.dtors.*))
 *crtend.o(.dtors)
                0x00000284                . = ALIGN (0x4)
                0x00000284                _efixed = .
                [!provide]                PROVIDE (__exidx_start, .)

.ARM.exidx
 *(.ARM.exidx* .gnu.linkonce.armexidx.*)
                [!provide]                PROVIDE (__exidx_end, .)
                0x00000284                . = ALIGN (0x4)
                0x00000284                _etext = .

.bss            0x20000000        0x8
                0x20000000                . = ALIGN (0x4)
                0x20000000                __bss_start__ = .
                0x20000000                _sbss = .
                0x20000000                _szero = .
 *(COMMON)
 COMMON         0x20000000        0x1 build/sam_e54_xpro/production/_ext/1360937237/main.o
                0x20000000                alarm_triggered
 *fill*         0x20000001        0x3 
 COMMON         0x20000004        0x4 c:/program files/microchip/xc32/v2.41/bin/bin/../../lib/gcc/pic32c/6.2.1/../../../../pic32c/lib/v7e-m/fpv4-sp/hard\libc_nano.a(lib_a-reent.o)
                0x20000004                errno
                0x20000008                . = ALIGN (0x4)
                0x20000008                __bss_end__ = .
                0x20000008                _ebss = .
                0x20000008                _ezero = .
                0x20000008                . = ALIGN (0x4)
                0x20000008                _end = .
                0x2003ffff                _ram_end_ = ((ORIGIN (ram) + LENGTH (ram)) - 0x1)
                0x00000200                _min_heap_size = 0x200
START GROUP
LOAD c:/program files/microchip/xc32/v2.41/bin/bin/../../lib/gcc/pic32c/6.2.1/../../../../pic32c/lib/v7e-m/fpv4-sp/hard\libpic32c.a
LOAD c:/program files/microchip/xc32/v2.41/bin/bin/../../lib/gcc/pic32c/6.2.1/v7e-m/fpv4-sp/hard\libgcc.a
LOAD c:/program files/microchip/xc32/v2.41/bin/bin/../../lib/gcc/pic32c/6.2.1/../../../../pic32c/lib/v7e-m/fpv4-sp/hard\libm_nano.a
LOAD c:/program files/microchip/xc32/v2.41/bin/bin/../../lib/gcc/pic32c/6.2.1/../../../../pic32c/lib/v7e-m/fpv4-sp/hard\libc_nano.a
END GROUP
LOAD c:/program files/microchip/xc32/v2.41/bin/bin/../../lib/gcc/pic32c/6.2.1/v7e-m/fpv4-sp/hard/crtend.o
LOAD c:/program files/microchip/xc32/v2.41/bin/bin/../../lib/gcc/pic32c/6.2.1/v7e-m/fpv4-sp/hard/crtn.o
OUTPUT(dist/sam_e54_xpro/production/sam_e54_xpro.X.production.elf elf32-littlearm)
LOAD stack
LOAD data_init

.ARM.attributes
                0x00000000       0x30
 .ARM.attributes
                0x00000000       0x22 c:/program files/microchip/xc32/v2.41/bin/bin/../../lib/gcc/pic32c/6.2.1/v7e-m/fpv4-sp/hard/crti.o
 .ARM.attributes
                0x00000022       0x34 c:/program files/microchip/xc32/v2.41/bin/bin/../../lib/gcc/pic32c/6.2.1/v7e-m/fpv4-sp/hard/crtbegin.o
 .ARM.attributes
                0x00000056       0x39 build/sam_e54_xpro/production/_ext/2056749927/plib_clock.o
 .ARM.attributes
                0x0000008f       0x39 build/sam_e54_xpro/production/_ext/2058899413/plib_evsys.o
 .ARM.attributes
                0x000000c8       0x39 build/sam_e54_xpro/production/_ext/348958103/plib_nvic.o
 .ARM.attributes
                0x00000101       0x39 build/sam_e54_xpro/production/_ext/1986180951/plib_nvmctrl.o
 .ARM.attributes
                0x0000013a       0x39 build/sam_e54_xpro/production/_ext/348904952/plib_port.o
 .ARM.attributes
                0x00000173       0x39 build/sam_e54_xpro/production/_ext/1950915590/plib_rtc_clock.o
 .ARM.attributes
                0x000001ac       0x39 build/sam_e54_xpro/production/_ext/2060180706/plib_sercom2_usart.o
 .ARM.attributes
                0x000001e5       0x39 build/sam_e54_xpro/production/_ext/498645085/xc32_monitor.o
 .ARM.attributes
                0x0000021e       0x39 build/sam_e54_xpro/production/_ext/68098787/initialization.o
 .ARM.attributes
                0x00000257       0x39 build/sam_e54_xpro/production/_ext/68098787/interrupts.o
 .ARM.attributes
                0x00000290       0x39 build/sam_e54_xpro/production/_ext/68098787/exceptions.o
 .ARM.attributes
                0x000002c9       0x39 build/sam_e54_xpro/production/_ext/68098787/startup_xc32.o
 .ARM.attributes
                0x00000302       0x39 build/sam_e54_xpro/production/_ext/1360937237/main.o
 .ARM.attributes
                0x0000033b       0x39 build/sam_e54_xpro/production/_ext/2060180706/plib_sercom7_usart.o
 .ARM.attributes
                0x00000374       0x34 c:/program files/microchip/xc32/v2.41/bin/bin/../../lib/gcc/pic32c/6.2.1/../../../../pic32c/lib/v7e-m/fpv4-sp/hard\libpic32c.a(data_init.o)
 .ARM.attributes
                0x000003a8       0x34 c:/program files/microchip/xc32/v2.41/bin/bin/../../lib/gcc/pic32c/6.2.1/../../../../pic32c/lib/v7e-m/fpv4-sp/hard\libc_nano.a(lib_a-impure.o)
 .ARM.attributes
                0x000003dc       0x34 c:/program files/microchip/xc32/v2.41/bin/bin/../../lib/gcc/pic32c/6.2.1/../../../../pic32c/lib/v7e-m/fpv4-sp/hard\libc_nano.a(lib_a-init.o)
 .ARM.attributes
                0x00000410       0x34 c:/program files/microchip/xc32/v2.41/bin/bin/../../lib/gcc/pic32c/6.2.1/../../../../pic32c/lib/v7e-m/fpv4-sp/hard\libc_nano.a(lib_a-printf.o)
 .ARM.attributes
                0x00000444       0x34 c:/program files/microchip/xc32/v2.41/bin/bin/../../lib/gcc/pic32c/6.2.1/../../../../pic32c/lib/v7e-m/fpv4-sp/hard\libc_nano.a(lib_a-setbuf.o)
 .ARM.attributes
                0x00000478       0x34 c:/program files/microchip/xc32/v2.41/bin/bin/../../lib/gcc/pic32c/6.2.1/../../../../pic32c/lib/v7e-m/fpv4-sp/hard\libc_nano.a(lib_a-setvbuf.o)
 .ARM.attributes
                0x000004ac       0x34 c:/program files/microchip/xc32/v2.41/bin/bin/../../lib/gcc/pic32c/6.2.1/../../../../pic32c/lib/v7e-m/fpv4-sp/hard\libc_nano.a(lib_a-fflush.o)
 .ARM.attributes
                0x000004e0       0x34 c:/program files/microchip/xc32/v2.41/bin/bin/../../lib/gcc/pic32c/6.2.1/../../../../pic32c/lib/v7e-m/fpv4-sp/hard\libc_nano.a(lib_a-findfp.o)
 .ARM.attributes
                0x00000514       0x34 c:/program files/microchip/xc32/v2.41/bin/bin/../../lib/gcc/pic32c/6.2.1/../../../../pic32c/lib/v7e-m/fpv4-sp/hard\libc_nano.a(lib_a-fwalk.o)
 .ARM.attributes
                0x00000548       0x34 c:/program files/microchip/xc32/v2.41/bin/bin/../../lib/gcc/pic32c/6.2.1/../../../../pic32c/lib/v7e-m/fpv4-sp/hard\libc_nano.a(lib_a-makebuf.o)
 .ARM.attributes
                0x0000057c       0x34 c:/program files/microchip/xc32/v2.41/bin/bin/../../lib/gcc/pic32c/6.2.1/../../../../pic32c/lib/v7e-m/fpv4-sp/hard\libc_nano.a(lib_a-malloc.o)
 .ARM.attributes
                0x000005b0       0x34 c:/program files/microchip/xc32/v2.41/bin/bin/../../lib/gcc/pic32c/6.2.1/../../../../pic32c/lib/v7e-m/fpv4-sp/hard\libc_nano.a(lib_a-memset.o)
 .ARM.attributes
                0x000005e4       0x34 c:/program files/microchip/xc32/v2.41/bin/bin/../../lib/gcc/pic32c/6.2.1/../../../../pic32c/lib/v7e-m/fpv4-sp/hard\libc_nano.a(lib_a-nano-freer.o)
 .ARM.attributes
                0x00000618       0x34 c:/program files/microchip/xc32/v2.41/bin/bin/../../lib/gcc/pic32c/6.2.1/../../../../pic32c/lib/v7e-m/fpv4-sp/hard\libc_nano.a(lib_a-nano-mallocr.o)
 .ARM.attributes
                0x0000064c       0x34 c:/program files/microchip/xc32/v2.41/bin/bin/../../lib/gcc/pic32c/6.2.1/../../../../pic32c/lib/v7e-m/fpv4-sp/hard\libc_nano.a(lib_a-nano-vfprintf.o)
 .ARM.attributes
                0x00000680       0x34 c:/program files/microchip/xc32/v2.41/bin/bin/../../lib/gcc/pic32c/6.2.1/../../../../pic32c/lib/v7e-m/fpv4-sp/hard\libc_nano.a(_lib_a-nano-vfprintf.s.o)
 .ARM.attributes
                0x000006b4       0x34 c:/program files/microchip/xc32/v2.41/bin/bin/../../lib/gcc/pic32c/6.2.1/../../../../pic32c/lib/v7e-m/fpv4-sp/hard\libc_nano.a(lib_a-sbrkr.o)
 .ARM.attributes
                0x000006e8       0x34 c:/program files/microchip/xc32/v2.41/bin/bin/../../lib/gcc/pic32c/6.2.1/../../../../pic32c/lib/v7e-m/fpv4-sp/hard\libc_nano.a(lib_a-__ssfputs.o)
 .ARM.attributes
                0x0000071c       0x34 c:/program files/microchip/xc32/v2.41/bin/bin/../../lib/gcc/pic32c/6.2.1/../../../../pic32c/lib/v7e-m/fpv4-sp/hard\libc_nano.a(lib_a-stdio.o)
 .ARM.attributes
                0x00000750       0x34 c:/program files/microchip/xc32/v2.41/bin/bin/../../lib/gcc/pic32c/6.2.1/../../../../pic32c/lib/v7e-m/fpv4-sp/hard\libc_nano.a(lib_a-wbuf.o)
 .ARM.attributes
                0x00000784       0x34 c:/program files/microchip/xc32/v2.41/bin/bin/../../lib/gcc/pic32c/6.2.1/../../../../pic32c/lib/v7e-m/fpv4-sp/hard\libc_nano.a(lib_a-writer.o)
 .ARM.attributes
                0x000007b8       0x34 c:/program files/microchip/xc32/v2.41/bin/bin/../../lib/gcc/pic32c/6.2.1/../../../../pic32c/lib/v7e-m/fpv4-sp/hard\libc_nano.a(lib_a-wsetup.o)
 .ARM.attributes
                0x000007ec       0x34 c:/program files/microchip/xc32/v2.41/bin/bin/../../lib/gcc/pic32c/6.2.1/../../../../pic32c/lib/v7e-m/fpv4-sp/hard\libc_nano.a(lib_a-closer.o)
 .ARM.attributes
                0x00000820       0x34 c:/program files/microchip/xc32/v2.41/bin/bin/../../lib/gcc/pic32c/6.2.1/../../../../pic32c/lib/v7e-m/fpv4-sp/hard\libc_nano.a(lib_a-fputwc.o)
 .ARM.attributes
                0x00000854       0x34 c:/program files/microchip/xc32/v2.41/bin/bin/../../lib/gcc/pic32c/6.2.1/../../../../pic32c/lib/v7e-m/fpv4-sp/hard\libc_nano.a(lib_a-fstatr.o)
 .ARM.attributes
                0x00000888       0x34 c:/program files/microchip/xc32/v2.41/bin/bin/../../lib/gcc/pic32c/6.2.1/../../../../pic32c/lib/v7e-m/fpv4-sp/hard\libc_nano.a(lib_a-isattyr.o)
 .ARM.attributes
                0x000008bc       0x34 c:/program files/microchip/xc32/v2.41/bin/bin/../../lib/gcc/pic32c/6.2.1/../../../../pic32c/lib/v7e-m/fpv4-sp/hard\libc_nano.a(lib_a-locale.o)
 .ARM.attributes
                0x000008f0       0x34 c:/program files/microchip/xc32/v2.41/bin/bin/../../lib/gcc/pic32c/6.2.1/../../../../pic32c/lib/v7e-m/fpv4-sp/hard\libc_nano.a(lib_a-lseekr.o)
 .ARM.attributes
                0x00000924       0x34 c:/program files/microchip/xc32/v2.41/bin/bin/../../lib/gcc/pic32c/6.2.1/../../../../pic32c/lib/v7e-m/fpv4-sp/hard\libc_nano.a(lib_a-mbtowc_r.o)
 .ARM.attributes
                0x00000958       0x20 c:/program files/microchip/xc32/v2.41/bin/bin/../../lib/gcc/pic32c/6.2.1/../../../../pic32c/lib/v7e-m/fpv4-sp/hard\libc_nano.a(lib_a-memchr.o)
 .ARM.attributes
                0x00000978       0x34 c:/program files/microchip/xc32/v2.41/bin/bin/../../lib/gcc/pic32c/6.2.1/../../../../pic32c/lib/v7e-m/fpv4-sp/hard\libc_nano.a(lib_a-mlock.o)
 .ARM.attributes
                0x000009ac       0x34 c:/program files/microchip/xc32/v2.41/bin/bin/../../lib/gcc/pic32c/6.2.1/../../../../pic32c/lib/v7e-m/fpv4-sp/hard\libc_nano.a(lib_a-nano-vfprintf_i.o)
 .ARM.attributes
                0x000009e0       0x34 c:/program files/microchip/xc32/v2.41/bin/bin/../../lib/gcc/pic32c/6.2.1/../../../../pic32c/lib/v7e-m/fpv4-sp/hard\libc_nano.a(lib_a-readr.o)
 .ARM.attributes
                0x00000a14       0x34 c:/program files/microchip/xc32/v2.41/bin/bin/../../lib/gcc/pic32c/6.2.1/../../../../pic32c/lib/v7e-m/fpv4-sp/hard\libc_nano.a(lib_a-reent.o)
 .ARM.attributes
                0x00000a48       0x34 c:/program files/microchip/xc32/v2.41/bin/bin/../../lib/gcc/pic32c/6.2.1/../../../../pic32c/lib/v7e-m/fpv4-sp/hard\libc_nano.a(lib_a-wcrtomb.o)
 .ARM.attributes
                0x00000a7c       0x34 c:/program files/microchip/xc32/v2.41/bin/bin/../../lib/gcc/pic32c/6.2.1/../../../../pic32c/lib/v7e-m/fpv4-sp/hard\libc_nano.a(lib_a-wctomb_r.o)
 .ARM.attributes
                0x00000ab0       0x34 c:/program files/microchip/xc32/v2.41/bin/bin/../../lib/gcc/pic32c/6.2.1/../../../../pic32c/lib/v7e-m/fpv4-sp/hard\libc_nano.a(lib_a-ctype_.o)
 .ARM.attributes
                0x00000ae4       0x34 c:/program files/microchip/xc32/v2.41/bin/bin/../../lib/gcc/pic32c/6.2.1/../../../../pic32c/lib/v7e-m/fpv4-sp/hard\libpic32c.a(_close.o)
 .ARM.attributes
                0x00000b18       0x34 c:/program files/microchip/xc32/v2.41/bin/bin/../../lib/gcc/pic32c/6.2.1/../../../../pic32c/lib/v7e-m/fpv4-sp/hard\libpic32c.a(_fstat.o)
 .ARM.attributes
                0x00000b4c       0x34 c:/program files/microchip/xc32/v2.41/bin/bin/../../lib/gcc/pic32c/6.2.1/../../../../pic32c/lib/v7e-m/fpv4-sp/hard\libpic32c.a(_isatty.o)
 .ARM.attributes
                0x00000b80       0x34 c:/program files/microchip/xc32/v2.41/bin/bin/../../lib/gcc/pic32c/6.2.1/../../../../pic32c/lib/v7e-m/fpv4-sp/hard\libpic32c.a(_lseek.o)
 .ARM.attributes
                0x00000bb4       0x34 c:/program files/microchip/xc32/v2.41/bin/bin/../../lib/gcc/pic32c/6.2.1/../../../../pic32c/lib/v7e-m/fpv4-sp/hard\libpic32c.a(_read.o)
 .ARM.attributes
                0x00000be8       0x34 c:/program files/microchip/xc32/v2.41/bin/bin/../../lib/gcc/pic32c/6.2.1/../../../../pic32c/lib/v7e-m/fpv4-sp/hard\libpic32c.a(sbrk.o)
 .ARM.attributes
                0x00000c1c       0x34 c:/program files/microchip/xc32/v2.41/bin/bin/../../lib/gcc/pic32c/6.2.1/../../../../pic32c/lib/v7e-m/fpv4-sp/hard\libpic32c.a(_write.o)
 .ARM.attributes
                0x00000c50       0x34 c:/program files/microchip/xc32/v2.41/bin/bin/../../lib/gcc/pic32c/6.2.1/../../../../pic32c/lib/v7e-m/fpv4-sp/hard\libpic32c.a(close.o)
 .ARM.attributes
                0x00000c84       0x34 c:/program files/microchip/xc32/v2.41/bin/bin/../../lib/gcc/pic32c/6.2.1/../../../../pic32c/lib/v7e-m/fpv4-sp/hard\libpic32c.a(fstat.o)
 .ARM.attributes
                0x00000cb8       0x34 c:/program files/microchip/xc32/v2.41/bin/bin/../../lib/gcc/pic32c/6.2.1/../../../../pic32c/lib/v7e-m/fpv4-sp/hard\libpic32c.a(isatty.o)
 .ARM.attributes
                0x00000cec       0x34 c:/program files/microchip/xc32/v2.41/bin/bin/../../lib/gcc/pic32c/6.2.1/../../../../pic32c/lib/v7e-m/fpv4-sp/hard\libpic32c.a(lseek.o)
 .ARM.attributes
                0x00000d20       0x34 c:/program files/microchip/xc32/v2.41/bin/bin/../../lib/gcc/pic32c/6.2.1/../../../../pic32c/lib/v7e-m/fpv4-sp/hard\libpic32c.a(read.o)
 .ARM.attributes
                0x00000d54       0x34 c:/program files/microchip/xc32/v2.41/bin/bin/../../lib/gcc/pic32c/6.2.1/../../../../pic32c/lib/v7e-m/fpv4-sp/hard\libpic32c.a(write.o)
 .ARM.attributes
                0x00000d88       0x22 c:/program files/microchip/xc32/v2.41/bin/bin/../../lib/gcc/pic32c/6.2.1/v7e-m/fpv4-sp/hard/crtn.o

.comment        0x00000000       0x3c
 .comment       0x00000000       0x3c c:/program files/microchip/xc32/v2.41/bin/bin/../../lib/gcc/pic32c/6.2.1/v7e-m/fpv4-sp/hard/crtbegin.o
                                 0x3d (size before relaxing)
 .comment       0x0000003c       0x3d build/sam_e54_xpro/production/_ext/2056749927/plib_clock.o
 .comment       0x0000003c       0x3d build/sam_e54_xpro/production/_ext/2058899413/plib_evsys.o
 .comment       0x0000003c       0x3d build/sam_e54_xpro/production/_ext/348958103/plib_nvic.o
 .comment       0x0000003c       0x3d build/sam_e54_xpro/production/_ext/1986180951/plib_nvmctrl.o
 .comment       0x0000003c       0x3d build/sam_e54_xpro/production/_ext/348904952/plib_port.o
 .comment       0x0000003c       0x3d build/sam_e54_xpro/production/_ext/1950915590/plib_rtc_clock.o
 .comment       0x0000003c       0x3d build/sam_e54_xpro/production/_ext/2060180706/plib_sercom2_usart.o
 .comment       0x0000003c       0x3d build/sam_e54_xpro/production/_ext/498645085/xc32_monitor.o
 .comment       0x0000003c       0x3d build/sam_e54_xpro/production/_ext/68098787/initialization.o
 .comment       0x0000003c       0x3d build/sam_e54_xpro/production/_ext/68098787/interrupts.o
 .comment       0x0000003c       0x3d build/sam_e54_xpro/production/_ext/68098787/exceptions.o
 .comment       0x0000003c       0x3d build/sam_e54_xpro/production/_ext/68098787/startup_xc32.o
 .comment       0x0000003c       0x3d build/sam_e54_xpro/production/_ext/1360937237/main.o
 .comment       0x0000003c       0x3d build/sam_e54_xpro/production/_ext/2060180706/plib_sercom7_usart.o
 .comment       0x0000003c       0x3d c:/program files/microchip/xc32/v2.41/bin/bin/../../lib/gcc/pic32c/6.2.1/../../../../pic32c/lib/v7e-m/fpv4-sp/hard\libpic32c.a(data_init.o)
 .comment       0x0000003c       0x3d c:/program files/microchip/xc32/v2.41/bin/bin/../../lib/gcc/pic32c/6.2.1/../../../../pic32c/lib/v7e-m/fpv4-sp/hard\libc_nano.a(lib_a-impure.o)
 .comment       0x0000003c       0x3d c:/program files/microchip/xc32/v2.41/bin/bin/../../lib/gcc/pic32c/6.2.1/../../../../pic32c/lib/v7e-m/fpv4-sp/hard\libc_nano.a(lib_a-init.o)
 .comment       0x0000003c       0x3d c:/program files/microchip/xc32/v2.41/bin/bin/../../lib/gcc/pic32c/6.2.1/../../../../pic32c/lib/v7e-m/fpv4-sp/hard\libc_nano.a(lib_a-printf.o)
 .comment       0x0000003c       0x3d c:/program files/microchip/xc32/v2.41/bin/bin/../../lib/gcc/pic32c/6.2.1/../../../../pic32c/lib/v7e-m/fpv4-sp/hard\libc_nano.a(lib_a-setbuf.o)
 .comment       0x0000003c       0x3d c:/program files/microchip/xc32/v2.41/bin/bin/../../lib/gcc/pic32c/6.2.1/../../../../pic32c/lib/v7e-m/fpv4-sp/hard\libc_nano.a(lib_a-setvbuf.o)
 .comment       0x0000003c       0x3d c:/program files/microchip/xc32/v2.41/bin/bin/../../lib/gcc/pic32c/6.2.1/../../../../pic32c/lib/v7e-m/fpv4-sp/hard\libc_nano.a(lib_a-fflush.o)
 .comment       0x0000003c       0x3d c:/program files/microchip/xc32/v2.41/bin/bin/../../lib/gcc/pic32c/6.2.1/../../../../pic32c/lib/v7e-m/fpv4-sp/hard\libc_nano.a(lib_a-findfp.o)
 .comment       0x0000003c       0x3d c:/program files/microchip/xc32/v2.41/bin/bin/../../lib/gcc/pic32c/6.2.1/../../../../pic32c/lib/v7e-m/fpv4-sp/hard\libc_nano.a(lib_a-fwalk.o)
 .comment       0x0000003c       0x3d c:/program files/microchip/xc32/v2.41/bin/bin/../../lib/gcc/pic32c/6.2.1/../../../../pic32c/lib/v7e-m/fpv4-sp/hard\libc_nano.a(lib_a-makebuf.o)
 .comment       0x0000003c       0x3d c:/program files/microchip/xc32/v2.41/bin/bin/../../lib/gcc/pic32c/6.2.1/../../../../pic32c/lib/v7e-m/fpv4-sp/hard\libc_nano.a(lib_a-malloc.o)
 .comment       0x0000003c       0x3d c:/program files/microchip/xc32/v2.41/bin/bin/../../lib/gcc/pic32c/6.2.1/../../../../pic32c/lib/v7e-m/fpv4-sp/hard\libc_nano.a(lib_a-memset.o)
 .comment       0x0000003c       0x3d c:/program files/microchip/xc32/v2.41/bin/bin/../../lib/gcc/pic32c/6.2.1/../../../../pic32c/lib/v7e-m/fpv4-sp/hard\libc_nano.a(lib_a-nano-freer.o)
 .comment       0x0000003c       0x3d c:/program files/microchip/xc32/v2.41/bin/bin/../../lib/gcc/pic32c/6.2.1/../../../../pic32c/lib/v7e-m/fpv4-sp/hard\libc_nano.a(lib_a-nano-mallocr.o)
 .comment       0x0000003c       0x3d c:/program files/microchip/xc32/v2.41/bin/bin/../../lib/gcc/pic32c/6.2.1/../../../../pic32c/lib/v7e-m/fpv4-sp/hard\libc_nano.a(lib_a-nano-vfprintf.o)
 .comment       0x0000003c       0x3d c:/program files/microchip/xc32/v2.41/bin/bin/../../lib/gcc/pic32c/6.2.1/../../../../pic32c/lib/v7e-m/fpv4-sp/hard\libc_nano.a(_lib_a-nano-vfprintf.s.o)
 .comment       0x0000003c       0x3d c:/program files/microchip/xc32/v2.41/bin/bin/../../lib/gcc/pic32c/6.2.1/../../../../pic32c/lib/v7e-m/fpv4-sp/hard\libc_nano.a(lib_a-sbrkr.o)
 .comment       0x0000003c       0x3d c:/program files/microchip/xc32/v2.41/bin/bin/../../lib/gcc/pic32c/6.2.1/../../../../pic32c/lib/v7e-m/fpv4-sp/hard\libc_nano.a(lib_a-__ssfputs.o)
 .comment       0x0000003c       0x3d c:/program files/microchip/xc32/v2.41/bin/bin/../../lib/gcc/pic32c/6.2.1/../../../../pic32c/lib/v7e-m/fpv4-sp/hard\libc_nano.a(lib_a-stdio.o)
 .comment       0x0000003c       0x3d c:/program files/microchip/xc32/v2.41/bin/bin/../../lib/gcc/pic32c/6.2.1/../../../../pic32c/lib/v7e-m/fpv4-sp/hard\libc_nano.a(lib_a-wbuf.o)
 .comment       0x0000003c       0x3d c:/program files/microchip/xc32/v2.41/bin/bin/../../lib/gcc/pic32c/6.2.1/../../../../pic32c/lib/v7e-m/fpv4-sp/hard\libc_nano.a(lib_a-writer.o)
 .comment       0x0000003c       0x3d c:/program files/microchip/xc32/v2.41/bin/bin/../../lib/gcc/pic32c/6.2.1/../../../../pic32c/lib/v7e-m/fpv4-sp/hard\libc_nano.a(lib_a-wsetup.o)
 .comment       0x0000003c       0x3d c:/program files/microchip/xc32/v2.41/bin/bin/../../lib/gcc/pic32c/6.2.1/../../../../pic32c/lib/v7e-m/fpv4-sp/hard\libc_nano.a(lib_a-closer.o)
 .comment       0x0000003c       0x3d c:/program files/microchip/xc32/v2.41/bin/bin/../../lib/gcc/pic32c/6.2.1/../../../../pic32c/lib/v7e-m/fpv4-sp/hard\libc_nano.a(lib_a-fputwc.o)
 .comment       0x0000003c       0x3d c:/program files/microchip/xc32/v2.41/bin/bin/../../lib/gcc/pic32c/6.2.1/../../../../pic32c/lib/v7e-m/fpv4-sp/hard\libc_nano.a(lib_a-fstatr.o)
 .comment       0x0000003c       0x3d c:/program files/microchip/xc32/v2.41/bin/bin/../../lib/gcc/pic32c/6.2.1/../../../../pic32c/lib/v7e-m/fpv4-sp/hard\libc_nano.a(lib_a-isattyr.o)
 .comment       0x0000003c       0x3d c:/program files/microchip/xc32/v2.41/bin/bin/../../lib/gcc/pic32c/6.2.1/../../../../pic32c/lib/v7e-m/fpv4-sp/hard\libc_nano.a(lib_a-locale.o)
 .comment       0x0000003c       0x3d c:/program files/microchip/xc32/v2.41/bin/bin/../../lib/gcc/pic32c/6.2.1/../../../../pic32c/lib/v7e-m/fpv4-sp/hard\libc_nano.a(lib_a-lseekr.o)
 .comment       0x0000003c       0x3d c:/program files/microchip/xc32/v2.41/bin/bin/../../lib/gcc/pic32c/6.2.1/../../../../pic32c/lib/v7e-m/fpv4-sp/hard\libc_nano.a(lib_a-mbtowc_r.o)
 .comment       0x0000003c       0x3d c:/program files/microchip/xc32/v2.41/bin/bin/../../lib/gcc/pic32c/6.2.1/../../../../pic32c/lib/v7e-m/fpv4-sp/hard\libc_nano.a(lib_a-mlock.o)
 .comment       0x0000003c       0x3d c:/program files/microchip/xc32/v2.41/bin/bin/../../lib/gcc/pic32c/6.2.1/../../../../pic32c/lib/v7e-m/fpv4-sp/hard\libc_nano.a(lib_a-nano-vfprintf_i.o)
 .comment       0x0000003c       0x3d c:/program files/microchip/xc32/v2.41/bin/bin/../../lib/gcc/pic32c/6.2.1/../../../../pic32c/lib/v7e-m/fpv4-sp/hard\libc_nano.a(lib_a-readr.o)
 .comment       0x0000003c       0x3d c:/program files/microchip/xc32/v2.41/bin/bin/../../lib/gcc/pic32c/6.2.1/../../../../pic32c/lib/v7e-m/fpv4-sp/hard\libc_nano.a(lib_a-reent.o)
 .comment       0x0000003c       0x3d c:/program files/microchip/xc32/v2.41/bin/bin/../../lib/gcc/pic32c/6.2.1/../../../../pic32c/lib/v7e-m/fpv4-sp/hard\libc_nano.a(lib_a-wcrtomb.o)
 .comment       0x0000003c       0x3d c:/program files/microchip/xc32/v2.41/bin/bin/../../lib/gcc/pic32c/6.2.1/../../../../pic32c/lib/v7e-m/fpv4-sp/hard\libc_nano.a(lib_a-wctomb_r.o)
 .comment       0x0000003c       0x3d c:/program files/microchip/xc32/v2.41/bin/bin/../../lib/gcc/pic32c/6.2.1/../../../../pic32c/lib/v7e-m/fpv4-sp/hard\libc_nano.a(lib_a-ctype_.o)
 .comment       0x0000003c       0x3d c:/program files/microchip/xc32/v2.41/bin/bin/../../lib/gcc/pic32c/6.2.1/../../../../pic32c/lib/v7e-m/fpv4-sp/hard\libpic32c.a(_close.o)
 .comment       0x0000003c       0x3d c:/program files/microchip/xc32/v2.41/bin/bin/../../lib/gcc/pic32c/6.2.1/../../../../pic32c/lib/v7e-m/fpv4-sp/hard\libpic32c.a(_fstat.o)
 .comment       0x0000003c       0x3d c:/program files/microchip/xc32/v2.41/bin/bin/../../lib/gcc/pic32c/6.2.1/../../../../pic32c/lib/v7e-m/fpv4-sp/hard\libpic32c.a(_isatty.o)
 .comment       0x0000003c       0x3d c:/program files/microchip/xc32/v2.41/bin/bin/../../lib/gcc/pic32c/6.2.1/../../../../pic32c/lib/v7e-m/fpv4-sp/hard\libpic32c.a(_lseek.o)
 .comment       0x0000003c       0x3d c:/program files/microchip/xc32/v2.41/bin/bin/../../lib/gcc/pic32c/6.2.1/../../../../pic32c/lib/v7e-m/fpv4-sp/hard\libpic32c.a(_read.o)
 .comment       0x0000003c       0x3d c:/program files/microchip/xc32/v2.41/bin/bin/../../lib/gcc/pic32c/6.2.1/../../../../pic32c/lib/v7e-m/fpv4-sp/hard\libpic32c.a(sbrk.o)
 .comment       0x0000003c       0x3d c:/program files/microchip/xc32/v2.41/bin/bin/../../lib/gcc/pic32c/6.2.1/../../../../pic32c/lib/v7e-m/fpv4-sp/hard\libpic32c.a(_write.o)
 .comment       0x0000003c       0x3d c:/program files/microchip/xc32/v2.41/bin/bin/../../lib/gcc/pic32c/6.2.1/../../../../pic32c/lib/v7e-m/fpv4-sp/hard\libpic32c.a(close.o)
 .comment       0x0000003c       0x3d c:/program files/microchip/xc32/v2.41/bin/bin/../../lib/gcc/pic32c/6.2.1/../../../../pic32c/lib/v7e-m/fpv4-sp/hard\libpic32c.a(fstat.o)
 .comment       0x0000003c       0x3d c:/program files/microchip/xc32/v2.41/bin/bin/../../lib/gcc/pic32c/6.2.1/../../../../pic32c/lib/v7e-m/fpv4-sp/hard\libpic32c.a(isatty.o)
 .comment       0x0000003c       0x3d c:/program files/microchip/xc32/v2.41/bin/bin/../../lib/gcc/pic32c/6.2.1/../../../../pic32c/lib/v7e-m/fpv4-sp/hard\libpic32c.a(lseek.o)
 .comment       0x0000003c       0x3d c:/program files/microchip/xc32/v2.41/bin/bin/../../lib/gcc/pic32c/6.2.1/../../../../pic32c/lib/v7e-m/fpv4-sp/hard\libpic32c.a(read.o)
 .comment       0x0000003c       0x3d c:/program files/microchip/xc32/v2.41/bin/bin/../../lib/gcc/pic32c/6.2.1/../../../../pic32c/lib/v7e-m/fpv4-sp/hard\libpic32c.a(write.o)

.debug_info     0x00000000    0x3c10a
 .debug_info    0x00000000      0xb73 build/sam_e54_xpro/production/_ext/2056749927/plib_clock.o
 .debug_info    0x00000b73      0x362 build/sam_e54_xpro/production/_ext/2058899413/plib_evsys.o
 .debug_info    0x00000ed5     0x1390 build/sam_e54_xpro/production/_ext/348958103/plib_nvic.o
 .debug_info    0x00002265     0x1739 build/sam_e54_xpro/production/_ext/1986180951/plib_nvmctrl.o
 .debug_info    0x0000399e     0x10cd build/sam_e54_xpro/production/_ext/348904952/plib_port.o
 .debug_info    0x00004a6b     0x1c19 build/sam_e54_xpro/production/_ext/1950915590/plib_rtc_clock.o
 .debug_info    0x00006684     0x1484 build/sam_e54_xpro/production/_ext/2060180706/plib_sercom2_usart.o
 .debug_info    0x00007b08      0xf81 build/sam_e54_xpro/production/_ext/498645085/xc32_monitor.o
 .debug_info    0x00008a89      0xfe7 build/sam_e54_xpro/production/_ext/68098787/initialization.o
 .debug_info    0x00009a70     0x21ec build/sam_e54_xpro/production/_ext/68098787/interrupts.o
 .debug_info    0x0000bc5c      0xf81 build/sam_e54_xpro/production/_ext/68098787/exceptions.o
 .debug_info    0x0000cbdd      0x8eb build/sam_e54_xpro/production/_ext/68098787/startup_xc32.o
 .debug_info    0x0000d4c8     0x14c4 build/sam_e54_xpro/production/_ext/1360937237/main.o
 .debug_info    0x0000e98c     0x1484 build/sam_e54_xpro/production/_ext/2060180706/plib_sercom7_usart.o
 .debug_info    0x0000fe10      0x2a2 c:/program files/microchip/xc32/v2.41/bin/bin/../../lib/gcc/pic32c/6.2.1/../../../../pic32c/lib/v7e-m/fpv4-sp/hard\libpic32c.a(data_init.o)
 .debug_info    0x000100b2      0xdef c:/program files/microchip/xc32/v2.41/bin/bin/../../lib/gcc/pic32c/6.2.1/../../../../pic32c/lib/v7e-m/fpv4-sp/hard\libc_nano.a(lib_a-impure.o)
 .debug_info    0x00010ea1      0x41f c:/program files/microchip/xc32/v2.41/bin/bin/../../lib/gcc/pic32c/6.2.1/../../../../pic32c/lib/v7e-m/fpv4-sp/hard\libc_nano.a(lib_a-init.o)
 .debug_info    0x000112c0     0x124c c:/program files/microchip/xc32/v2.41/bin/bin/../../lib/gcc/pic32c/6.2.1/../../../../pic32c/lib/v7e-m/fpv4-sp/hard\libc_nano.a(lib_a-printf.o)
 .debug_info    0x0001250c     0x114a c:/program files/microchip/xc32/v2.41/bin/bin/../../lib/gcc/pic32c/6.2.1/../../../../pic32c/lib/v7e-m/fpv4-sp/hard\libc_nano.a(lib_a-setbuf.o)
 .debug_info    0x00013656     0x12c2 c:/program files/microchip/xc32/v2.41/bin/bin/../../lib/gcc/pic32c/6.2.1/../../../../pic32c/lib/v7e-m/fpv4-sp/hard\libc_nano.a(lib_a-setvbuf.o)
 .debug_info    0x00014918     0x135a c:/program files/microchip/xc32/v2.41/bin/bin/../../lib/gcc/pic32c/6.2.1/../../../../pic32c/lib/v7e-m/fpv4-sp/hard\libc_nano.a(lib_a-fflush.o)
 .debug_info    0x00015c72     0x1534 c:/program files/microchip/xc32/v2.41/bin/bin/../../lib/gcc/pic32c/6.2.1/../../../../pic32c/lib/v7e-m/fpv4-sp/hard\libc_nano.a(lib_a-findfp.o)
 .debug_info    0x000171a6     0x1263 c:/program files/microchip/xc32/v2.41/bin/bin/../../lib/gcc/pic32c/6.2.1/../../../../pic32c/lib/v7e-m/fpv4-sp/hard\libc_nano.a(lib_a-fwalk.o)
 .debug_info    0x00018409     0x15ab c:/program files/microchip/xc32/v2.41/bin/bin/../../lib/gcc/pic32c/6.2.1/../../../../pic32c/lib/v7e-m/fpv4-sp/hard\libc_nano.a(lib_a-makebuf.o)
 .debug_info    0x000199b4      0xe92 c:/program files/microchip/xc32/v2.41/bin/bin/../../lib/gcc/pic32c/6.2.1/../../../../pic32c/lib/v7e-m/fpv4-sp/hard\libc_nano.a(lib_a-malloc.o)
 .debug_info    0x0001a846     0x15ae c:/program files/microchip/xc32/v2.41/bin/bin/../../lib/gcc/pic32c/6.2.1/../../../../pic32c/lib/v7e-m/fpv4-sp/hard\libc_nano.a(lib_a-memset.o)
 .debug_info    0x0001bdf4     0x11c1 c:/program files/microchip/xc32/v2.41/bin/bin/../../lib/gcc/pic32c/6.2.1/../../../../pic32c/lib/v7e-m/fpv4-sp/hard\libc_nano.a(lib_a-nano-freer.o)
 .debug_info    0x0001cfb5     0x1259 c:/program files/microchip/xc32/v2.41/bin/bin/../../lib/gcc/pic32c/6.2.1/../../../../pic32c/lib/v7e-m/fpv4-sp/hard\libc_nano.a(lib_a-nano-mallocr.o)
 .debug_info    0x0001e20e     0x1d56 c:/program files/microchip/xc32/v2.41/bin/bin/../../lib/gcc/pic32c/6.2.1/../../../../pic32c/lib/v7e-m/fpv4-sp/hard\libc_nano.a(lib_a-nano-vfprintf.o)
 .debug_info    0x0001ff64     0x1f41 c:/program files/microchip/xc32/v2.41/bin/bin/../../lib/gcc/pic32c/6.2.1/../../../../pic32c/lib/v7e-m/fpv4-sp/hard\libc_nano.a(_lib_a-nano-vfprintf.s.o)
 .debug_info    0x00021ea5      0xedf c:/program files/microchip/xc32/v2.41/bin/bin/../../lib/gcc/pic32c/6.2.1/../../../../pic32c/lib/v7e-m/fpv4-sp/hard\libc_nano.a(lib_a-sbrkr.o)
 .debug_info    0x00022d84     0x1954 c:/program files/microchip/xc32/v2.41/bin/bin/../../lib/gcc/pic32c/6.2.1/../../../../pic32c/lib/v7e-m/fpv4-sp/hard\libc_nano.a(lib_a-__ssfputs.o)
 .debug_info    0x000246d8     0x1422 c:/program files/microchip/xc32/v2.41/bin/bin/../../lib/gcc/pic32c/6.2.1/../../../../pic32c/lib/v7e-m/fpv4-sp/hard\libc_nano.a(lib_a-stdio.o)
 .debug_info    0x00025afa     0x1279 c:/program files/microchip/xc32/v2.41/bin/bin/../../lib/gcc/pic32c/6.2.1/../../../../pic32c/lib/v7e-m/fpv4-sp/hard\libc_nano.a(lib_a-wbuf.o)
 .debug_info    0x00026d73      0xefe c:/program files/microchip/xc32/v2.41/bin/bin/../../lib/gcc/pic32c/6.2.1/../../../../pic32c/lib/v7e-m/fpv4-sp/hard\libc_nano.a(lib_a-writer.o)
 .debug_info    0x00027c71     0x11f4 c:/program files/microchip/xc32/v2.41/bin/bin/../../lib/gcc/pic32c/6.2.1/../../../../pic32c/lib/v7e-m/fpv4-sp/hard\libc_nano.a(lib_a-wsetup.o)
 .debug_info    0x00028e65      0xead c:/program files/microchip/xc32/v2.41/bin/bin/../../lib/gcc/pic32c/6.2.1/../../../../pic32c/lib/v7e-m/fpv4-sp/hard\libc_nano.a(lib_a-closer.o)
 .debug_info    0x00029d12     0x139e c:/program files/microchip/xc32/v2.41/bin/bin/../../lib/gcc/pic32c/6.2.1/../../../../pic32c/lib/v7e-m/fpv4-sp/hard\libc_nano.a(lib_a-fputwc.o)
 .debug_info    0x0002b0b0     0x11a8 c:/program files/microchip/xc32/v2.41/bin/bin/../../lib/gcc/pic32c/6.2.1/../../../../pic32c/lib/v7e-m/fpv4-sp/hard\libc_nano.a(lib_a-fstatr.o)
 .debug_info    0x0002c258      0xeba c:/program files/microchip/xc32/v2.41/bin/bin/../../lib/gcc/pic32c/6.2.1/../../../../pic32c/lib/v7e-m/fpv4-sp/hard\libc_nano.a(lib_a-isattyr.o)
 .debug_info    0x0002d112     0x189e c:/program files/microchip/xc32/v2.41/bin/bin/../../lib/gcc/pic32c/6.2.1/../../../../pic32c/lib/v7e-m/fpv4-sp/hard\libc_nano.a(lib_a-locale.o)
 .debug_info    0x0002e9b0      0xee5 c:/program files/microchip/xc32/v2.41/bin/bin/../../lib/gcc/pic32c/6.2.1/../../../../pic32c/lib/v7e-m/fpv4-sp/hard\libc_nano.a(lib_a-lseekr.o)
 .debug_info    0x0002f895     0x1782 c:/program files/microchip/xc32/v2.41/bin/bin/../../lib/gcc/pic32c/6.2.1/../../../../pic32c/lib/v7e-m/fpv4-sp/hard\libc_nano.a(lib_a-mbtowc_r.o)
 .debug_info    0x00031017      0x120 c:/program files/microchip/xc32/v2.41/bin/bin/../../lib/gcc/pic32c/6.2.1/../../../../pic32c/lib/v7e-m/fpv4-sp/hard\libc_nano.a(lib_a-memchr.o)
 .debug_info    0x00031137      0xe2c c:/program files/microchip/xc32/v2.41/bin/bin/../../lib/gcc/pic32c/6.2.1/../../../../pic32c/lib/v7e-m/fpv4-sp/hard\libc_nano.a(lib_a-mlock.o)
 .debug_info    0x00031f63     0x1db8 c:/program files/microchip/xc32/v2.41/bin/bin/../../lib/gcc/pic32c/6.2.1/../../../../pic32c/lib/v7e-m/fpv4-sp/hard\libc_nano.a(lib_a-nano-vfprintf_i.o)
 .debug_info    0x00033d1b      0xefc c:/program files/microchip/xc32/v2.41/bin/bin/../../lib/gcc/pic32c/6.2.1/../../../../pic32c/lib/v7e-m/fpv4-sp/hard\libc_nano.a(lib_a-readr.o)
 .debug_info    0x00034c17      0xfe7 c:/program files/microchip/xc32/v2.41/bin/bin/../../lib/gcc/pic32c/6.2.1/../../../../pic32c/lib/v7e-m/fpv4-sp/hard\libc_nano.a(lib_a-reent.o)
 .debug_info    0x00035bfe     0x175e c:/program files/microchip/xc32/v2.41/bin/bin/../../lib/gcc/pic32c/6.2.1/../../../../pic32c/lib/v7e-m/fpv4-sp/hard\libc_nano.a(lib_a-wcrtomb.o)
 .debug_info    0x0003735c     0x174d c:/program files/microchip/xc32/v2.41/bin/bin/../../lib/gcc/pic32c/6.2.1/../../../../pic32c/lib/v7e-m/fpv4-sp/hard\libc_nano.a(lib_a-wctomb_r.o)
 .debug_info    0x00038aa9     0x157f c:/program files/microchip/xc32/v2.41/bin/bin/../../lib/gcc/pic32c/6.2.1/../../../../pic32c/lib/v7e-m/fpv4-sp/hard\libc_nano.a(lib_a-ctype_.o)
 .debug_info    0x0003a028      0x288 c:/program files/microchip/xc32/v2.41/bin/bin/../../lib/gcc/pic32c/6.2.1/../../../../pic32c/lib/v7e-m/fpv4-sp/hard\libpic32c.a(_close.o)
 .debug_info    0x0003a2b0      0x288 c:/program files/microchip/xc32/v2.41/bin/bin/../../lib/gcc/pic32c/6.2.1/../../../../pic32c/lib/v7e-m/fpv4-sp/hard\libpic32c.a(_fstat.o)
 .debug_info    0x0003a538      0x28a c:/program files/microchip/xc32/v2.41/bin/bin/../../lib/gcc/pic32c/6.2.1/../../../../pic32c/lib/v7e-m/fpv4-sp/hard\libpic32c.a(_isatty.o)
 .debug_info    0x0003a7c2      0x288 c:/program files/microchip/xc32/v2.41/bin/bin/../../lib/gcc/pic32c/6.2.1/../../../../pic32c/lib/v7e-m/fpv4-sp/hard\libpic32c.a(_lseek.o)
 .debug_info    0x0003aa4a      0x286 c:/program files/microchip/xc32/v2.41/bin/bin/../../lib/gcc/pic32c/6.2.1/../../../../pic32c/lib/v7e-m/fpv4-sp/hard\libpic32c.a(_read.o)
 .debug_info    0x0003acd0      0x286 c:/program files/microchip/xc32/v2.41/bin/bin/../../lib/gcc/pic32c/6.2.1/../../../../pic32c/lib/v7e-m/fpv4-sp/hard\libpic32c.a(sbrk.o)
 .debug_info    0x0003af56      0x288 c:/program files/microchip/xc32/v2.41/bin/bin/../../lib/gcc/pic32c/6.2.1/../../../../pic32c/lib/v7e-m/fpv4-sp/hard\libpic32c.a(_write.o)
 .debug_info    0x0003b1de      0x287 c:/program files/microchip/xc32/v2.41/bin/bin/../../lib/gcc/pic32c/6.2.1/../../../../pic32c/lib/v7e-m/fpv4-sp/hard\libpic32c.a(close.o)
 .debug_info    0x0003b465      0x287 c:/program files/microchip/xc32/v2.41/bin/bin/../../lib/gcc/pic32c/6.2.1/../../../../pic32c/lib/v7e-m/fpv4-sp/hard\libpic32c.a(fstat.o)
 .debug_info    0x0003b6ec      0x289 c:/program files/microchip/xc32/v2.41/bin/bin/../../lib/gcc/pic32c/6.2.1/../../../../pic32c/lib/v7e-m/fpv4-sp/hard\libpic32c.a(isatty.o)
 .debug_info    0x0003b975      0x287 c:/program files/microchip/xc32/v2.41/bin/bin/../../lib/gcc/pic32c/6.2.1/../../../../pic32c/lib/v7e-m/fpv4-sp/hard\libpic32c.a(lseek.o)
 .debug_info    0x0003bbfc      0x286 c:/program files/microchip/xc32/v2.41/bin/bin/../../lib/gcc/pic32c/6.2.1/../../../../pic32c/lib/v7e-m/fpv4-sp/hard\libpic32c.a(read.o)
 .debug_info    0x0003be82      0x288 c:/program files/microchip/xc32/v2.41/bin/bin/../../lib/gcc/pic32c/6.2.1/../../../../pic32c/lib/v7e-m/fpv4-sp/hard\libpic32c.a(write.o)

.debug_abbrev   0x00000000     0x600e
 .debug_abbrev  0x00000000      0x114 build/sam_e54_xpro/production/_ext/2056749927/plib_clock.o
 .debug_abbrev  0x00000114       0x5e build/sam_e54_xpro/production/_ext/2058899413/plib_evsys.o
 .debug_abbrev  0x00000172      0x1da build/sam_e54_xpro/production/_ext/348958103/plib_nvic.o
 .debug_abbrev  0x0000034c      0x2ba build/sam_e54_xpro/production/_ext/1986180951/plib_nvmctrl.o
 .debug_abbrev  0x00000606      0x1bf build/sam_e54_xpro/production/_ext/348904952/plib_port.o
 .debug_abbrev  0x000007c5      0x270 build/sam_e54_xpro/production/_ext/1950915590/plib_rtc_clock.o
 .debug_abbrev  0x00000a35      0x28a build/sam_e54_xpro/production/_ext/2060180706/plib_sercom2_usart.o
 .debug_abbrev  0x00000cbf      0x20a build/sam_e54_xpro/production/_ext/498645085/xc32_monitor.o
 .debug_abbrev  0x00000ec9      0x22c build/sam_e54_xpro/production/_ext/68098787/initialization.o
 .debug_abbrev  0x000010f5      0x1a4 build/sam_e54_xpro/production/_ext/68098787/interrupts.o
 .debug_abbrev  0x00001299      0x199 build/sam_e54_xpro/production/_ext/68098787/exceptions.o
 .debug_abbrev  0x00001432      0x1cd build/sam_e54_xpro/production/_ext/68098787/startup_xc32.o
 .debug_abbrev  0x000015ff      0x27d build/sam_e54_xpro/production/_ext/1360937237/main.o
 .debug_abbrev  0x0000187c      0x28a build/sam_e54_xpro/production/_ext/2060180706/plib_sercom7_usart.o
 .debug_abbrev  0x00001b06       0x2a c:/program files/microchip/xc32/v2.41/bin/bin/../../lib/gcc/pic32c/6.2.1/../../../../pic32c/lib/v7e-m/fpv4-sp/hard\libpic32c.a(data_init.o)
 .debug_abbrev  0x00001b30      0x131 c:/program files/microchip/xc32/v2.41/bin/bin/../../lib/gcc/pic32c/6.2.1/../../../../pic32c/lib/v7e-m/fpv4-sp/hard\libc_nano.a(lib_a-impure.o)
 .debug_abbrev  0x00001c61       0xa3 c:/program files/microchip/xc32/v2.41/bin/bin/../../lib/gcc/pic32c/6.2.1/../../../../pic32c/lib/v7e-m/fpv4-sp/hard\libc_nano.a(lib_a-init.o)
 .debug_abbrev  0x00001d04      0x218 c:/program files/microchip/xc32/v2.41/bin/bin/../../lib/gcc/pic32c/6.2.1/../../../../pic32c/lib/v7e-m/fpv4-sp/hard\libc_nano.a(lib_a-printf.o)
 .debug_abbrev  0x00001f1c      0x19f c:/program files/microchip/xc32/v2.41/bin/bin/../../lib/gcc/pic32c/6.2.1/../../../../pic32c/lib/v7e-m/fpv4-sp/hard\libc_nano.a(lib_a-setbuf.o)
 .debug_abbrev  0x000020bb      0x215 c:/program files/microchip/xc32/v2.41/bin/bin/../../lib/gcc/pic32c/6.2.1/../../../../pic32c/lib/v7e-m/fpv4-sp/hard\libc_nano.a(lib_a-setvbuf.o)
 .debug_abbrev  0x000022d0      0x29e c:/program files/microchip/xc32/v2.41/bin/bin/../../lib/gcc/pic32c/6.2.1/../../../../pic32c/lib/v7e-m/fpv4-sp/hard\libc_nano.a(lib_a-fflush.o)
 .debug_abbrev  0x0000256e      0x2b5 c:/program files/microchip/xc32/v2.41/bin/bin/../../lib/gcc/pic32c/6.2.1/../../../../pic32c/lib/v7e-m/fpv4-sp/hard\libc_nano.a(lib_a-findfp.o)
 .debug_abbrev  0x00002823      0x1ad c:/program files/microchip/xc32/v2.41/bin/bin/../../lib/gcc/pic32c/6.2.1/../../../../pic32c/lib/v7e-m/fpv4-sp/hard\libc_nano.a(lib_a-fwalk.o)
 .debug_abbrev  0x000029d0      0x268 c:/program files/microchip/xc32/v2.41/bin/bin/../../lib/gcc/pic32c/6.2.1/../../../../pic32c/lib/v7e-m/fpv4-sp/hard\libc_nano.a(lib_a-makebuf.o)
 .debug_abbrev  0x00002c38      0x1b3 c:/program files/microchip/xc32/v2.41/bin/bin/../../lib/gcc/pic32c/6.2.1/../../../../pic32c/lib/v7e-m/fpv4-sp/hard\libc_nano.a(lib_a-malloc.o)
 .debug_abbrev  0x00002deb      0x170 c:/program files/microchip/xc32/v2.41/bin/bin/../../lib/gcc/pic32c/6.2.1/../../../../pic32c/lib/v7e-m/fpv4-sp/hard\libc_nano.a(lib_a-memset.o)
 .debug_abbrev  0x00002f5b      0x242 c:/program files/microchip/xc32/v2.41/bin/bin/../../lib/gcc/pic32c/6.2.1/../../../../pic32c/lib/v7e-m/fpv4-sp/hard\libc_nano.a(lib_a-nano-freer.o)
 .debug_abbrev  0x0000319d      0x281 c:/program files/microchip/xc32/v2.41/bin/bin/../../lib/gcc/pic32c/6.2.1/../../../../pic32c/lib/v7e-m/fpv4-sp/hard\libc_nano.a(lib_a-nano-mallocr.o)
 .debug_abbrev  0x0000341e      0x25a c:/program files/microchip/xc32/v2.41/bin/bin/../../lib/gcc/pic32c/6.2.1/../../../../pic32c/lib/v7e-m/fpv4-sp/hard\libc_nano.a(lib_a-nano-vfprintf.o)
 .debug_abbrev  0x00003678      0x31d c:/program files/microchip/xc32/v2.41/bin/bin/../../lib/gcc/pic32c/6.2.1/../../../../pic32c/lib/v7e-m/fpv4-sp/hard\libc_nano.a(_lib_a-nano-vfprintf.s.o)
 .debug_abbrev  0x00003995      0x1a8 c:/program files/microchip/xc32/v2.41/bin/bin/../../lib/gcc/pic32c/6.2.1/../../../../pic32c/lib/v7e-m/fpv4-sp/hard\libc_nano.a(lib_a-sbrkr.o)
 .debug_abbrev  0x00003b3d      0x1f9 c:/program files/microchip/xc32/v2.41/bin/bin/../../lib/gcc/pic32c/6.2.1/../../../../pic32c/lib/v7e-m/fpv4-sp/hard\libc_nano.a(lib_a-__ssfputs.o)
 .debug_abbrev  0x00003d36      0x23f c:/program files/microchip/xc32/v2.41/bin/bin/../../lib/gcc/pic32c/6.2.1/../../../../pic32c/lib/v7e-m/fpv4-sp/hard\libc_nano.a(lib_a-stdio.o)
 .debug_abbrev  0x00003f75      0x216 c:/program files/microchip/xc32/v2.41/bin/bin/../../lib/gcc/pic32c/6.2.1/../../../../pic32c/lib/v7e-m/fpv4-sp/hard\libc_nano.a(lib_a-wbuf.o)
 .debug_abbrev  0x0000418b      0x198 c:/program files/microchip/xc32/v2.41/bin/bin/../../lib/gcc/pic32c/6.2.1/../../../../pic32c/lib/v7e-m/fpv4-sp/hard\libc_nano.a(lib_a-writer.o)
 .debug_abbrev  0x00004323      0x1ec c:/program files/microchip/xc32/v2.41/bin/bin/../../lib/gcc/pic32c/6.2.1/../../../../pic32c/lib/v7e-m/fpv4-sp/hard\libc_nano.a(lib_a-wsetup.o)
 .debug_abbrev  0x0000450f      0x193 c:/program files/microchip/xc32/v2.41/bin/bin/../../lib/gcc/pic32c/6.2.1/../../../../pic32c/lib/v7e-m/fpv4-sp/hard\libc_nano.a(lib_a-closer.o)
 .debug_abbrev  0x000046a2      0x27f c:/program files/microchip/xc32/v2.41/bin/bin/../../lib/gcc/pic32c/6.2.1/../../../../pic32c/lib/v7e-m/fpv4-sp/hard\libc_nano.a(lib_a-fputwc.o)
 .debug_abbrev  0x00004921      0x193 c:/program files/microchip/xc32/v2.41/bin/bin/../../lib/gcc/pic32c/6.2.1/../../../../pic32c/lib/v7e-m/fpv4-sp/hard\libc_nano.a(lib_a-fstatr.o)
 .debug_abbrev  0x00004ab4      0x193 c:/program files/microchip/xc32/v2.41/bin/bin/../../lib/gcc/pic32c/6.2.1/../../../../pic32c/lib/v7e-m/fpv4-sp/hard\libc_nano.a(lib_a-isattyr.o)
 .debug_abbrev  0x00004c47      0x256 c:/program files/microchip/xc32/v2.41/bin/bin/../../lib/gcc/pic32c/6.2.1/../../../../pic32c/lib/v7e-m/fpv4-sp/hard\libc_nano.a(lib_a-locale.o)
 .debug_abbrev  0x00004e9d      0x193 c:/program files/microchip/xc32/v2.41/bin/bin/../../lib/gcc/pic32c/6.2.1/../../../../pic32c/lib/v7e-m/fpv4-sp/hard\libc_nano.a(lib_a-lseekr.o)
 .debug_abbrev  0x00005030      0x1be c:/program files/microchip/xc32/v2.41/bin/bin/../../lib/gcc/pic32c/6.2.1/../../../../pic32c/lib/v7e-m/fpv4-sp/hard\libc_nano.a(lib_a-mbtowc_r.o)
 .debug_abbrev  0x000051ee       0x14 c:/program files/microchip/xc32/v2.41/bin/bin/../../lib/gcc/pic32c/6.2.1/../../../../pic32c/lib/v7e-m/fpv4-sp/hard\libc_nano.a(lib_a-memchr.o)
 .debug_abbrev  0x00005202      0x165 c:/program files/microchip/xc32/v2.41/bin/bin/../../lib/gcc/pic32c/6.2.1/../../../../pic32c/lib/v7e-m/fpv4-sp/hard\libc_nano.a(lib_a-mlock.o)
 .debug_abbrev  0x00005367      0x225 c:/program files/microchip/xc32/v2.41/bin/bin/../../lib/gcc/pic32c/6.2.1/../../../../pic32c/lib/v7e-m/fpv4-sp/hard\libc_nano.a(lib_a-nano-vfprintf_i.o)
 .debug_abbrev  0x0000558c      0x193 c:/program files/microchip/xc32/v2.41/bin/bin/../../lib/gcc/pic32c/6.2.1/../../../../pic32c/lib/v7e-m/fpv4-sp/hard\libc_nano.a(lib_a-readr.o)
 .debug_abbrev  0x0000571f      0x1f8 c:/program files/microchip/xc32/v2.41/bin/bin/../../lib/gcc/pic32c/6.2.1/../../../../pic32c/lib/v7e-m/fpv4-sp/hard\libc_nano.a(lib_a-reent.o)
 .debug_abbrev  0x00005917      0x1dc c:/program files/microchip/xc32/v2.41/bin/bin/../../lib/gcc/pic32c/6.2.1/../../../../pic32c/lib/v7e-m/fpv4-sp/hard\libc_nano.a(lib_a-wcrtomb.o)
 .debug_abbrev  0x00005af3      0x1da c:/program files/microchip/xc32/v2.41/bin/bin/../../lib/gcc/pic32c/6.2.1/../../../../pic32c/lib/v7e-m/fpv4-sp/hard\libc_nano.a(lib_a-wctomb_r.o)
 .debug_abbrev  0x00005ccd      0x131 c:/program files/microchip/xc32/v2.41/bin/bin/../../lib/gcc/pic32c/6.2.1/../../../../pic32c/lib/v7e-m/fpv4-sp/hard\libc_nano.a(lib_a-ctype_.o)
 .debug_abbrev  0x00005dfe       0x27 c:/program files/microchip/xc32/v2.41/bin/bin/../../lib/gcc/pic32c/6.2.1/../../../../pic32c/lib/v7e-m/fpv4-sp/hard\libpic32c.a(_close.o)
 .debug_abbrev  0x00005e25       0x27 c:/program files/microchip/xc32/v2.41/bin/bin/../../lib/gcc/pic32c/6.2.1/../../../../pic32c/lib/v7e-m/fpv4-sp/hard\libpic32c.a(_fstat.o)
 .debug_abbrev  0x00005e4c       0x27 c:/program files/microchip/xc32/v2.41/bin/bin/../../lib/gcc/pic32c/6.2.1/../../../../pic32c/lib/v7e-m/fpv4-sp/hard\libpic32c.a(_isatty.o)
 .debug_abbrev  0x00005e73       0x27 c:/program files/microchip/xc32/v2.41/bin/bin/../../lib/gcc/pic32c/6.2.1/../../../../pic32c/lib/v7e-m/fpv4-sp/hard\libpic32c.a(_lseek.o)
 .debug_abbrev  0x00005e9a       0x27 c:/program files/microchip/xc32/v2.41/bin/bin/../../lib/gcc/pic32c/6.2.1/../../../../pic32c/lib/v7e-m/fpv4-sp/hard\libpic32c.a(_read.o)
 .debug_abbrev  0x00005ec1       0x2a c:/program files/microchip/xc32/v2.41/bin/bin/../../lib/gcc/pic32c/6.2.1/../../../../pic32c/lib/v7e-m/fpv4-sp/hard\libpic32c.a(sbrk.o)
 .debug_abbrev  0x00005eeb       0x27 c:/program files/microchip/xc32/v2.41/bin/bin/../../lib/gcc/pic32c/6.2.1/../../../../pic32c/lib/v7e-m/fpv4-sp/hard\libpic32c.a(_write.o)
 .debug_abbrev  0x00005f12       0x2a c:/program files/microchip/xc32/v2.41/bin/bin/../../lib/gcc/pic32c/6.2.1/../../../../pic32c/lib/v7e-m/fpv4-sp/hard\libpic32c.a(close.o)
 .debug_abbrev  0x00005f3c       0x2a c:/program files/microchip/xc32/v2.41/bin/bin/../../lib/gcc/pic32c/6.2.1/../../../../pic32c/lib/v7e-m/fpv4-sp/hard\libpic32c.a(fstat.o)
 .debug_abbrev  0x00005f66       0x2a c:/program files/microchip/xc32/v2.41/bin/bin/../../lib/gcc/pic32c/6.2.1/../../../../pic32c/lib/v7e-m/fpv4-sp/hard\libpic32c.a(isatty.o)
 .debug_abbrev  0x00005f90       0x2a c:/program files/microchip/xc32/v2.41/bin/bin/../../lib/gcc/pic32c/6.2.1/../../../../pic32c/lib/v7e-m/fpv4-sp/hard\libpic32c.a(lseek.o)
 .debug_abbrev  0x00005fba       0x2a c:/program files/microchip/xc32/v2.41/bin/bin/../../lib/gcc/pic32c/6.2.1/../../../../pic32c/lib/v7e-m/fpv4-sp/hard\libpic32c.a(read.o)
 .debug_abbrev  0x00005fe4       0x2a c:/program files/microchip/xc32/v2.41/bin/bin/../../lib/gcc/pic32c/6.2.1/../../../../pic32c/lib/v7e-m/fpv4-sp/hard\libpic32c.a(write.o)

.debug_aranges  0x00000000      0xb68
 .debug_aranges
                0x00000000       0x20 build/sam_e54_xpro/production/_ext/2056749927/plib_clock.o
 .debug_aranges
                0x00000020       0x20 build/sam_e54_xpro/production/_ext/2058899413/plib_evsys.o
 .debug_aranges
                0x00000040       0x38 build/sam_e54_xpro/production/_ext/348958103/plib_nvic.o
 .debug_aranges
                0x00000078       0xb0 build/sam_e54_xpro/production/_ext/1986180951/plib_nvmctrl.o
 .debug_aranges
                0x00000128       0x70 build/sam_e54_xpro/production/_ext/348904952/plib_port.o
 .debug_aranges
                0x00000198       0x70 build/sam_e54_xpro/production/_ext/1950915590/plib_rtc_clock.o
 .debug_aranges
                0x00000208       0x98 build/sam_e54_xpro/production/_ext/2060180706/plib_sercom2_usart.o
 .debug_aranges
                0x000002a0       0x28 build/sam_e54_xpro/production/_ext/498645085/xc32_monitor.o
 .debug_aranges
                0x000002c8       0x20 build/sam_e54_xpro/production/_ext/68098787/initialization.o
 .debug_aranges
                0x000002e8       0x20 build/sam_e54_xpro/production/_ext/68098787/interrupts.o
 .debug_aranges
                0x00000308       0x48 build/sam_e54_xpro/production/_ext/68098787/exceptions.o
 .debug_aranges
                0x00000350       0x28 build/sam_e54_xpro/production/_ext/68098787/startup_xc32.o
 .debug_aranges
                0x00000378       0x30 build/sam_e54_xpro/production/_ext/1360937237/main.o
 .debug_aranges
                0x000003a8       0x98 build/sam_e54_xpro/production/_ext/2060180706/plib_sercom7_usart.o
 .debug_aranges
                0x00000440       0x20 c:/program files/microchip/xc32/v2.41/bin/bin/../../lib/gcc/pic32c/6.2.1/../../../../pic32c/lib/v7e-m/fpv4-sp/hard\libpic32c.a(data_init.o)
 .debug_aranges
                0x00000460       0x18 c:/program files/microchip/xc32/v2.41/bin/bin/../../lib/gcc/pic32c/6.2.1/../../../../pic32c/lib/v7e-m/fpv4-sp/hard\libc_nano.a(lib_a-impure.o)
 .debug_aranges
                0x00000478       0x20 c:/program files/microchip/xc32/v2.41/bin/bin/../../lib/gcc/pic32c/6.2.1/../../../../pic32c/lib/v7e-m/fpv4-sp/hard\libc_nano.a(lib_a-init.o)
 .debug_aranges
                0x00000498       0x28 c:/program files/microchip/xc32/v2.41/bin/bin/../../lib/gcc/pic32c/6.2.1/../../../../pic32c/lib/v7e-m/fpv4-sp/hard\libc_nano.a(lib_a-printf.o)
 .debug_aranges
                0x000004c0       0x20 c:/program files/microchip/xc32/v2.41/bin/bin/../../lib/gcc/pic32c/6.2.1/../../../../pic32c/lib/v7e-m/fpv4-sp/hard\libc_nano.a(lib_a-setbuf.o)
 .debug_aranges
                0x000004e0       0x20 c:/program files/microchip/xc32/v2.41/bin/bin/../../lib/gcc/pic32c/6.2.1/../../../../pic32c/lib/v7e-m/fpv4-sp/hard\libc_nano.a(lib_a-setvbuf.o)
 .debug_aranges
                0x00000500       0x30 c:/program files/microchip/xc32/v2.41/bin/bin/../../lib/gcc/pic32c/6.2.1/../../../../pic32c/lib/v7e-m/fpv4-sp/hard\libc_nano.a(lib_a-fflush.o)
 .debug_aranges
                0x00000530       0x48 c:/program files/microchip/xc32/v2.41/bin/bin/../../lib/gcc/pic32c/6.2.1/../../../../pic32c/lib/v7e-m/fpv4-sp/hard\libc_nano.a(lib_a-findfp.o)
 .debug_aranges
                0x00000578       0x28 c:/program files/microchip/xc32/v2.41/bin/bin/../../lib/gcc/pic32c/6.2.1/../../../../pic32c/lib/v7e-m/fpv4-sp/hard\libc_nano.a(lib_a-fwalk.o)
 .debug_aranges
                0x000005a0       0x28 c:/program files/microchip/xc32/v2.41/bin/bin/../../lib/gcc/pic32c/6.2.1/../../../../pic32c/lib/v7e-m/fpv4-sp/hard\libc_nano.a(lib_a-makebuf.o)
 .debug_aranges
                0x000005c8       0x28 c:/program files/microchip/xc32/v2.41/bin/bin/../../lib/gcc/pic32c/6.2.1/../../../../pic32c/lib/v7e-m/fpv4-sp/hard\libc_nano.a(lib_a-malloc.o)
 .debug_aranges
                0x000005f0       0x20 c:/program files/microchip/xc32/v2.41/bin/bin/../../lib/gcc/pic32c/6.2.1/../../../../pic32c/lib/v7e-m/fpv4-sp/hard\libc_nano.a(lib_a-memset.o)
 .debug_aranges
                0x00000610       0x20 c:/program files/microchip/xc32/v2.41/bin/bin/../../lib/gcc/pic32c/6.2.1/../../../../pic32c/lib/v7e-m/fpv4-sp/hard\libc_nano.a(lib_a-nano-freer.o)
 .debug_aranges
                0x00000630       0x20 c:/program files/microchip/xc32/v2.41/bin/bin/../../lib/gcc/pic32c/6.2.1/../../../../pic32c/lib/v7e-m/fpv4-sp/hard\libc_nano.a(lib_a-nano-mallocr.o)
 .debug_aranges
                0x00000650       0x28 c:/program files/microchip/xc32/v2.41/bin/bin/../../lib/gcc/pic32c/6.2.1/../../../../pic32c/lib/v7e-m/fpv4-sp/hard\libc_nano.a(lib_a-nano-vfprintf.o)
 .debug_aranges
                0x00000678       0x30 c:/program files/microchip/xc32/v2.41/bin/bin/../../lib/gcc/pic32c/6.2.1/../../../../pic32c/lib/v7e-m/fpv4-sp/hard\libc_nano.a(_lib_a-nano-vfprintf.s.o)
 .debug_aranges
                0x000006a8       0x20 c:/program files/microchip/xc32/v2.41/bin/bin/../../lib/gcc/pic32c/6.2.1/../../../../pic32c/lib/v7e-m/fpv4-sp/hard\libc_nano.a(lib_a-sbrkr.o)
 .debug_aranges
                0x000006c8       0x28 c:/program files/microchip/xc32/v2.41/bin/bin/../../lib/gcc/pic32c/6.2.1/../../../../pic32c/lib/v7e-m/fpv4-sp/hard\libc_nano.a(lib_a-__ssfputs.o)
 .debug_aranges
                0x000006f0       0x40 c:/program files/microchip/xc32/v2.41/bin/bin/../../lib/gcc/pic32c/6.2.1/../../../../pic32c/lib/v7e-m/fpv4-sp/hard\libc_nano.a(lib_a-stdio.o)
 .debug_aranges
                0x00000730       0x28 c:/program files/microchip/xc32/v2.41/bin/bin/../../lib/gcc/pic32c/6.2.1/../../../../pic32c/lib/v7e-m/fpv4-sp/hard\libc_nano.a(lib_a-wbuf.o)
 .debug_aranges
                0x00000758       0x20 c:/program files/microchip/xc32/v2.41/bin/bin/../../lib/gcc/pic32c/6.2.1/../../../../pic32c/lib/v7e-m/fpv4-sp/hard\libc_nano.a(lib_a-writer.o)
 .debug_aranges
                0x00000778       0x20 c:/program files/microchip/xc32/v2.41/bin/bin/../../lib/gcc/pic32c/6.2.1/../../../../pic32c/lib/v7e-m/fpv4-sp/hard\libc_nano.a(lib_a-wsetup.o)
 .debug_aranges
                0x00000798       0x20 c:/program files/microchip/xc32/v2.41/bin/bin/../../lib/gcc/pic32c/6.2.1/../../../../pic32c/lib/v7e-m/fpv4-sp/hard\libc_nano.a(lib_a-closer.o)
 .debug_aranges
                0x000007b8       0x30 c:/program files/microchip/xc32/v2.41/bin/bin/../../lib/gcc/pic32c/6.2.1/../../../../pic32c/lib/v7e-m/fpv4-sp/hard\libc_nano.a(lib_a-fputwc.o)
 .debug_aranges
                0x000007e8       0x20 c:/program files/microchip/xc32/v2.41/bin/bin/../../lib/gcc/pic32c/6.2.1/../../../../pic32c/lib/v7e-m/fpv4-sp/hard\libc_nano.a(lib_a-fstatr.o)
 .debug_aranges
                0x00000808       0x20 c:/program files/microchip/xc32/v2.41/bin/bin/../../lib/gcc/pic32c/6.2.1/../../../../pic32c/lib/v7e-m/fpv4-sp/hard\libc_nano.a(lib_a-isattyr.o)
 .debug_aranges
                0x00000828       0x40 c:/program files/microchip/xc32/v2.41/bin/bin/../../lib/gcc/pic32c/6.2.1/../../../../pic32c/lib/v7e-m/fpv4-sp/hard\libc_nano.a(lib_a-locale.o)
 .debug_aranges
                0x00000868       0x20 c:/program files/microchip/xc32/v2.41/bin/bin/../../lib/gcc/pic32c/6.2.1/../../../../pic32c/lib/v7e-m/fpv4-sp/hard\libc_nano.a(lib_a-lseekr.o)
 .debug_aranges
                0x00000888       0x28 c:/program files/microchip/xc32/v2.41/bin/bin/../../lib/gcc/pic32c/6.2.1/../../../../pic32c/lib/v7e-m/fpv4-sp/hard\libc_nano.a(lib_a-mbtowc_r.o)
 .debug_aranges
                0x000008b0       0x20 c:/program files/microchip/xc32/v2.41/bin/bin/../../lib/gcc/pic32c/6.2.1/../../../../pic32c/lib/v7e-m/fpv4-sp/hard\libc_nano.a(lib_a-memchr.o)
 .debug_aranges
                0x000008d0       0x20 c:/program files/microchip/xc32/v2.41/bin/bin/../../lib/gcc/pic32c/6.2.1/../../../../pic32c/lib/v7e-m/fpv4-sp/hard\libc_nano.a(lib_a-mlock.o)
 .debug_aranges
                0x000008f0       0x28 c:/program files/microchip/xc32/v2.41/bin/bin/../../lib/gcc/pic32c/6.2.1/../../../../pic32c/lib/v7e-m/fpv4-sp/hard\libc_nano.a(lib_a-nano-vfprintf_i.o)
 .debug_aranges
                0x00000918       0x20 c:/program files/microchip/xc32/v2.41/bin/bin/../../lib/gcc/pic32c/6.2.1/../../../../pic32c/lib/v7e-m/fpv4-sp/hard\libc_nano.a(lib_a-readr.o)
 .debug_aranges
                0x00000938       0x28 c:/program files/microchip/xc32/v2.41/bin/bin/../../lib/gcc/pic32c/6.2.1/../../../../pic32c/lib/v7e-m/fpv4-sp/hard\libc_nano.a(lib_a-reent.o)
 .debug_aranges
                0x00000960       0x28 c:/program files/microchip/xc32/v2.41/bin/bin/../../lib/gcc/pic32c/6.2.1/../../../../pic32c/lib/v7e-m/fpv4-sp/hard\libc_nano.a(lib_a-wcrtomb.o)
 .debug_aranges
                0x00000988       0x28 c:/program files/microchip/xc32/v2.41/bin/bin/../../lib/gcc/pic32c/6.2.1/../../../../pic32c/lib/v7e-m/fpv4-sp/hard\libc_nano.a(lib_a-wctomb_r.o)
 .debug_aranges
                0x000009b0       0x18 c:/program files/microchip/xc32/v2.41/bin/bin/../../lib/gcc/pic32c/6.2.1/../../../../pic32c/lib/v7e-m/fpv4-sp/hard\libc_nano.a(lib_a-ctype_.o)
 .debug_aranges
                0x000009c8       0x20 c:/program files/microchip/xc32/v2.41/bin/bin/../../lib/gcc/pic32c/6.2.1/../../../../pic32c/lib/v7e-m/fpv4-sp/hard\libpic32c.a(_close.o)
 .debug_aranges
                0x000009e8       0x20 c:/program files/microchip/xc32/v2.41/bin/bin/../../lib/gcc/pic32c/6.2.1/../../../../pic32c/lib/v7e-m/fpv4-sp/hard\libpic32c.a(_fstat.o)
 .debug_aranges
                0x00000a08       0x20 c:/program files/microchip/xc32/v2.41/bin/bin/../../lib/gcc/pic32c/6.2.1/../../../../pic32c/lib/v7e-m/fpv4-sp/hard\libpic32c.a(_isatty.o)
 .debug_aranges
                0x00000a28       0x20 c:/program files/microchip/xc32/v2.41/bin/bin/../../lib/gcc/pic32c/6.2.1/../../../../pic32c/lib/v7e-m/fpv4-sp/hard\libpic32c.a(_lseek.o)
 .debug_aranges
                0x00000a48       0x20 c:/program files/microchip/xc32/v2.41/bin/bin/../../lib/gcc/pic32c/6.2.1/../../../../pic32c/lib/v7e-m/fpv4-sp/hard\libpic32c.a(_read.o)
 .debug_aranges
                0x00000a68       0x20 c:/program files/microchip/xc32/v2.41/bin/bin/../../lib/gcc/pic32c/6.2.1/../../../../pic32c/lib/v7e-m/fpv4-sp/hard\libpic32c.a(sbrk.o)
 .debug_aranges
                0x00000a88       0x20 c:/program files/microchip/xc32/v2.41/bin/bin/../../lib/gcc/pic32c/6.2.1/../../../../pic32c/lib/v7e-m/fpv4-sp/hard\libpic32c.a(_write.o)
 .debug_aranges
                0x00000aa8       0x20 c:/program files/microchip/xc32/v2.41/bin/bin/../../lib/gcc/pic32c/6.2.1/../../../../pic32c/lib/v7e-m/fpv4-sp/hard\libpic32c.a(close.o)
 .debug_aranges
                0x00000ac8       0x20 c:/program files/microchip/xc32/v2.41/bin/bin/../../lib/gcc/pic32c/6.2.1/../../../../pic32c/lib/v7e-m/fpv4-sp/hard\libpic32c.a(fstat.o)
 .debug_aranges
                0x00000ae8       0x20 c:/program files/microchip/xc32/v2.41/bin/bin/../../lib/gcc/pic32c/6.2.1/../../../../pic32c/lib/v7e-m/fpv4-sp/hard\libpic32c.a(isatty.o)
 .debug_aranges
                0x00000b08       0x20 c:/program files/microchip/xc32/v2.41/bin/bin/../../lib/gcc/pic32c/6.2.1/../../../../pic32c/lib/v7e-m/fpv4-sp/hard\libpic32c.a(lseek.o)
 .debug_aranges
                0x00000b28       0x20 c:/program files/microchip/xc32/v2.41/bin/bin/../../lib/gcc/pic32c/6.2.1/../../../../pic32c/lib/v7e-m/fpv4-sp/hard\libpic32c.a(read.o)
 .debug_aranges
                0x00000b48       0x20 c:/program files/microchip/xc32/v2.41/bin/bin/../../lib/gcc/pic32c/6.2.1/../../../../pic32c/lib/v7e-m/fpv4-sp/hard\libpic32c.a(write.o)

.debug_ranges   0x00000000      0xa20
 .debug_ranges  0x00000000       0x10 build/sam_e54_xpro/production/_ext/2056749927/plib_clock.o
 .debug_ranges  0x00000010       0x10 build/sam_e54_xpro/production/_ext/2058899413/plib_evsys.o
 .debug_ranges  0x00000020       0x28 build/sam_e54_xpro/production/_ext/348958103/plib_nvic.o
 .debug_ranges  0x00000048       0xa0 build/sam_e54_xpro/production/_ext/1986180951/plib_nvmctrl.o
 .debug_ranges  0x000000e8       0x60 build/sam_e54_xpro/production/_ext/348904952/plib_port.o
 .debug_ranges  0x00000148       0x60 build/sam_e54_xpro/production/_ext/1950915590/plib_rtc_clock.o
 .debug_ranges  0x000001a8       0x88 build/sam_e54_xpro/production/_ext/2060180706/plib_sercom2_usart.o
 .debug_ranges  0x00000230       0x18 build/sam_e54_xpro/production/_ext/498645085/xc32_monitor.o
 .debug_ranges  0x00000248       0x10 build/sam_e54_xpro/production/_ext/68098787/initialization.o
 .debug_ranges  0x00000258       0x10 build/sam_e54_xpro/production/_ext/68098787/interrupts.o
 .debug_ranges  0x00000268       0x38 build/sam_e54_xpro/production/_ext/68098787/exceptions.o
 .debug_ranges  0x000002a0       0x18 build/sam_e54_xpro/production/_ext/68098787/startup_xc32.o
 .debug_ranges  0x000002b8       0x38 build/sam_e54_xpro/production/_ext/1360937237/main.o
 .debug_ranges  0x000002f0       0x88 build/sam_e54_xpro/production/_ext/2060180706/plib_sercom7_usart.o
 .debug_ranges  0x00000378       0x10 c:/program files/microchip/xc32/v2.41/bin/bin/../../lib/gcc/pic32c/6.2.1/../../../../pic32c/lib/v7e-m/fpv4-sp/hard\libpic32c.a(data_init.o)
 .debug_ranges  0x00000388       0x10 c:/program files/microchip/xc32/v2.41/bin/bin/../../lib/gcc/pic32c/6.2.1/../../../../pic32c/lib/v7e-m/fpv4-sp/hard\libc_nano.a(lib_a-init.o)
 .debug_ranges  0x00000398       0x18 c:/program files/microchip/xc32/v2.41/bin/bin/../../lib/gcc/pic32c/6.2.1/../../../../pic32c/lib/v7e-m/fpv4-sp/hard\libc_nano.a(lib_a-printf.o)
 .debug_ranges  0x000003b0       0x10 c:/program files/microchip/xc32/v2.41/bin/bin/../../lib/gcc/pic32c/6.2.1/../../../../pic32c/lib/v7e-m/fpv4-sp/hard\libc_nano.a(lib_a-setbuf.o)
 .debug_ranges  0x000003c0       0x28 c:/program files/microchip/xc32/v2.41/bin/bin/../../lib/gcc/pic32c/6.2.1/../../../../pic32c/lib/v7e-m/fpv4-sp/hard\libc_nano.a(lib_a-setvbuf.o)
 .debug_ranges  0x000003e8       0x68 c:/program files/microchip/xc32/v2.41/bin/bin/../../lib/gcc/pic32c/6.2.1/../../../../pic32c/lib/v7e-m/fpv4-sp/hard\libc_nano.a(lib_a-fflush.o)
 .debug_ranges  0x00000450       0x38 c:/program files/microchip/xc32/v2.41/bin/bin/../../lib/gcc/pic32c/6.2.1/../../../../pic32c/lib/v7e-m/fpv4-sp/hard\libc_nano.a(lib_a-findfp.o)
 .debug_ranges  0x00000488       0x18 c:/program files/microchip/xc32/v2.41/bin/bin/../../lib/gcc/pic32c/6.2.1/../../../../pic32c/lib/v7e-m/fpv4-sp/hard\libc_nano.a(lib_a-fwalk.o)
 .debug_ranges  0x000004a0       0x30 c:/program files/microchip/xc32/v2.41/bin/bin/../../lib/gcc/pic32c/6.2.1/../../../../pic32c/lib/v7e-m/fpv4-sp/hard\libc_nano.a(lib_a-makebuf.o)
 .debug_ranges  0x000004d0       0x18 c:/program files/microchip/xc32/v2.41/bin/bin/../../lib/gcc/pic32c/6.2.1/../../../../pic32c/lib/v7e-m/fpv4-sp/hard\libc_nano.a(lib_a-malloc.o)
 .debug_ranges  0x000004e8       0x10 c:/program files/microchip/xc32/v2.41/bin/bin/../../lib/gcc/pic32c/6.2.1/../../../../pic32c/lib/v7e-m/fpv4-sp/hard\libc_nano.a(lib_a-memset.o)
 .debug_ranges  0x000004f8       0x10 c:/program files/microchip/xc32/v2.41/bin/bin/../../lib/gcc/pic32c/6.2.1/../../../../pic32c/lib/v7e-m/fpv4-sp/hard\libc_nano.a(lib_a-nano-freer.o)
 .debug_ranges  0x00000508       0x58 c:/program files/microchip/xc32/v2.41/bin/bin/../../lib/gcc/pic32c/6.2.1/../../../../pic32c/lib/v7e-m/fpv4-sp/hard\libc_nano.a(lib_a-nano-mallocr.o)
 .debug_ranges  0x00000560       0x30 c:/program files/microchip/xc32/v2.41/bin/bin/../../lib/gcc/pic32c/6.2.1/../../../../pic32c/lib/v7e-m/fpv4-sp/hard\libc_nano.a(lib_a-nano-vfprintf.o)
 .debug_ranges  0x00000590       0x98 c:/program files/microchip/xc32/v2.41/bin/bin/../../lib/gcc/pic32c/6.2.1/../../../../pic32c/lib/v7e-m/fpv4-sp/hard\libc_nano.a(_lib_a-nano-vfprintf.s.o)
 .debug_ranges  0x00000628       0x10 c:/program files/microchip/xc32/v2.41/bin/bin/../../lib/gcc/pic32c/6.2.1/../../../../pic32c/lib/v7e-m/fpv4-sp/hard\libc_nano.a(lib_a-sbrkr.o)
 .debug_ranges  0x00000638       0x30 c:/program files/microchip/xc32/v2.41/bin/bin/../../lib/gcc/pic32c/6.2.1/../../../../pic32c/lib/v7e-m/fpv4-sp/hard\libc_nano.a(lib_a-__ssfputs.o)
 .debug_ranges  0x00000668       0x30 c:/program files/microchip/xc32/v2.41/bin/bin/../../lib/gcc/pic32c/6.2.1/../../../../pic32c/lib/v7e-m/fpv4-sp/hard\libc_nano.a(lib_a-stdio.o)
 .debug_ranges  0x00000698       0x30 c:/program files/microchip/xc32/v2.41/bin/bin/../../lib/gcc/pic32c/6.2.1/../../../../pic32c/lib/v7e-m/fpv4-sp/hard\libc_nano.a(lib_a-wbuf.o)
 .debug_ranges  0x000006c8       0x10 c:/program files/microchip/xc32/v2.41/bin/bin/../../lib/gcc/pic32c/6.2.1/../../../../pic32c/lib/v7e-m/fpv4-sp/hard\libc_nano.a(lib_a-writer.o)
 .debug_ranges  0x000006d8       0x38 c:/program files/microchip/xc32/v2.41/bin/bin/../../lib/gcc/pic32c/6.2.1/../../../../pic32c/lib/v7e-m/fpv4-sp/hard\libc_nano.a(lib_a-wsetup.o)
 .debug_ranges  0x00000710       0x10 c:/program files/microchip/xc32/v2.41/bin/bin/../../lib/gcc/pic32c/6.2.1/../../../../pic32c/lib/v7e-m/fpv4-sp/hard\libc_nano.a(lib_a-closer.o)
 .debug_ranges  0x00000720       0x58 c:/program files/microchip/xc32/v2.41/bin/bin/../../lib/gcc/pic32c/6.2.1/../../../../pic32c/lib/v7e-m/fpv4-sp/hard\libc_nano.a(lib_a-fputwc.o)
 .debug_ranges  0x00000778       0x10 c:/program files/microchip/xc32/v2.41/bin/bin/../../lib/gcc/pic32c/6.2.1/../../../../pic32c/lib/v7e-m/fpv4-sp/hard\libc_nano.a(lib_a-fstatr.o)
 .debug_ranges  0x00000788       0x10 c:/program files/microchip/xc32/v2.41/bin/bin/../../lib/gcc/pic32c/6.2.1/../../../../pic32c/lib/v7e-m/fpv4-sp/hard\libc_nano.a(lib_a-isattyr.o)
 .debug_ranges  0x00000798       0x30 c:/program files/microchip/xc32/v2.41/bin/bin/../../lib/gcc/pic32c/6.2.1/../../../../pic32c/lib/v7e-m/fpv4-sp/hard\libc_nano.a(lib_a-locale.o)
 .debug_ranges  0x000007c8       0x10 c:/program files/microchip/xc32/v2.41/bin/bin/../../lib/gcc/pic32c/6.2.1/../../../../pic32c/lib/v7e-m/fpv4-sp/hard\libc_nano.a(lib_a-lseekr.o)
 .debug_ranges  0x000007d8       0x18 c:/program files/microchip/xc32/v2.41/bin/bin/../../lib/gcc/pic32c/6.2.1/../../../../pic32c/lib/v7e-m/fpv4-sp/hard\libc_nano.a(lib_a-mbtowc_r.o)
 .debug_ranges  0x000007f0       0x10 c:/program files/microchip/xc32/v2.41/bin/bin/../../lib/gcc/pic32c/6.2.1/../../../../pic32c/lib/v7e-m/fpv4-sp/hard\libc_nano.a(lib_a-mlock.o)
 .debug_ranges  0x00000800       0xc8 c:/program files/microchip/xc32/v2.41/bin/bin/../../lib/gcc/pic32c/6.2.1/../../../../pic32c/lib/v7e-m/fpv4-sp/hard\libc_nano.a(lib_a-nano-vfprintf_i.o)
 .debug_ranges  0x000008c8       0x10 c:/program files/microchip/xc32/v2.41/bin/bin/../../lib/gcc/pic32c/6.2.1/../../../../pic32c/lib/v7e-m/fpv4-sp/hard\libc_nano.a(lib_a-readr.o)
 .debug_ranges  0x000008d8       0x48 c:/program files/microchip/xc32/v2.41/bin/bin/../../lib/gcc/pic32c/6.2.1/../../../../pic32c/lib/v7e-m/fpv4-sp/hard\libc_nano.a(lib_a-reent.o)
 .debug_ranges  0x00000920       0x18 c:/program files/microchip/xc32/v2.41/bin/bin/../../lib/gcc/pic32c/6.2.1/../../../../pic32c/lib/v7e-m/fpv4-sp/hard\libc_nano.a(lib_a-wcrtomb.o)
 .debug_ranges  0x00000938       0x18 c:/program files/microchip/xc32/v2.41/bin/bin/../../lib/gcc/pic32c/6.2.1/../../../../pic32c/lib/v7e-m/fpv4-sp/hard\libc_nano.a(lib_a-wctomb_r.o)
 .debug_ranges  0x00000950       0x10 c:/program files/microchip/xc32/v2.41/bin/bin/../../lib/gcc/pic32c/6.2.1/../../../../pic32c/lib/v7e-m/fpv4-sp/hard\libpic32c.a(_close.o)
 .debug_ranges  0x00000960       0x10 c:/program files/microchip/xc32/v2.41/bin/bin/../../lib/gcc/pic32c/6.2.1/../../../../pic32c/lib/v7e-m/fpv4-sp/hard\libpic32c.a(_fstat.o)
 .debug_ranges  0x00000970       0x10 c:/program files/microchip/xc32/v2.41/bin/bin/../../lib/gcc/pic32c/6.2.1/../../../../pic32c/lib/v7e-m/fpv4-sp/hard\libpic32c.a(_isatty.o)
 .debug_ranges  0x00000980       0x10 c:/program files/microchip/xc32/v2.41/bin/bin/../../lib/gcc/pic32c/6.2.1/../../../../pic32c/lib/v7e-m/fpv4-sp/hard\libpic32c.a(_lseek.o)
 .debug_ranges  0x00000990       0x10 c:/program files/microchip/xc32/v2.41/bin/bin/../../lib/gcc/pic32c/6.2.1/../../../../pic32c/lib/v7e-m/fpv4-sp/hard\libpic32c.a(_read.o)
 .debug_ranges  0x000009a0       0x10 c:/program files/microchip/xc32/v2.41/bin/bin/../../lib/gcc/pic32c/6.2.1/../../../../pic32c/lib/v7e-m/fpv4-sp/hard\libpic32c.a(sbrk.o)
 .debug_ranges  0x000009b0       0x10 c:/program files/microchip/xc32/v2.41/bin/bin/../../lib/gcc/pic32c/6.2.1/../../../../pic32c/lib/v7e-m/fpv4-sp/hard\libpic32c.a(_write.o)
 .debug_ranges  0x000009c0       0x10 c:/program files/microchip/xc32/v2.41/bin/bin/../../lib/gcc/pic32c/6.2.1/../../../../pic32c/lib/v7e-m/fpv4-sp/hard\libpic32c.a(close.o)
 .debug_ranges  0x000009d0       0x10 c:/program files/microchip/xc32/v2.41/bin/bin/../../lib/gcc/pic32c/6.2.1/../../../../pic32c/lib/v7e-m/fpv4-sp/hard\libpic32c.a(fstat.o)
 .debug_ranges  0x000009e0       0x10 c:/program files/microchip/xc32/v2.41/bin/bin/../../lib/gcc/pic32c/6.2.1/../../../../pic32c/lib/v7e-m/fpv4-sp/hard\libpic32c.a(isatty.o)
 .debug_ranges  0x000009f0       0x10 c:/program files/microchip/xc32/v2.41/bin/bin/../../lib/gcc/pic32c/6.2.1/../../../../pic32c/lib/v7e-m/fpv4-sp/hard\libpic32c.a(lseek.o)
 .debug_ranges  0x00000a00       0x10 c:/program files/microchip/xc32/v2.41/bin/bin/../../lib/gcc/pic32c/6.2.1/../../../../pic32c/lib/v7e-m/fpv4-sp/hard\libpic32c.a(read.o)
 .debug_ranges  0x00000a10       0x10 c:/program files/microchip/xc32/v2.41/bin/bin/../../lib/gcc/pic32c/6.2.1/../../../../pic32c/lib/v7e-m/fpv4-sp/hard\libpic32c.a(write.o)

.debug_line     0x00000000     0x858a
 .debug_line    0x00000000      0x1b9 build/sam_e54_xpro/production/_ext/2056749927/plib_clock.o
 .debug_line    0x000001b9      0x133 build/sam_e54_xpro/production/_ext/2058899413/plib_evsys.o
 .debug_line    0x000002ec      0x1ea build/sam_e54_xpro/production/_ext/348958103/plib_nvic.o
 .debug_line    0x000004d6      0x351 build/sam_e54_xpro/production/_ext/1986180951/plib_nvmctrl.o
 .debug_line    0x00000827      0x231 build/sam_e54_xpro/production/_ext/348904952/plib_port.o
 .debug_line    0x00000a58      0x328 build/sam_e54_xpro/production/_ext/1950915590/plib_rtc_clock.o
 .debug_line    0x00000d80      0x364 build/sam_e54_xpro/production/_ext/2060180706/plib_sercom2_usart.o
 .debug_line    0x000010e4      0x240 build/sam_e54_xpro/production/_ext/498645085/xc32_monitor.o
 .debug_line    0x00001324      0x3b6 build/sam_e54_xpro/production/_ext/68098787/initialization.o
 .debug_line    0x000016da      0x1e6 build/sam_e54_xpro/production/_ext/68098787/interrupts.o
 .debug_line    0x000018c0      0x221 build/sam_e54_xpro/production/_ext/68098787/exceptions.o
 .debug_line    0x00001ae1      0x1fd build/sam_e54_xpro/production/_ext/68098787/startup_xc32.o
 .debug_line    0x00001cde      0x2a3 build/sam_e54_xpro/production/_ext/1360937237/main.o
 .debug_line    0x00001f81      0x364 build/sam_e54_xpro/production/_ext/2060180706/plib_sercom7_usart.o
 .debug_line    0x000022e5       0xd8 c:/program files/microchip/xc32/v2.41/bin/bin/../../lib/gcc/pic32c/6.2.1/../../../../pic32c/lib/v7e-m/fpv4-sp/hard\libpic32c.a(data_init.o)
 .debug_line    0x000023bd      0x17e c:/program files/microchip/xc32/v2.41/bin/bin/../../lib/gcc/pic32c/6.2.1/../../../../pic32c/lib/v7e-m/fpv4-sp/hard\libc_nano.a(lib_a-impure.o)
 .debug_line    0x0000253b      0x11d c:/program files/microchip/xc32/v2.41/bin/bin/../../lib/gcc/pic32c/6.2.1/../../../../pic32c/lib/v7e-m/fpv4-sp/hard\libc_nano.a(lib_a-init.o)
 .debug_line    0x00002658      0x260 c:/program files/microchip/xc32/v2.41/bin/bin/../../lib/gcc/pic32c/6.2.1/../../../../pic32c/lib/v7e-m/fpv4-sp/hard\libc_nano.a(lib_a-printf.o)
 .debug_line    0x000028b8      0x222 c:/program files/microchip/xc32/v2.41/bin/bin/../../lib/gcc/pic32c/6.2.1/../../../../pic32c/lib/v7e-m/fpv4-sp/hard\libc_nano.a(lib_a-setbuf.o)
 .debug_line    0x00002ada      0x287 c:/program files/microchip/xc32/v2.41/bin/bin/../../lib/gcc/pic32c/6.2.1/../../../../pic32c/lib/v7e-m/fpv4-sp/hard\libc_nano.a(lib_a-setvbuf.o)
 .debug_line    0x00002d61      0x2cc c:/program files/microchip/xc32/v2.41/bin/bin/../../lib/gcc/pic32c/6.2.1/../../../../pic32c/lib/v7e-m/fpv4-sp/hard\libc_nano.a(lib_a-fflush.o)
 .debug_line    0x0000302d      0x301 c:/program files/microchip/xc32/v2.41/bin/bin/../../lib/gcc/pic32c/6.2.1/../../../../pic32c/lib/v7e-m/fpv4-sp/hard\libc_nano.a(lib_a-findfp.o)
 .debug_line    0x0000332e      0x265 c:/program files/microchip/xc32/v2.41/bin/bin/../../lib/gcc/pic32c/6.2.1/../../../../pic32c/lib/v7e-m/fpv4-sp/hard\libc_nano.a(lib_a-fwalk.o)
 .debug_line    0x00003593      0x32c c:/program files/microchip/xc32/v2.41/bin/bin/../../lib/gcc/pic32c/6.2.1/../../../../pic32c/lib/v7e-m/fpv4-sp/hard\libc_nano.a(lib_a-makebuf.o)
 .debug_line    0x000038bf      0x21e c:/program files/microchip/xc32/v2.41/bin/bin/../../lib/gcc/pic32c/6.2.1/../../../../pic32c/lib/v7e-m/fpv4-sp/hard\libc_nano.a(lib_a-malloc.o)
 .debug_line    0x00003add      0x2ae c:/program files/microchip/xc32/v2.41/bin/bin/../../lib/gcc/pic32c/6.2.1/../../../../pic32c/lib/v7e-m/fpv4-sp/hard\libc_nano.a(lib_a-memset.o)
 .debug_line    0x00003d8b      0x1dc c:/program files/microchip/xc32/v2.41/bin/bin/../../lib/gcc/pic32c/6.2.1/../../../../pic32c/lib/v7e-m/fpv4-sp/hard\libc_nano.a(lib_a-nano-freer.o)
 .debug_line    0x00003f67      0x257 c:/program files/microchip/xc32/v2.41/bin/bin/../../lib/gcc/pic32c/6.2.1/../../../../pic32c/lib/v7e-m/fpv4-sp/hard\libc_nano.a(lib_a-nano-mallocr.o)
 .debug_line    0x000041be      0x43d c:/program files/microchip/xc32/v2.41/bin/bin/../../lib/gcc/pic32c/6.2.1/../../../../pic32c/lib/v7e-m/fpv4-sp/hard\libc_nano.a(lib_a-nano-vfprintf.o)
 .debug_line    0x000045fb      0x357 c:/program files/microchip/xc32/v2.41/bin/bin/../../lib/gcc/pic32c/6.2.1/../../../../pic32c/lib/v7e-m/fpv4-sp/hard\libc_nano.a(_lib_a-nano-vfprintf.s.o)
 .debug_line    0x00004952      0x212 c:/program files/microchip/xc32/v2.41/bin/bin/../../lib/gcc/pic32c/6.2.1/../../../../pic32c/lib/v7e-m/fpv4-sp/hard\libc_nano.a(lib_a-sbrkr.o)
 .debug_line    0x00004b64      0x364 c:/program files/microchip/xc32/v2.41/bin/bin/../../lib/gcc/pic32c/6.2.1/../../../../pic32c/lib/v7e-m/fpv4-sp/hard\libc_nano.a(lib_a-__ssfputs.o)
 .debug_line    0x00004ec8      0x2a9 c:/program files/microchip/xc32/v2.41/bin/bin/../../lib/gcc/pic32c/6.2.1/../../../../pic32c/lib/v7e-m/fpv4-sp/hard\libc_nano.a(lib_a-stdio.o)
 .debug_line    0x00005171      0x277 c:/program files/microchip/xc32/v2.41/bin/bin/../../lib/gcc/pic32c/6.2.1/../../../../pic32c/lib/v7e-m/fpv4-sp/hard\libc_nano.a(lib_a-wbuf.o)
 .debug_line    0x000053e8      0x212 c:/program files/microchip/xc32/v2.41/bin/bin/../../lib/gcc/pic32c/6.2.1/../../../../pic32c/lib/v7e-m/fpv4-sp/hard\libc_nano.a(lib_a-writer.o)
 .debug_line    0x000055fa      0x260 c:/program files/microchip/xc32/v2.41/bin/bin/../../lib/gcc/pic32c/6.2.1/../../../../pic32c/lib/v7e-m/fpv4-sp/hard\libc_nano.a(lib_a-wsetup.o)
 .debug_line    0x0000585a      0x213 c:/program files/microchip/xc32/v2.41/bin/bin/../../lib/gcc/pic32c/6.2.1/../../../../pic32c/lib/v7e-m/fpv4-sp/hard\libc_nano.a(lib_a-closer.o)
 .debug_line    0x00005a6d      0x2a8 c:/program files/microchip/xc32/v2.41/bin/bin/../../lib/gcc/pic32c/6.2.1/../../../../pic32c/lib/v7e-m/fpv4-sp/hard\libc_nano.a(lib_a-fputwc.o)
 .debug_line    0x00005d15      0x2c1 c:/program files/microchip/xc32/v2.41/bin/bin/../../lib/gcc/pic32c/6.2.1/../../../../pic32c/lib/v7e-m/fpv4-sp/hard\libc_nano.a(lib_a-fstatr.o)
 .debug_line    0x00005fd6      0x214 c:/program files/microchip/xc32/v2.41/bin/bin/../../lib/gcc/pic32c/6.2.1/../../../../pic32c/lib/v7e-m/fpv4-sp/hard\libc_nano.a(lib_a-isattyr.o)
 .debug_line    0x000061ea      0x327 c:/program files/microchip/xc32/v2.41/bin/bin/../../lib/gcc/pic32c/6.2.1/../../../../pic32c/lib/v7e-m/fpv4-sp/hard\libc_nano.a(lib_a-locale.o)
 .debug_line    0x00006511      0x212 c:/program files/microchip/xc32/v2.41/bin/bin/../../lib/gcc/pic32c/6.2.1/../../../../pic32c/lib/v7e-m/fpv4-sp/hard\libc_nano.a(lib_a-lseekr.o)
 .debug_line    0x00006723      0x2d5 c:/program files/microchip/xc32/v2.41/bin/bin/../../lib/gcc/pic32c/6.2.1/../../../../pic32c/lib/v7e-m/fpv4-sp/hard\libc_nano.a(lib_a-mbtowc_r.o)
 .debug_line    0x000069f8       0xda c:/program files/microchip/xc32/v2.41/bin/bin/../../lib/gcc/pic32c/6.2.1/../../../../pic32c/lib/v7e-m/fpv4-sp/hard\libc_nano.a(lib_a-memchr.o)
 .debug_line    0x00006ad2      0x18d c:/program files/microchip/xc32/v2.41/bin/bin/../../lib/gcc/pic32c/6.2.1/../../../../pic32c/lib/v7e-m/fpv4-sp/hard\libc_nano.a(lib_a-mlock.o)
 .debug_line    0x00006c5f      0x48d c:/program files/microchip/xc32/v2.41/bin/bin/../../lib/gcc/pic32c/6.2.1/../../../../pic32c/lib/v7e-m/fpv4-sp/hard\libc_nano.a(lib_a-nano-vfprintf_i.o)
 .debug_line    0x000070ec      0x211 c:/program files/microchip/xc32/v2.41/bin/bin/../../lib/gcc/pic32c/6.2.1/../../../../pic32c/lib/v7e-m/fpv4-sp/hard\libc_nano.a(lib_a-readr.o)
 .debug_line    0x000072fd      0x241 c:/program files/microchip/xc32/v2.41/bin/bin/../../lib/gcc/pic32c/6.2.1/../../../../pic32c/lib/v7e-m/fpv4-sp/hard\libc_nano.a(lib_a-reent.o)
 .debug_line    0x0000753e      0x2db c:/program files/microchip/xc32/v2.41/bin/bin/../../lib/gcc/pic32c/6.2.1/../../../../pic32c/lib/v7e-m/fpv4-sp/hard\libc_nano.a(lib_a-wcrtomb.o)
 .debug_line    0x00007819      0x2d4 c:/program files/microchip/xc32/v2.41/bin/bin/../../lib/gcc/pic32c/6.2.1/../../../../pic32c/lib/v7e-m/fpv4-sp/hard\libc_nano.a(lib_a-wctomb_r.o)
 .debug_line    0x00007aed      0x21e c:/program files/microchip/xc32/v2.41/bin/bin/../../lib/gcc/pic32c/6.2.1/../../../../pic32c/lib/v7e-m/fpv4-sp/hard\libc_nano.a(lib_a-ctype_.o)
 .debug_line    0x00007d0b       0x9c c:/program files/microchip/xc32/v2.41/bin/bin/../../lib/gcc/pic32c/6.2.1/../../../../pic32c/lib/v7e-m/fpv4-sp/hard\libpic32c.a(_close.o)
 .debug_line    0x00007da7       0x9c c:/program files/microchip/xc32/v2.41/bin/bin/../../lib/gcc/pic32c/6.2.1/../../../../pic32c/lib/v7e-m/fpv4-sp/hard\libpic32c.a(_fstat.o)
 .debug_line    0x00007e43       0x9d c:/program files/microchip/xc32/v2.41/bin/bin/../../lib/gcc/pic32c/6.2.1/../../../../pic32c/lib/v7e-m/fpv4-sp/hard\libpic32c.a(_isatty.o)
 .debug_line    0x00007ee0       0x9c c:/program files/microchip/xc32/v2.41/bin/bin/../../lib/gcc/pic32c/6.2.1/../../../../pic32c/lib/v7e-m/fpv4-sp/hard\libpic32c.a(_lseek.o)
 .debug_line    0x00007f7c       0x9b c:/program files/microchip/xc32/v2.41/bin/bin/../../lib/gcc/pic32c/6.2.1/../../../../pic32c/lib/v7e-m/fpv4-sp/hard\libpic32c.a(_read.o)
 .debug_line    0x00008017       0xa2 c:/program files/microchip/xc32/v2.41/bin/bin/../../lib/gcc/pic32c/6.2.1/../../../../pic32c/lib/v7e-m/fpv4-sp/hard\libpic32c.a(sbrk.o)
 .debug_line    0x000080b9       0x9c c:/program files/microchip/xc32/v2.41/bin/bin/../../lib/gcc/pic32c/6.2.1/../../../../pic32c/lib/v7e-m/fpv4-sp/hard\libpic32c.a(_write.o)
 .debug_line    0x00008155       0x9b c:/program files/microchip/xc32/v2.41/bin/bin/../../lib/gcc/pic32c/6.2.1/../../../../pic32c/lib/v7e-m/fpv4-sp/hard\libpic32c.a(close.o)
 .debug_line    0x000081f0      0x102 c:/program files/microchip/xc32/v2.41/bin/bin/../../lib/gcc/pic32c/6.2.1/../../../../pic32c/lib/v7e-m/fpv4-sp/hard\libpic32c.a(fstat.o)
 .debug_line    0x000082f2       0x9c c:/program files/microchip/xc32/v2.41/bin/bin/../../lib/gcc/pic32c/6.2.1/../../../../pic32c/lib/v7e-m/fpv4-sp/hard\libpic32c.a(isatty.o)
 .debug_line    0x0000838e       0x9b c:/program files/microchip/xc32/v2.41/bin/bin/../../lib/gcc/pic32c/6.2.1/../../../../pic32c/lib/v7e-m/fpv4-sp/hard\libpic32c.a(lseek.o)
 .debug_line    0x00008429       0xad c:/program files/microchip/xc32/v2.41/bin/bin/../../lib/gcc/pic32c/6.2.1/../../../../pic32c/lib/v7e-m/fpv4-sp/hard\libpic32c.a(read.o)
 .debug_line    0x000084d6       0xb4 c:/program files/microchip/xc32/v2.41/bin/bin/../../lib/gcc/pic32c/6.2.1/../../../../pic32c/lib/v7e-m/fpv4-sp/hard\libpic32c.a(write.o)

.debug_str      0x00000000     0x12d4
 .debug_str     0x00000000       0x1e build/sam_e54_xpro/production/_ext/2056749927/plib_clock.o
 .debug_str     0x0000001e        0x0 build/sam_e54_xpro/production/_ext/2058899413/plib_evsys.o
 .debug_str     0x0000001e        0xa build/sam_e54_xpro/production/_ext/348958103/plib_nvic.o
 .debug_str     0x00000028       0x29 build/sam_e54_xpro/production/_ext/1986180951/plib_nvmctrl.o
 .debug_str     0x00000051        0xb build/sam_e54_xpro/production/_ext/348904952/plib_port.o
 .debug_str     0x0000005c      0x12d build/sam_e54_xpro/production/_ext/1950915590/plib_rtc_clock.o
 .debug_str     0x00000189      0x123 build/sam_e54_xpro/production/_ext/2060180706/plib_sercom2_usart.o
 .debug_str     0x000002ac       0x35 build/sam_e54_xpro/production/_ext/498645085/xc32_monitor.o
 .debug_str     0x000002e1       0xa4 build/sam_e54_xpro/production/_ext/68098787/initialization.o
 .debug_str     0x00000385        0xe build/sam_e54_xpro/production/_ext/68098787/interrupts.o
 .debug_str     0x00000393        0xe build/sam_e54_xpro/production/_ext/68098787/exceptions.o
 .debug_str     0x000003a1       0x2f build/sam_e54_xpro/production/_ext/68098787/startup_xc32.o
 .debug_str     0x000003d0       0x74 build/sam_e54_xpro/production/_ext/1360937237/main.o
 .debug_str     0x00000444      0x123 build/sam_e54_xpro/production/_ext/2060180706/plib_sercom7_usart.o
 .debug_str     0x00000567        0x0 c:/program files/microchip/xc32/v2.41/bin/bin/../../lib/gcc/pic32c/6.2.1/../../../../pic32c/lib/v7e-m/fpv4-sp/hard\libpic32c.a(data_init.o)
 .debug_str     0x00000567        0x9 c:/program files/microchip/xc32/v2.41/bin/bin/../../lib/gcc/pic32c/6.2.1/../../../../pic32c/lib/v7e-m/fpv4-sp/hard\libc_nano.a(lib_a-impure.o)
 .debug_str     0x00000570        0x0 c:/program files/microchip/xc32/v2.41/bin/bin/../../lib/gcc/pic32c/6.2.1/../../../../pic32c/lib/v7e-m/fpv4-sp/hard\libc_nano.a(lib_a-init.o)
 .debug_str     0x00000570       0x15 c:/program files/microchip/xc32/v2.41/bin/bin/../../lib/gcc/pic32c/6.2.1/../../../../pic32c/lib/v7e-m/fpv4-sp/hard\libc_nano.a(lib_a-printf.o)
 .debug_str     0x00000585        0x9 c:/program files/microchip/xc32/v2.41/bin/bin/../../lib/gcc/pic32c/6.2.1/../../../../pic32c/lib/v7e-m/fpv4-sp/hard\libc_nano.a(lib_a-setbuf.o)
 .debug_str     0x0000058e       0x20 c:/program files/microchip/xc32/v2.41/bin/bin/../../lib/gcc/pic32c/6.2.1/../../../../pic32c/lib/v7e-m/fpv4-sp/hard\libc_nano.a(lib_a-setvbuf.o)
 .debug_str     0x000005ae       0x16 c:/program files/microchip/xc32/v2.41/bin/bin/../../lib/gcc/pic32c/6.2.1/../../../../pic32c/lib/v7e-m/fpv4-sp/hard\libc_nano.a(lib_a-fflush.o)
 .debug_str     0x000005c4       0x20 c:/program files/microchip/xc32/v2.41/bin/bin/../../lib/gcc/pic32c/6.2.1/../../../../pic32c/lib/v7e-m/fpv4-sp/hard\libc_nano.a(lib_a-findfp.o)
 .debug_str     0x000005e4        0x9 c:/program files/microchip/xc32/v2.41/bin/bin/../../lib/gcc/pic32c/6.2.1/../../../../pic32c/lib/v7e-m/fpv4-sp/hard\libc_nano.a(lib_a-fwalk.o)
 .debug_str     0x000005ed       0x31 c:/program files/microchip/xc32/v2.41/bin/bin/../../lib/gcc/pic32c/6.2.1/../../../../pic32c/lib/v7e-m/fpv4-sp/hard\libc_nano.a(lib_a-makebuf.o)
 .debug_str     0x0000061e       0x13 c:/program files/microchip/xc32/v2.41/bin/bin/../../lib/gcc/pic32c/6.2.1/../../../../pic32c/lib/v7e-m/fpv4-sp/hard\libc_nano.a(lib_a-malloc.o)
 .debug_str     0x00000631      0x114 c:/program files/microchip/xc32/v2.41/bin/bin/../../lib/gcc/pic32c/6.2.1/../../../../pic32c/lib/v7e-m/fpv4-sp/hard\libc_nano.a(lib_a-memset.o)
 .debug_str     0x00000745       0x27 c:/program files/microchip/xc32/v2.41/bin/bin/../../lib/gcc/pic32c/6.2.1/../../../../pic32c/lib/v7e-m/fpv4-sp/hard\libc_nano.a(lib_a-nano-freer.o)
 .debug_str     0x0000076c       0x31 c:/program files/microchip/xc32/v2.41/bin/bin/../../lib/gcc/pic32c/6.2.1/../../../../pic32c/lib/v7e-m/fpv4-sp/hard\libc_nano.a(lib_a-nano-mallocr.o)
 .debug_str     0x0000079d      0x144 c:/program files/microchip/xc32/v2.41/bin/bin/../../lib/gcc/pic32c/6.2.1/../../../../pic32c/lib/v7e-m/fpv4-sp/hard\libc_nano.a(lib_a-nano-vfprintf.o)
 .debug_str     0x000008e1      0x13b c:/program files/microchip/xc32/v2.41/bin/bin/../../lib/gcc/pic32c/6.2.1/../../../../pic32c/lib/v7e-m/fpv4-sp/hard\libc_nano.a(_lib_a-nano-vfprintf.s.o)
 .debug_str     0x00000a1c        0x9 c:/program files/microchip/xc32/v2.41/bin/bin/../../lib/gcc/pic32c/6.2.1/../../../../pic32c/lib/v7e-m/fpv4-sp/hard\libc_nano.a(lib_a-sbrkr.o)
 .debug_str     0x00000a25      0x128 c:/program files/microchip/xc32/v2.41/bin/bin/../../lib/gcc/pic32c/6.2.1/../../../../pic32c/lib/v7e-m/fpv4-sp/hard\libc_nano.a(lib_a-__ssfputs.o)
 .debug_str     0x00000b4d       0x2b c:/program files/microchip/xc32/v2.41/bin/bin/../../lib/gcc/pic32c/6.2.1/../../../../pic32c/lib/v7e-m/fpv4-sp/hard\libc_nano.a(lib_a-stdio.o)
 .debug_str     0x00000b78       0x1f c:/program files/microchip/xc32/v2.41/bin/bin/../../lib/gcc/pic32c/6.2.1/../../../../pic32c/lib/v7e-m/fpv4-sp/hard\libc_nano.a(lib_a-wbuf.o)
 .debug_str     0x00000b97       0x10 c:/program files/microchip/xc32/v2.41/bin/bin/../../lib/gcc/pic32c/6.2.1/../../../../pic32c/lib/v7e-m/fpv4-sp/hard\libc_nano.a(lib_a-writer.o)
 .debug_str     0x00000ba7       0x16 c:/program files/microchip/xc32/v2.41/bin/bin/../../lib/gcc/pic32c/6.2.1/../../../../pic32c/lib/v7e-m/fpv4-sp/hard\libc_nano.a(lib_a-wsetup.o)
 .debug_str     0x00000bbd       0x10 c:/program files/microchip/xc32/v2.41/bin/bin/../../lib/gcc/pic32c/6.2.1/../../../../pic32c/lib/v7e-m/fpv4-sp/hard\libc_nano.a(lib_a-closer.o)
 .debug_str     0x00000bcd       0x32 c:/program files/microchip/xc32/v2.41/bin/bin/../../lib/gcc/pic32c/6.2.1/../../../../pic32c/lib/v7e-m/fpv4-sp/hard\libc_nano.a(lib_a-fputwc.o)
 .debug_str     0x00000bff        0x9 c:/program files/microchip/xc32/v2.41/bin/bin/../../lib/gcc/pic32c/6.2.1/../../../../pic32c/lib/v7e-m/fpv4-sp/hard\libc_nano.a(lib_a-fstatr.o)
 .debug_str     0x00000c08        0x9 c:/program files/microchip/xc32/v2.41/bin/bin/../../lib/gcc/pic32c/6.2.1/../../../../pic32c/lib/v7e-m/fpv4-sp/hard\libc_nano.a(lib_a-isattyr.o)
 .debug_str     0x00000c11      0x134 c:/program files/microchip/xc32/v2.41/bin/bin/../../lib/gcc/pic32c/6.2.1/../../../../pic32c/lib/v7e-m/fpv4-sp/hard\libc_nano.a(lib_a-locale.o)
 .debug_str     0x00000d45        0x9 c:/program files/microchip/xc32/v2.41/bin/bin/../../lib/gcc/pic32c/6.2.1/../../../../pic32c/lib/v7e-m/fpv4-sp/hard\libc_nano.a(lib_a-lseekr.o)
 .debug_str     0x00000d4e      0x114 c:/program files/microchip/xc32/v2.41/bin/bin/../../lib/gcc/pic32c/6.2.1/../../../../pic32c/lib/v7e-m/fpv4-sp/hard\libc_nano.a(lib_a-mbtowc_r.o)
 .debug_str     0x00000e62        0x9 c:/program files/microchip/xc32/v2.41/bin/bin/../../lib/gcc/pic32c/6.2.1/../../../../pic32c/lib/v7e-m/fpv4-sp/hard\libc_nano.a(lib_a-mlock.o)
 .debug_str     0x00000e6b      0x11b c:/program files/microchip/xc32/v2.41/bin/bin/../../lib/gcc/pic32c/6.2.1/../../../../pic32c/lib/v7e-m/fpv4-sp/hard\libc_nano.a(lib_a-nano-vfprintf_i.o)
 .debug_str     0x00000f86        0x9 c:/program files/microchip/xc32/v2.41/bin/bin/../../lib/gcc/pic32c/6.2.1/../../../../pic32c/lib/v7e-m/fpv4-sp/hard\libc_nano.a(lib_a-readr.o)
 .debug_str     0x00000f8f        0x9 c:/program files/microchip/xc32/v2.41/bin/bin/../../lib/gcc/pic32c/6.2.1/../../../../pic32c/lib/v7e-m/fpv4-sp/hard\libc_nano.a(lib_a-reent.o)
 .debug_str     0x00000f98      0x114 c:/program files/microchip/xc32/v2.41/bin/bin/../../lib/gcc/pic32c/6.2.1/../../../../pic32c/lib/v7e-m/fpv4-sp/hard\libc_nano.a(lib_a-wcrtomb.o)
 .debug_str     0x000010ac      0x114 c:/program files/microchip/xc32/v2.41/bin/bin/../../lib/gcc/pic32c/6.2.1/../../../../pic32c/lib/v7e-m/fpv4-sp/hard\libc_nano.a(lib_a-wctomb_r.o)
 .debug_str     0x000011c0      0x114 c:/program files/microchip/xc32/v2.41/bin/bin/../../lib/gcc/pic32c/6.2.1/../../../../pic32c/lib/v7e-m/fpv4-sp/hard\libc_nano.a(lib_a-ctype_.o)
 .debug_str     0x000012d4        0x0 c:/program files/microchip/xc32/v2.41/bin/bin/../../lib/gcc/pic32c/6.2.1/../../../../pic32c/lib/v7e-m/fpv4-sp/hard\libpic32c.a(_close.o)
 .debug_str     0x000012d4        0x0 c:/program files/microchip/xc32/v2.41/bin/bin/../../lib/gcc/pic32c/6.2.1/../../../../pic32c/lib/v7e-m/fpv4-sp/hard\libpic32c.a(_fstat.o)
 .debug_str     0x000012d4        0x0 c:/program files/microchip/xc32/v2.41/bin/bin/../../lib/gcc/pic32c/6.2.1/../../../../pic32c/lib/v7e-m/fpv4-sp/hard\libpic32c.a(_isatty.o)
 .debug_str     0x000012d4        0x0 c:/program files/microchip/xc32/v2.41/bin/bin/../../lib/gcc/pic32c/6.2.1/../../../../pic32c/lib/v7e-m/fpv4-sp/hard\libpic32c.a(_lseek.o)
 .debug_str     0x000012d4        0x0 c:/program files/microchip/xc32/v2.41/bin/bin/../../lib/gcc/pic32c/6.2.1/../../../../pic32c/lib/v7e-m/fpv4-sp/hard\libpic32c.a(_read.o)
 .debug_str     0x000012d4        0x0 c:/program files/microchip/xc32/v2.41/bin/bin/../../lib/gcc/pic32c/6.2.1/../../../../pic32c/lib/v7e-m/fpv4-sp/hard\libpic32c.a(sbrk.o)
 .debug_str     0x000012d4        0x0 c:/program files/microchip/xc32/v2.41/bin/bin/../../lib/gcc/pic32c/6.2.1/../../../../pic32c/lib/v7e-m/fpv4-sp/hard\libpic32c.a(_write.o)
 .debug_str     0x000012d4        0x0 c:/program files/microchip/xc32/v2.41/bin/bin/../../lib/gcc/pic32c/6.2.1/../../../../pic32c/lib/v7e-m/fpv4-sp/hard\libpic32c.a(close.o)
 .debug_str     0x000012d4        0x0 c:/program files/microchip/xc32/v2.41/bin/bin/../../lib/gcc/pic32c/6.2.1/../../../../pic32c/lib/v7e-m/fpv4-sp/hard\libpic32c.a(fstat.o)
 .debug_str     0x000012d4        0x0 c:/program files/microchip/xc32/v2.41/bin/bin/../../lib/gcc/pic32c/6.2.1/../../../../pic32c/lib/v7e-m/fpv4-sp/hard\libpic32c.a(isatty.o)
 .debug_str     0x000012d4        0x0 c:/program files/microchip/xc32/v2.41/bin/bin/../../lib/gcc/pic32c/6.2.1/../../../../pic32c/lib/v7e-m/fpv4-sp/hard\libpic32c.a(lseek.o)
 .debug_str     0x000012d4        0x0 c:/program files/microchip/xc32/v2.41/bin/bin/../../lib/gcc/pic32c/6.2.1/../../../../pic32c/lib/v7e-m/fpv4-sp/hard\libpic32c.a(read.o)
 .debug_str     0x000012d4        0x0 c:/program files/microchip/xc32/v2.41/bin/bin/../../lib/gcc/pic32c/6.2.1/../../../../pic32c/lib/v7e-m/fpv4-sp/hard\libpic32c.a(write.o)

.debug_frame    0x00000000     0x12ac
 .debug_frame   0x00000000       0x20 build/sam_e54_xpro/production/_ext/2056749927/plib_clock.o
 .debug_frame   0x00000020       0x20 build/sam_e54_xpro/production/_ext/2058899413/plib_evsys.o
 .debug_frame   0x00000040       0x50 build/sam_e54_xpro/production/_ext/348958103/plib_nvic.o
 .debug_frame   0x00000090      0x160 build/sam_e54_xpro/production/_ext/1986180951/plib_nvmctrl.o
 .debug_frame   0x000001f0       0xcc build/sam_e54_xpro/production/_ext/348904952/plib_port.o
 .debug_frame   0x000002bc       0xc8 build/sam_e54_xpro/production/_ext/1950915590/plib_rtc_clock.o
 .debug_frame   0x00000384      0x154 build/sam_e54_xpro/production/_ext/2060180706/plib_sercom2_usart.o
 .debug_frame   0x000004d8       0x50 build/sam_e54_xpro/production/_ext/498645085/xc32_monitor.o
 .debug_frame   0x00000528       0x28 build/sam_e54_xpro/production/_ext/68098787/initialization.o
 .debug_frame   0x00000550       0x20 build/sam_e54_xpro/production/_ext/68098787/interrupts.o
 .debug_frame   0x00000570       0x70 build/sam_e54_xpro/production/_ext/68098787/exceptions.o
 .debug_frame   0x000005e0       0x38 build/sam_e54_xpro/production/_ext/68098787/startup_xc32.o
 .debug_frame   0x00000618       0x48 build/sam_e54_xpro/production/_ext/1360937237/main.o
 .debug_frame   0x00000660      0x154 build/sam_e54_xpro/production/_ext/2060180706/plib_sercom7_usart.o
 .debug_frame   0x000007b4       0x2c c:/program files/microchip/xc32/v2.41/bin/bin/../../lib/gcc/pic32c/6.2.1/../../../../pic32c/lib/v7e-m/fpv4-sp/hard\libpic32c.a(data_init.o)
 .debug_frame   0x000007e0       0x2c c:/program files/microchip/xc32/v2.41/bin/bin/../../lib/gcc/pic32c/6.2.1/../../../../pic32c/lib/v7e-m/fpv4-sp/hard\libc_nano.a(lib_a-init.o)
 .debug_frame   0x0000080c       0x74 c:/program files/microchip/xc32/v2.41/bin/bin/../../lib/gcc/pic32c/6.2.1/../../../../pic32c/lib/v7e-m/fpv4-sp/hard\libc_nano.a(lib_a-printf.o)
 .debug_frame   0x00000880       0x20 c:/program files/microchip/xc32/v2.41/bin/bin/../../lib/gcc/pic32c/6.2.1/../../../../pic32c/lib/v7e-m/fpv4-sp/hard\libc_nano.a(lib_a-setbuf.o)